Archive member included to satisfy reference by file (symbol)

mesh/core/libmesh_core_nrf51422_xxAC.a(internal_event.c.obj)
                              examples/dfu/CMakeFiles/dfu_nrf51422_xxAC_s130_2.0.1.dir/__/__/mesh/serial/src/serial_handler_device.c.obj (internal_event_init)
mesh/core/libmesh_core_nrf51422_xxAC.a(nrf_mesh_configure.c.obj)
                              examples/dfu/CMakeFiles/dfu_nrf51422_xxAC_s130_2.0.1.dir/__/__/mesh/serial/src/serial_handler_config.c.obj (nrf_mesh_configure_device_uuid_set)
mesh/core/libmesh_core_nrf51422_xxAC.a(event.c.obj)
                              examples/dfu/CMakeFiles/dfu_nrf51422_xxAC_s130_2.0.1.dir/__/__/mesh/access/src/access.c.obj (event_handle)
mesh/core/libmesh_core_nrf51422_xxAC.a(packet_buffer.c.obj)
                              examples/dfu/CMakeFiles/dfu_nrf51422_xxAC_s130_2.0.1.dir/__/__/mesh/serial/src/serial_bearer.c.obj (packet_buffer_max_packet_len_get)
mesh/core/libmesh_core_nrf51422_xxAC.a(fifo.c.obj)
                              mesh/core/libmesh_core_nrf51422_xxAC.a(internal_event.c.obj) (fifo_init)
mesh/core/libmesh_core_nrf51422_xxAC.a(net_state.c.obj)
                              examples/dfu/CMakeFiles/dfu_nrf51422_xxAC_s130_2.0.1.dir/__/__/mesh/serial/src/serial_handler_mesh.c.obj (net_state_reset)
mesh/core/libmesh_core_nrf51422_xxAC.a(mesh_flash.c.obj)
                              examples/dfu/CMakeFiles/dfu_nrf51422_xxAC_s130_2.0.1.dir/__/__/mesh/dfu/src/nrf_mesh_dfu.c.obj (mesh_flash_user_callback_set)
mesh/core/libmesh_core_nrf51422_xxAC.a(nrf_mesh_utils.c.obj)
                              examples/dfu/CMakeFiles/dfu_nrf51422_xxAC_s130_2.0.1.dir/__/__/mesh/access/src/device_state_manager.c.obj (nrf_mesh_address_type_get)
mesh/core/libmesh_core_nrf51422_xxAC.a(nrf_mesh.c.obj)
                              examples/dfu/CMakeFiles/dfu_nrf51422_xxAC_s130_2.0.1.dir/__/nrf_mesh_sdk.c.obj (nrf_mesh_init)
mesh/core/libmesh_core_nrf51422_xxAC.a(hal.c.obj)
                              examples/dfu/CMakeFiles/dfu_nrf51422_xxAC_s130_2.0.1.dir/__/__/mesh/serial/src/serial_handler_device.c.obj (hal_device_reset)
mesh/core/libmesh_core_nrf51422_xxAC.a(timer_scheduler.c.obj)
                              mesh/core/libmesh_core_nrf51422_xxAC.a(nrf_mesh.c.obj) (timer_sch_init)
mesh/core/libmesh_core_nrf51422_xxAC.a(timer.c.obj)
                              mesh/core/libmesh_core_nrf51422_xxAC.a(timer_scheduler.c.obj) (timer_order_cb)
mesh/core/libmesh_core_nrf51422_xxAC.a(ticker.c.obj)
                              mesh/core/libmesh_core_nrf51422_xxAC.a(nrf_mesh.c.obj) (ticker_init)
mesh/core/libmesh_core_nrf51422_xxAC.a(rand.c.obj)
                              examples/dfu/CMakeFiles/dfu_nrf51422_xxAC_s130_2.0.1.dir/__/__/mesh/dfu/src/nrf_mesh_dfu.c.obj (rand_prng_get)
mesh/core/libmesh_core_nrf51422_xxAC.a(timeslot.c.obj)
                              mesh/core/libmesh_core_nrf51422_xxAC.a(nrf_mesh.c.obj) (timeslot_sd_event_handler)
mesh/core/libmesh_core_nrf51422_xxAC.a(bearer_event.c.obj)
                              mesh/core/libmesh_core_nrf51422_xxAC.a(nrf_mesh.c.obj) (bearer_event_init)
mesh/core/libmesh_core_nrf51422_xxAC.a(enc.c.obj)
                              examples/dfu/CMakeFiles/dfu_nrf51422_xxAC_s130_2.0.1.dir/__/__/mesh/prov/src/prov_utils.c.obj (enc_aes_cmac)
mesh/core/libmesh_core_nrf51422_xxAC.a(network.c.obj)
                              mesh/core/libmesh_core_nrf51422_xxAC.a(nrf_mesh.c.obj) (network_init)
mesh/core/libmesh_core_nrf51422_xxAC.a(msqueue.c.obj)
                              mesh/core/libmesh_core_nrf51422_xxAC.a(mesh_flash.c.obj) (msq_get)
mesh/core/libmesh_core_nrf51422_xxAC.a(nrf_mesh_keygen.c.obj)
                              examples/dfu/CMakeFiles/dfu_nrf51422_xxAC_s130_2.0.1.dir/__/__/mesh/access/src/device_state_manager.c.obj (nrf_mesh_keygen_aid)
mesh/core/libmesh_core_nrf51422_xxAC.a(log.c.obj)
                              examples/dfu/CMakeFiles/dfu_nrf51422_xxAC_s130_2.0.1.dir/src/main.c.obj (log_callback_rtt)
mesh/core/libmesh_core_nrf51422_xxAC.a(flash_manager.c.obj)
                              mesh/core/libmesh_core_nrf51422_xxAC.a(nrf_mesh.c.obj) (flash_manager_init)
mesh/core/libmesh_core_nrf51422_xxAC.a(ccm_soft.c.obj)
                              mesh/core/libmesh_core_nrf51422_xxAC.a(enc.c.obj) (ccm_soft_encrypt)
mesh/core/libmesh_core_nrf51422_xxAC.a(beacon.c.obj)
                              mesh/core/libmesh_core_nrf51422_xxAC.a(nrf_mesh.c.obj) (beacon_init)
mesh/core/libmesh_core_nrf51422_xxAC.a(flash_manager_internal.c.obj)
                              mesh/core/libmesh_core_nrf51422_xxAC.a(flash_manager.c.obj) (entry_get)
mesh/core/libmesh_core_nrf51422_xxAC.a(core_tx.c.obj)
                              mesh/core/libmesh_core_nrf51422_xxAC.a(nrf_mesh.c.obj) (core_tx_init)
mesh/core/libmesh_core_nrf51422_xxAC.a(net_beacon.c.obj)
                              mesh/core/libmesh_core_nrf51422_xxAC.a(network.c.obj) (net_beacon_init)
[...]
Memory Configuration

Name             Origin             Length             Attributes
FLASH            0x0001b000         0x0001f000         xr
RAM              0x200022d8         0x00005a28         xrw
*default*        0x00000000         0xffffffff

Linker script and memory map

LOAD c:/a/gcc_arm/6/bin/../lib/gcc/arm-none-eabi/6.3.1/thumb/v6-m/crti.o
LOAD c:/a/gcc_arm/6/bin/../lib/gcc/arm-none-eabi/6.3.1/thumb/v6-m/crtbegin.o
LOAD c:/a/gcc_arm/6/bin/../lib/gcc/arm-none-eabi/6.3.1/../../../../arm-none-eabi/lib/thumb/v6-m/crt0.o
LOAD examples/dfu/CMakeFiles/dfu_nrf51422_xxAC_s130_2.0.1.dir/src/main.c.obj
LOAD examples/dfu/CMakeFiles/dfu_nrf51422_xxAC_s130_2.0.1.dir/__/nrf_mesh_sdk.c.obj
LOAD examples/dfu/CMakeFiles/dfu_nrf51422_xxAC_s130_2.0.1.dir/__/__/mesh/access/src/access_publish.c.obj
LOAD examples/dfu/CMakeFiles/dfu_nrf51422_xxAC_s130_2.0.1.dir/__/__/mesh/access/src/access.c.obj
LOAD examples/dfu/CMakeFiles/dfu_nrf51422_xxAC_s130_2.0.1.dir/__/__/mesh/access/src/access_reliable.c.obj
LOAD examples/dfu/CMakeFiles/dfu_nrf51422_xxAC_s130_2.0.1.dir/__/__/mesh/access/src/device_state_manager.c.obj
LOAD examples/dfu/CMakeFiles/dfu_nrf51422_xxAC_s130_2.0.1.dir/__/__/mesh/serial/src/serial_uart.c.obj
LOAD examples/dfu/CMakeFiles/dfu_nrf51422_xxAC_s130_2.0.1.dir/__/__/mesh/serial/src/serial_bearer.c.obj
LOAD examples/dfu/CMakeFiles/dfu_nrf51422_xxAC_s130_2.0.1.dir/__/__/mesh/serial/src/serial_handler_common.c.obj
LOAD examples/dfu/CMakeFiles/dfu_nrf51422_xxAC_s130_2.0.1.dir/__/__/mesh/serial/src/serial_handler_access.c.obj
LOAD examples/dfu/CMakeFiles/dfu_nrf51422_xxAC_s130_2.0.1.dir/__/__/mesh/serial/src/serial_handler_config.c.obj
LOAD examples/dfu/CMakeFiles/dfu_nrf51422_xxAC_s130_2.0.1.dir/__/__/mesh/serial/src/serial_handler_openmesh.c.obj
LOAD examples/dfu/CMakeFiles/dfu_nrf51422_xxAC_s130_2.0.1.dir/__/__/mesh/serial/src/serial.c.obj
LOAD examples/dfu/CMakeFiles/dfu_nrf51422_xxAC_s130_2.0.1.dir/__/__/mesh/serial/src/serial_handler_prov.c.obj
LOAD examples/dfu/CMakeFiles/dfu_nrf51422_xxAC_s130_2.0.1.dir/__/__/mesh/serial/src/serial_handler_dfu.c.obj
LOAD examples/dfu/CMakeFiles/dfu_nrf51422_xxAC_s130_2.0.1.dir/__/__/mesh/serial/src/serial_handler_mesh.c.obj
LOAD examples/dfu/CMakeFiles/dfu_nrf51422_xxAC_s130_2.0.1.dir/__/__/mesh/serial/src/serial_handler_models.c.obj
LOAD examples/dfu/CMakeFiles/dfu_nrf51422_xxAC_s130_2.0.1.dir/__/__/mesh/serial/src/serial_handler_device.c.obj
LOAD examples/dfu/CMakeFiles/dfu_nrf51422_xxAC_s130_2.0.1.dir/__/__/mesh/serial/src/nrf_mesh_serial.c.obj
LOAD examples/dfu/CMakeFiles/dfu_nrf51422_xxAC_s130_2.0.1.dir/__/__/mesh/serial/src/serial_handler_app.c.obj
LOAD examples/dfu/CMakeFiles/dfu_nrf51422_xxAC_s130_2.0.1.dir/__/__/mesh/prov/src/prov_provisioner.c.obj
LOAD examples/dfu/CMakeFiles/dfu_nrf51422_xxAC_s130_2.0.1.dir/__/__/mesh/prov/src/prov_provisionee.c.obj
LOAD examples/dfu/CMakeFiles/dfu_nrf51422_xxAC_s130_2.0.1.dir/__/__/mesh/prov/src/nrf_mesh_prov.c.obj
LOAD examples/dfu/CMakeFiles/dfu_nrf51422_xxAC_s130_2.0.1.dir/__/__/mesh/prov/src/provisioning.c.obj
LOAD examples/dfu/CMakeFiles/dfu_nrf51422_xxAC_s130_2.0.1.dir/__/__/mesh/prov/src/prov_beacon.c.obj
LOAD examples/dfu/CMakeFiles/dfu_nrf51422_xxAC_s130_2.0.1.dir/__/__/mesh/prov/src/prov_utils.c.obj
LOAD examples/dfu/CMakeFiles/dfu_nrf51422_xxAC_s130_2.0.1.dir/__/__/mesh/prov/src/prov_bearer_adv.c.obj
LOAD examples/dfu/CMakeFiles/dfu_nrf51422_xxAC_s130_2.0.1.dir/__/__/mesh/dfu/src/nrf_mesh_dfu.c.obj
LOAD examples/dfu/CMakeFiles/dfu_nrf51422_xxAC_s130_2.0.1.dir/__/nrf_mesh_weak.c.obj
LOAD examples/dfu/CMakeFiles/dfu_nrf51422_xxAC_s130_2.0.1.dir/__/__/external/nRF5_SDK_14.0.0_3bcc1f7/components/toolchain/system_nrf51.c.obj
LOAD examples/dfu/CMakeFiles/dfu_nrf51422_xxAC_s130_2.0.1.dir/__/__/external/nRF5_SDK_14.0.0_3bcc1f7/components/toolchain/gcc/gcc_startup_nrf51.S.obj
LOAD mesh/core/libmesh_core_nrf51422_xxAC.a
LOAD external/rtt/librtt_nrf51422_xxAC.a
LOAD external/micro-ecc/libuECC_nrf51422_xxAC.a
START GROUP
LOAD c:/a/gcc_arm/6/bin/../lib/gcc/arm-none-eabi/6.3.1/thumb/v6-m\libgcc.a
LOAD c:/a/gcc_arm/6/bin/../lib/gcc/arm-none-eabi/6.3.1/../../../../arm-none-eabi/lib/thumb/v6-m\libc_nano.a
END GROUP
START GROUP
LOAD c:/a/gcc_arm/6/bin/../lib/gcc/arm-none-eabi/6.3.1/thumb/v6-m\libgcc.a
LOAD c:/a/gcc_arm/6/bin/../lib/gcc/arm-none-eabi/6.3.1/../../../../arm-none-eabi/lib/thumb/v6-m\libc_nano.a
END GROUP
LOAD c:/a/gcc_arm/6/bin/../lib/gcc/arm-none-eabi/6.3.1/thumb/v6-m/crtend.o
LOAD c:/a/gcc_arm/6/bin/../lib/gcc/arm-none-eabi/6.3.1/thumb/v6-m/crtn.o
START GROUP
LOAD c:/a/gcc_arm/6/bin/../lib/gcc/arm-none-eabi/6.3.1/thumb/v6-m\libgcc.a
LOAD c:/a/gcc_arm/6/bin/../lib/gcc/arm-none-eabi/6.3.1/../../../../arm-none-eabi/lib/thumb/v6-m\libc.a
LOAD c:/a/gcc_arm/6/bin/../lib/gcc/arm-none-eabi/6.3.1/../../../../arm-none-eabi/lib/thumb/v6-m\libnosys.a
END GROUP

.text           0x0001b000    0x12d74
 *(.isr_vector)
 .isr_vector    0x0001b000       0xc0 examples/dfu/CMakeFiles/dfu_nrf51422_xxAC_s130_2.0.1.dir/__/__/external/nRF5_SDK_14.0.0_3bcc1f7/components/toolchain/gcc/gcc_startup_nrf51.S.obj
                0x0001b000                __isr_vector
 *(.text*)
 .text          0x0001b0c0       0x60 c:/a/gcc_arm/6/bin/../lib/gcc/arm-none-eabi/6.3.1/thumb/v6-m/crtbegin.o
 .text          0x0001b120       0x78 c:/a/gcc_arm/6/bin/../lib/gcc/arm-none-eabi/6.3.1/../../../../arm-none-eabi/lib/thumb/v6-m/crt0.o
                0x0001b120                _start
                0x0001b120                _mainCRTStartup
 .text.mesh_evt_handler
                0x0001b198       0xfc examples/dfu/CMakeFiles/dfu_nrf51422_xxAC_s130_2.0.1.dir/src/main.c.obj
 .text.startup.main
                0x0001b294      0x30c examples/dfu/CMakeFiles/dfu_nrf51422_xxAC_s130_2.0.1.dir/src/main.c.obj
                0x0001b294                main
 .text.sd_evt_get
                0x0001b5a0        0x4 examples/dfu/CMakeFiles/dfu_nrf51422_xxAC_s130_2.0.1.dir/__/nrf_mesh_sdk.c.obj
 .text.sd_softdevice_enable
                0x0001b5a4        0x4 examples/dfu/CMakeFiles/dfu_nrf51422_xxAC_s130_2.0.1.dir/__/nrf_mesh_sdk.c.obj
 .text.sd_ble_enable
                0x0001b5a8        0x4 examples/dfu/CMakeFiles/dfu_nrf51422_xxAC_s130_2.0.1.dir/__/nrf_mesh_sdk.c.obj
 .text.sd_ble_evt_get
                0x0001b5ac        0x4 examples/dfu/CMakeFiles/dfu_nrf51422_xxAC_s130_2.0.1.dir/__/nrf_mesh_sdk.c.obj
 .text.sleep_forever
                0x0001b5b0       0x24 examples/dfu/CMakeFiles/dfu_nrf51422_xxAC_s130_2.0.1.dir/__/nrf_mesh_sdk.c.obj
 .text.mesh_assert_handler
                0x0001b5d4       0x64 examples/dfu/CMakeFiles/dfu_nrf51422_xxAC_s130_2.0.1.dir/__/nrf_mesh_sdk.c.obj
                0x0001b5d4                mesh_assert_handler
 .text.softdevice_assert_handler
                0x0001b638       0x7c examples/dfu/CMakeFiles/dfu_nrf51422_xxAC_s130_2.0.1.dir/__/nrf_mesh_sdk.c.obj
                0x0001b638                softdevice_assert_handler
 .text.app_error_handler
                0x0001b6b4       0x7c examples/dfu/CMakeFiles/dfu_nrf51422_xxAC_s130_2.0.1.dir/__/nrf_mesh_sdk.c.obj
                0x0001b6b4                app_error_handler
 .text.HardFault_Handler
                0x0001b730       0x60 examples/dfu/CMakeFiles/dfu_nrf51422_xxAC_s130_2.0.1.dir/__/nrf_mesh_sdk.c.obj
                0x0001b730                HardFault_Handler
 .text.SWI2_IRQHandler
                0x0001b790       0x38 examples/dfu/CMakeFiles/dfu_nrf51422_xxAC_s130_2.0.1.dir/__/nrf_mesh_sdk.c.obj
                0x0001b790                SWI2_IRQHandler
 .text.mesh_softdevice_enable
                0x0001b7c8      0x12c examples/dfu/CMakeFiles/dfu_nrf51422_xxAC_s130_2.0.1.dir/__/nrf_mesh_sdk.c.obj
                0x0001b7c8                mesh_softdevice_enable
 .text.mesh_softdevice_setup
                0x0001b8f4       0x80 examples/dfu/CMakeFiles/dfu_nrf51422_xxAC_s130_2.0.1.dir/__/nrf_mesh_sdk.c.obj
                0x0001b8f4                mesh_softdevice_setup
 .text.mesh_core_setup
                0x0001b974      0x158 examples/dfu/CMakeFiles/dfu_nrf51422_xxAC_s130_2.0.1.dir/__/nrf_mesh_sdk.c.obj
                0x0001b974                mesh_core_setup
 .text.add_to_publication_list
                0x0001bacc       0x60 examples/dfu/CMakeFiles/dfu_nrf51422_xxAC_s130_2.0.1.dir/__/__/mesh/access/src/access_publish.c.obj
 .text.step_resolution_to_us
                0x0001bb2c       0x48 examples/dfu/CMakeFiles/dfu_nrf51422_xxAC_s130_2.0.1.dir/__/__/mesh/access/src/access_publish.c.obj
 .text.schedule_publication_timer
                0x0001bb74      0x16c examples/dfu/CMakeFiles/dfu_nrf51422_xxAC_s130_2.0.1.dir/__/__/mesh/access/src/access_publish.c.obj
 .text.access_publish_period_set
                0x0001bce0       0x84 examples/dfu/CMakeFiles/dfu_nrf51422_xxAC_s130_2.0.1.dir/__/__/mesh/access/src/access_publish.c.obj
                0x0001bce0                access_publish_period_set
 .text.access_publish_period_get
                0x0001bd64       0x30 examples/dfu/CMakeFiles/dfu_nrf51422_xxAC_s130_2.0.1.dir/__/__/mesh/access/src/access_publish.c.obj
                0x0001bd64                access_publish_period_get
 .text.bitfield_get
                0x0001bd94       0x18 examples/dfu/CMakeFiles/dfu_nrf51422_xxAC_s130_2.0.1.dir/__/__/mesh/access/src/access.c.obj
 .text.model_handle_valid_and_allocated
                0x0001bdac       0x20 examples/dfu/CMakeFiles/dfu_nrf51422_xxAC_s130_2.0.1.dir/__/__/mesh/access/src/access.c.obj
 .text.flash_manager_mem_available
                0x0001bdcc        0x6 examples/dfu/CMakeFiles/dfu_nrf51422_xxAC_s130_2.0.1.dir/__/__/mesh/access/src/access.c.obj
 *fill*         0x0001bdd2        0x2 
 .text.access_flash_config_clear
                0x0001bdd4       0x28 examples/dfu/CMakeFiles/dfu_nrf51422_xxAC_s130_2.0.1.dir/__/__/mesh/access/src/access.c.obj
 .text.access_flash_config_store
                0x0001bdfc      0x144 examples/dfu/CMakeFiles/dfu_nrf51422_xxAC_s130_2.0.1.dir/__/__/mesh/access/src/access.c.obj
                0x0001bdfc                access_flash_config_store
 .text.access_state_clear
                0x0001bf40       0x4c examples/dfu/CMakeFiles/dfu_nrf51422_xxAC_s130_2.0.1.dir/__/__/mesh/access/src/access.c.obj
 .text.access_clear
                0x0001bf8c       0x10 examples/dfu/CMakeFiles/dfu_nrf51422_xxAC_s130_2.0.1.dir/__/__/mesh/access/src/access.c.obj
                0x0001bf8c                access_clear
 .text.access_model_publish_address_set
                0x0001bf9c       0x3c examples/dfu/CMakeFiles/dfu_nrf51422_xxAC_s130_2.0.1.dir/__/__/mesh/access/src/access.c.obj
                0x0001bf9c                access_model_publish_address_set
 .text.access_model_publish_address_get
                0x0001bfd8       0x2c examples/dfu/CMakeFiles/dfu_nrf51422_xxAC_s130_2.0.1.dir/__/__/mesh/access/src/access.c.obj
                0x0001bfd8                access_model_publish_address_get
 .text.access_model_publish_period_set
                0x0001c004       0x80 examples/dfu/CMakeFiles/dfu_nrf51422_xxAC_s130_2.0.1.dir/__/__/mesh/access/src/access.c.obj
                0x0001c004                access_model_publish_period_set
 .text.access_model_publish_period_get
                0x0001c084       0x44 examples/dfu/CMakeFiles/dfu_nrf51422_xxAC_s130_2.0.1.dir/__/__/mesh/access/src/access.c.obj
                0x0001c084                access_model_publish_period_get
 .text.access_model_subscription_add
                0x0001c0c8       0x5c examples/dfu/CMakeFiles/dfu_nrf51422_xxAC_s130_2.0.1.dir/__/__/mesh/access/src/access.c.obj
                0x0001c0c8                access_model_subscription_add
 .text.access_model_subscription_remove
                0x0001c124       0x5c examples/dfu/CMakeFiles/dfu_nrf51422_xxAC_s130_2.0.1.dir/__/__/mesh/access/src/access.c.obj
                0x0001c124                access_model_subscription_remove
 .text.access_model_subscriptions_get
                0x0001c180       0x7c examples/dfu/CMakeFiles/dfu_nrf51422_xxAC_s130_2.0.1.dir/__/__/mesh/access/src/access.c.obj
                0x0001c180                access_model_subscriptions_get
 .text.access_model_application_bind
                0x0001c1fc       0x50 examples/dfu/CMakeFiles/dfu_nrf51422_xxAC_s130_2.0.1.dir/__/__/mesh/access/src/access.c.obj
                0x0001c1fc                access_model_application_bind
 .text.access_model_application_unbind
                0x0001c24c       0x50 examples/dfu/CMakeFiles/dfu_nrf51422_xxAC_s130_2.0.1.dir/__/__/mesh/access/src/access.c.obj
                0x0001c24c                access_model_application_unbind
 .text.access_model_applications_get
                0x0001c29c       0x60 examples/dfu/CMakeFiles/dfu_nrf51422_xxAC_s130_2.0.1.dir/__/__/mesh/access/src/access.c.obj
                0x0001c29c                access_model_applications_get
 .text.access_model_publish_application_set
                0x0001c2fc       0x3c examples/dfu/CMakeFiles/dfu_nrf51422_xxAC_s130_2.0.1.dir/__/__/mesh/access/src/access.c.obj
                0x0001c2fc                access_model_publish_application_set
 .text.access_model_publish_application_get
                0x0001c338       0x2c examples/dfu/CMakeFiles/dfu_nrf51422_xxAC_s130_2.0.1.dir/__/__/mesh/access/src/access.c.obj
                0x0001c338                access_model_publish_application_get
 .text.access_model_publish_ttl_set
                0x0001c364       0x44 examples/dfu/CMakeFiles/dfu_nrf51422_xxAC_s130_2.0.1.dir/__/__/mesh/access/src/access.c.obj
                0x0001c364                access_model_publish_ttl_set
 .text.access_model_publish_ttl_get
                0x0001c3a8       0x2c examples/dfu/CMakeFiles/dfu_nrf51422_xxAC_s130_2.0.1.dir/__/__/mesh/access/src/access.c.obj
                0x0001c3a8                access_model_publish_ttl_get
 .text.access_element_location_set
                0x0001c3d4       0x28 examples/dfu/CMakeFiles/dfu_nrf51422_xxAC_s130_2.0.1.dir/__/__/mesh/access/src/access.c.obj
                0x0001c3d4                access_element_location_set
 .text.access_element_location_get
                0x0001c3fc       0x1c examples/dfu/CMakeFiles/dfu_nrf51422_xxAC_s130_2.0.1.dir/__/__/mesh/access/src/access.c.obj
                0x0001c3fc                access_element_location_get
 .text.access_element_sig_model_count_get
                0x0001c418       0x1c examples/dfu/CMakeFiles/dfu_nrf51422_xxAC_s130_2.0.1.dir/__/__/mesh/access/src/access.c.obj
                0x0001c418                access_element_sig_model_count_get
 .text.access_element_vendor_model_count_get
                0x0001c434       0x1c examples/dfu/CMakeFiles/dfu_nrf51422_xxAC_s130_2.0.1.dir/__/__/mesh/access/src/access.c.obj
                0x0001c434                access_element_vendor_model_count_get
 .text.access_model_id_get
                0x0001c450       0x38 examples/dfu/CMakeFiles/dfu_nrf51422_xxAC_s130_2.0.1.dir/__/__/mesh/access/src/access.c.obj
                0x0001c450                access_model_id_get
 .text.access_handle_get
                0x0001c488       0x54 examples/dfu/CMakeFiles/dfu_nrf51422_xxAC_s130_2.0.1.dir/__/__/mesh/access/src/access.c.obj
                0x0001c488                access_handle_get
 .text.access_element_models_get
                0x0001c4dc       0x60 examples/dfu/CMakeFiles/dfu_nrf51422_xxAC_s130_2.0.1.dir/__/__/mesh/access/src/access.c.obj
                0x0001c4dc                access_element_models_get
 .text.access_reliable_cancel_all
                0x0001c53c       0x34 examples/dfu/CMakeFiles/dfu_nrf51422_xxAC_s130_2.0.1.dir/__/__/mesh/access/src/access_reliable.c.obj
                0x0001c53c                access_reliable_cancel_all
 .text.bitfield_get
                0x0001c570       0x18 examples/dfu/CMakeFiles/dfu_nrf51422_xxAC_s130_2.0.1.dir/__/__/mesh/access/src/device_state_manager.c.obj
 .text.bitfield_set
                0x0001c588       0x16 examples/dfu/CMakeFiles/dfu_nrf51422_xxAC_s130_2.0.1.dir/__/__/mesh/access/src/device_state_manager.c.obj
 .text.bitfield_clear
                0x0001c59e       0x16 examples/dfu/CMakeFiles/dfu_nrf51422_xxAC_s130_2.0.1.dir/__/__/mesh/access/src/device_state_manager.c.obj
 .text.address_handle_virtual_valid
                0x0001c5b4       0x1c examples/dfu/CMakeFiles/dfu_nrf51422_xxAC_s130_2.0.1.dir/__/__/mesh/access/src/device_state_manager.c.obj
 .text.net_key_handle_get
                0x0001c5d0       0x4c examples/dfu/CMakeFiles/dfu_nrf51422_xxAC_s130_2.0.1.dir/__/__/mesh/access/src/device_state_manager.c.obj
 .text.dev_key_handle_get
                0x0001c61c       0x34 examples/dfu/CMakeFiles/dfu_nrf51422_xxAC_s130_2.0.1.dir/__/__/mesh/access/src/device_state_manager.c.obj
 .text.app_key_handle_get
                0x0001c650       0x4c examples/dfu/CMakeFiles/dfu_nrf51422_xxAC_s130_2.0.1.dir/__/__/mesh/access/src/device_state_manager.c.obj
 .text.addr_nonvirtual_to_flash_entry
                0x0001c69c       0x10 examples/dfu/CMakeFiles/dfu_nrf51422_xxAC_s130_2.0.1.dir/__/__/mesh/access/src/device_state_manager.c.obj
 .text.flash_mem_listener_callback
                0x0001c6ac       0x20 examples/dfu/CMakeFiles/dfu_nrf51422_xxAC_s130_2.0.1.dir/__/__/mesh/access/src/device_state_manager.c.obj
 .text.devkey_set
                0x0001c6cc       0x4c examples/dfu/CMakeFiles/dfu_nrf51422_xxAC_s130_2.0.1.dir/__/__/mesh/access/src/device_state_manager.c.obj
 .text.devkey_to_dsm_entry
                0x0001c718       0x14 examples/dfu/CMakeFiles/dfu_nrf51422_xxAC_s130_2.0.1.dir/__/__/mesh/access/src/device_state_manager.c.obj
 .text.devkey_to_flash_entry
                0x0001c72c       0x28 examples/dfu/CMakeFiles/dfu_nrf51422_xxAC_s130_2.0.1.dir/__/__/mesh/access/src/device_state_manager.c.obj
 .text.appkey_to_flash_entry
                0x0001c754       0x28 examples/dfu/CMakeFiles/dfu_nrf51422_xxAC_s130_2.0.1.dir/__/__/mesh/access/src/device_state_manager.c.obj
 .text.subnet_to_flash_entry
                0x0001c77c       0x20 examples/dfu/CMakeFiles/dfu_nrf51422_xxAC_s130_2.0.1.dir/__/__/mesh/access/src/device_state_manager.c.obj
 .text.addr_virtual_to_flash_entry
                0x0001c79c       0x1c examples/dfu/CMakeFiles/dfu_nrf51422_xxAC_s130_2.0.1.dir/__/__/mesh/access/src/device_state_manager.c.obj
 .text.addr_unicast_to_dsm_entry
                0x0001c7b8       0x10 examples/dfu/CMakeFiles/dfu_nrf51422_xxAC_s130_2.0.1.dir/__/__/mesh/access/src/device_state_manager.c.obj
 .text.addr_unicast_to_flash_entry
                0x0001c7c8       0x14 examples/dfu/CMakeFiles/dfu_nrf51422_xxAC_s130_2.0.1.dir/__/__/mesh/access/src/device_state_manager.c.obj
 .text.appkey_set
                0x0001c7dc       0x74 examples/dfu/CMakeFiles/dfu_nrf51422_xxAC_s130_2.0.1.dir/__/__/mesh/access/src/device_state_manager.c.obj
 .text.appkey_to_dsm_entry
                0x0001c850       0x12 examples/dfu/CMakeFiles/dfu_nrf51422_xxAC_s130_2.0.1.dir/__/__/mesh/access/src/device_state_manager.c.obj
 *fill*         0x0001c862        0x2 
 .text.subnet_set
                0x0001c864       0xa0 examples/dfu/CMakeFiles/dfu_nrf51422_xxAC_s130_2.0.1.dir/__/__/mesh/access/src/device_state_manager.c.obj
 .text.subnet_to_dsm_entry
                0x0001c904       0x10 examples/dfu/CMakeFiles/dfu_nrf51422_xxAC_s130_2.0.1.dir/__/__/mesh/access/src/device_state_manager.c.obj
 .text.virtual_address_set
                0x0001c914       0x58 examples/dfu/CMakeFiles/dfu_nrf51422_xxAC_s130_2.0.1.dir/__/__/mesh/access/src/device_state_manager.c.obj
 .text.addr_virtual_to_dsm_entry
                0x0001c96c       0x10 examples/dfu/CMakeFiles/dfu_nrf51422_xxAC_s130_2.0.1.dir/__/__/mesh/access/src/device_state_manager.c.obj
 .text.flash_save
                0x0001c97c       0x88 examples/dfu/CMakeFiles/dfu_nrf51422_xxAC_s130_2.0.1.dir/__/__/mesh/access/src/device_state_manager.c.obj
 .text.flash_invalidate
                0x0001ca04       0x6c examples/dfu/CMakeFiles/dfu_nrf51422_xxAC_s130_2.0.1.dir/__/__/mesh/access/src/device_state_manager.c.obj
 .text.reset_flash_area
                0x0001ca70       0x28 examples/dfu/CMakeFiles/dfu_nrf51422_xxAC_s130_2.0.1.dir/__/__/mesh/access/src/device_state_manager.c.obj
 .text.virtual_address_uuid_index_get
                0x0001ca98       0x58 examples/dfu/CMakeFiles/dfu_nrf51422_xxAC_s130_2.0.1.dir/__/__/mesh/access/src/device_state_manager.c.obj
 .text.add_address_virtual
                0x0001caf0       0x80 examples/dfu/CMakeFiles/dfu_nrf51422_xxAC_s130_2.0.1.dir/__/__/mesh/access/src/device_state_manager.c.obj
 .text.get_subnet_handle
                0x0001cb70       0x44 examples/dfu/CMakeFiles/dfu_nrf51422_xxAC_s130_2.0.1.dir/__/__/mesh/access/src/device_state_manager.c.obj
 .text.get_app_handle
                0x0001cbb4       0x50 examples/dfu/CMakeFiles/dfu_nrf51422_xxAC_s130_2.0.1.dir/__/__/mesh/access/src/device_state_manager.c.obj
 .text.add_address.part.5
                0x0001cc04      0x150 examples/dfu/CMakeFiles/dfu_nrf51422_xxAC_s130_2.0.1.dir/__/__/mesh/access/src/device_state_manager.c.obj
 .text.address_handle_valid
                0x0001cd54       0x28 examples/dfu/CMakeFiles/dfu_nrf51422_xxAC_s130_2.0.1.dir/__/__/mesh/access/src/device_state_manager.c.obj
 .text.address_handle_nonvirtual_valid
                0x0001cd7c       0x18 examples/dfu/CMakeFiles/dfu_nrf51422_xxAC_s130_2.0.1.dir/__/__/mesh/access/src/device_state_manager.c.obj
 .text.address_delete_if_unused
                0x0001cd94       0x7c examples/dfu/CMakeFiles/dfu_nrf51422_xxAC_s130_2.0.1.dir/__/__/mesh/access/src/device_state_manager.c.obj
 .text.addr_nonvirtual_to_dsm_entry
                0x0001ce10       0x34 examples/dfu/CMakeFiles/dfu_nrf51422_xxAC_s130_2.0.1.dir/__/__/mesh/access/src/device_state_manager.c.obj
 .text.dsm_clear
                0x0001ce44       0x74 examples/dfu/CMakeFiles/dfu_nrf51422_xxAC_s130_2.0.1.dir/__/__/mesh/access/src/device_state_manager.c.obj
                0x0001ce44                dsm_clear
 .text.dsm_local_unicast_addresses_set
                0x0001ceb8       0x74 examples/dfu/CMakeFiles/dfu_nrf51422_xxAC_s130_2.0.1.dir/__/__/mesh/access/src/device_state_manager.c.obj
                0x0001ceb8                dsm_local_unicast_addresses_set
 .text.dsm_local_unicast_addresses_get
                0x0001cf2c       0x2c examples/dfu/CMakeFiles/dfu_nrf51422_xxAC_s130_2.0.1.dir/__/__/mesh/access/src/device_state_manager.c.obj
                0x0001cf2c                dsm_local_unicast_addresses_get
 .text.dsm_address_publish_add
                0x0001cf58       0x14 examples/dfu/CMakeFiles/dfu_nrf51422_xxAC_s130_2.0.1.dir/__/__/mesh/access/src/device_state_manager.c.obj
                0x0001cf58                dsm_address_publish_add
 .text.dsm_address_publish_virtual_add
                0x0001cf6c        0xa examples/dfu/CMakeFiles/dfu_nrf51422_xxAC_s130_2.0.1.dir/__/__/mesh/access/src/device_state_manager.c.obj
                0x0001cf6c                dsm_address_publish_virtual_add
 *fill*         0x0001cf76        0x2 
 .text.dsm_address_publish_remove
                0x0001cf78       0x44 examples/dfu/CMakeFiles/dfu_nrf51422_xxAC_s130_2.0.1.dir/__/__/mesh/access/src/device_state_manager.c.obj
                0x0001cf78                dsm_address_publish_remove
 .text.dsm_address_subscription_add
                0x0001cfbc       0x14 examples/dfu/CMakeFiles/dfu_nrf51422_xxAC_s130_2.0.1.dir/__/__/mesh/access/src/device_state_manager.c.obj
                0x0001cfbc                dsm_address_subscription_add
 .text.dsm_address_subscription_virtual_add
                0x0001cfd0        0xa examples/dfu/CMakeFiles/dfu_nrf51422_xxAC_s130_2.0.1.dir/__/__/mesh/access/src/device_state_manager.c.obj
                0x0001cfd0                dsm_address_subscription_virtual_add
 *fill*         0x0001cfda        0x2 
 .text.dsm_address_subscription_get
                0x0001cfdc       0x34 examples/dfu/CMakeFiles/dfu_nrf51422_xxAC_s130_2.0.1.dir/__/__/mesh/access/src/device_state_manager.c.obj
                0x0001cfdc                dsm_address_subscription_get
 .text.dsm_address_get
                0x0001d010       0x60 examples/dfu/CMakeFiles/dfu_nrf51422_xxAC_s130_2.0.1.dir/__/__/mesh/access/src/device_state_manager.c.obj
                0x0001d010                dsm_address_get
 .text.dsm_address_subscription_remove
                0x0001d070       0x64 examples/dfu/CMakeFiles/dfu_nrf51422_xxAC_s130_2.0.1.dir/__/__/mesh/access/src/device_state_manager.c.obj
                0x0001d070                dsm_address_subscription_remove
 .text.dsm_address_get_all
                0x0001d0d4       0x68 examples/dfu/CMakeFiles/dfu_nrf51422_xxAC_s130_2.0.1.dir/__/__/mesh/access/src/device_state_manager.c.obj
                0x0001d0d4                dsm_address_get_all
 .text.dsm_address_handle_get
                0x0001d13c       0x98 examples/dfu/CMakeFiles/dfu_nrf51422_xxAC_s130_2.0.1.dir/__/__/mesh/access/src/device_state_manager.c.obj
                0x0001d13c                dsm_address_handle_get
 .text.dsm_subnet_handle_get
                0x0001d1d4       0x14 examples/dfu/CMakeFiles/dfu_nrf51422_xxAC_s130_2.0.1.dir/__/__/mesh/access/src/device_state_manager.c.obj
                0x0001d1d4                dsm_subnet_handle_get
 .text.dsm_appkey_handle_get
                0x0001d1e8       0x14 examples/dfu/CMakeFiles/dfu_nrf51422_xxAC_s130_2.0.1.dir/__/__/mesh/access/src/device_state_manager.c.obj
                0x0001d1e8                dsm_appkey_handle_get
 .text.dsm_subnet_add
                0x0001d1fc       0x60 examples/dfu/CMakeFiles/dfu_nrf51422_xxAC_s130_2.0.1.dir/__/__/mesh/access/src/device_state_manager.c.obj
                0x0001d1fc                dsm_subnet_add
 .text.dsm_subnet_update
                0x0001d25c       0x44 examples/dfu/CMakeFiles/dfu_nrf51422_xxAC_s130_2.0.1.dir/__/__/mesh/access/src/device_state_manager.c.obj
                0x0001d25c                dsm_subnet_update
 .text.dsm_subnet_get_all
                0x0001d2a0       0x58 examples/dfu/CMakeFiles/dfu_nrf51422_xxAC_s130_2.0.1.dir/__/__/mesh/access/src/device_state_manager.c.obj
                0x0001d2a0                dsm_subnet_get_all
 .text.dsm_devkey_add
                0x0001d2f8       0x7c examples/dfu/CMakeFiles/dfu_nrf51422_xxAC_s130_2.0.1.dir/__/__/mesh/access/src/device_state_manager.c.obj
                0x0001d2f8                dsm_devkey_add
 .text.dsm_devkey_delete
                0x0001d374       0x3c examples/dfu/CMakeFiles/dfu_nrf51422_xxAC_s130_2.0.1.dir/__/__/mesh/access/src/device_state_manager.c.obj
                0x0001d374                dsm_devkey_delete
 .text.dsm_appkey_add
                0x0001d3b0       0x7c examples/dfu/CMakeFiles/dfu_nrf51422_xxAC_s130_2.0.1.dir/__/__/mesh/access/src/device_state_manager.c.obj
                0x0001d3b0                dsm_appkey_add
 .text.dsm_appkey_update
                0x0001d42c       0x48 examples/dfu/CMakeFiles/dfu_nrf51422_xxAC_s130_2.0.1.dir/__/__/mesh/access/src/device_state_manager.c.obj
                0x0001d42c                dsm_appkey_update
 .text.dsm_appkey_delete
                0x0001d474       0x34 examples/dfu/CMakeFiles/dfu_nrf51422_xxAC_s130_2.0.1.dir/__/__/mesh/access/src/device_state_manager.c.obj
                0x0001d474                dsm_appkey_delete
 .text.dsm_subnet_delete
                0x0001d4a8       0xa8 examples/dfu/CMakeFiles/dfu_nrf51422_xxAC_s130_2.0.1.dir/__/__/mesh/access/src/device_state_manager.c.obj
                0x0001d4a8                dsm_subnet_delete
 .text.dsm_appkey_get_all
                0x0001d550       0x78 examples/dfu/CMakeFiles/dfu_nrf51422_xxAC_s130_2.0.1.dir/__/__/mesh/access/src/device_state_manager.c.obj
                0x0001d550                dsm_appkey_get_all
 .text.dsm_tx_secmat_get
                0x0001d5c8       0xf8 examples/dfu/CMakeFiles/dfu_nrf51422_xxAC_s130_2.0.1.dir/__/__/mesh/access/src/device_state_manager.c.obj
                0x0001d5c8                dsm_tx_secmat_get
 .text.nrf_mesh_net_secmat_next_get
                0x0001d6c0       0x70 examples/dfu/CMakeFiles/dfu_nrf51422_xxAC_s130_2.0.1.dir/__/__/mesh/access/src/device_state_manager.c.obj
                0x0001d6c0                nrf_mesh_net_secmat_next_get
 .text.nrf_mesh_app_secmat_next_get
                0x0001d730       0xa0 examples/dfu/CMakeFiles/dfu_nrf51422_xxAC_s130_2.0.1.dir/__/__/mesh/access/src/device_state_manager.c.obj
                0x0001d730                nrf_mesh_app_secmat_next_get
 .text.nrf_mesh_devkey_secmat_get
                0x0001d7d0       0x34 examples/dfu/CMakeFiles/dfu_nrf51422_xxAC_s130_2.0.1.dir/__/__/mesh/access/src/device_state_manager.c.obj
                0x0001d7d0                nrf_mesh_devkey_secmat_get
 .text.nrf_mesh_beacon_info_next_get
                0x0001d804       0xc0 examples/dfu/CMakeFiles/dfu_nrf51422_xxAC_s130_2.0.1.dir/__/__/mesh/access/src/device_state_manager.c.obj
                0x0001d804                nrf_mesh_beacon_info_next_get
 .text.nrf_mesh_rx_address_get
                0x0001d8c4      0x108 examples/dfu/CMakeFiles/dfu_nrf51422_xxAC_s130_2.0.1.dir/__/__/mesh/access/src/device_state_manager.c.obj
                0x0001d8c4                nrf_mesh_rx_address_get
 .text.serial_uart_init
                0x0001d9cc       0xd0 examples/dfu/CMakeFiles/dfu_nrf51422_xxAC_s130_2.0.1.dir/__/__/mesh/serial/src/serial_uart.c.obj
                0x0001d9cc                serial_uart_init
 .text.serial_uart_process
                0x0001da9c       0x5c examples/dfu/CMakeFiles/dfu_nrf51422_xxAC_s130_2.0.1.dir/__/__/mesh/serial/src/serial_uart.c.obj
                0x0001da9c                serial_uart_process
 .text.UART0_IRQHandler
                0x0001daf8        0x8 examples/dfu/CMakeFiles/dfu_nrf51422_xxAC_s130_2.0.1.dir/__/__/mesh/serial/src/serial_uart.c.obj
                0x0001daf8                UART0_IRQHandler
 .text.serial_uart_receive_set
                0x0001db00        0xc examples/dfu/CMakeFiles/dfu_nrf51422_xxAC_s130_2.0.1.dir/__/__/mesh/serial/src/serial_uart.c.obj
                0x0001db00                serial_uart_receive_set
 .text.do_transmit
                0x0001db0c       0x50 examples/dfu/CMakeFiles/dfu_nrf51422_xxAC_s130_2.0.1.dir/__/__/mesh/serial/src/serial_bearer.c.obj
 .text.char_tx  0x0001db5c       0x8c examples/dfu/CMakeFiles/dfu_nrf51422_xxAC_s130_2.0.1.dir/__/__/mesh/serial/src/serial_bearer.c.obj
 .text.serial_bearer_init
                0x0001dbe8       0x84 examples/dfu/CMakeFiles/dfu_nrf51422_xxAC_s130_2.0.1.dir/__/__/mesh/serial/src/serial_bearer.c.obj
                0x0001dbe8                serial_bearer_init
 .text.serial_bearer_packet_buffer_get
                0x0001dc6c       0x24 examples/dfu/CMakeFiles/dfu_nrf51422_xxAC_s130_2.0.1.dir/__/__/mesh/serial/src/serial_bearer.c.obj
                0x0001dc6c                serial_bearer_packet_buffer_get
 .text.serial_bearer_blocking_buffer_get
                0x0001dc90       0x3c examples/dfu/CMakeFiles/dfu_nrf51422_xxAC_s130_2.0.1.dir/__/__/mesh/serial/src/serial_bearer.c.obj
                0x0001dc90                serial_bearer_blocking_buffer_get
 .text.serial_bearer_tx
                0x0001dccc       0x70 examples/dfu/CMakeFiles/dfu_nrf51422_xxAC_s130_2.0.1.dir/__/__/mesh/serial/src/serial_bearer.c.obj
                0x0001dccc                serial_bearer_tx
 .text.send_cmd_response.constprop.5
                0x0001dd3c       0x26 examples/dfu/CMakeFiles/dfu_nrf51422_xxAC_s130_2.0.1.dir/__/__/mesh/serial/src/serial_bearer.c.obj
 *fill*         0x0001dd62        0x2 
 .text.char_rx  0x0001dd64       0xa0 examples/dfu/CMakeFiles/dfu_nrf51422_xxAC_s130_2.0.1.dir/__/__/mesh/serial/src/serial_bearer.c.obj
 .text.serial_bearer_rx_get
                0x0001de04       0x38 examples/dfu/CMakeFiles/dfu_nrf51422_xxAC_s130_2.0.1.dir/__/__/mesh/serial/src/serial_bearer.c.obj
                0x0001de04                serial_bearer_rx_get
 .text.serial_handler_common_cmd_rsp_nodata_on_error
                0x0001de3c       0x2c examples/dfu/CMakeFiles/dfu_nrf51422_xxAC_s130_2.0.1.dir/__/__/mesh/serial/src/serial_handler_common.c.obj
                0x0001de3c                serial_handler_common_cmd_rsp_nodata_on_error
 .text.serial_handler_common_rx
                0x0001de68       0x4c examples/dfu/CMakeFiles/dfu_nrf51422_xxAC_s130_2.0.1.dir/__/__/mesh/serial/src/serial_handler_common.c.obj
                0x0001de68                serial_handler_common_rx
 .text.access_flash_store
                0x0001deb4       0x16 examples/dfu/CMakeFiles/dfu_nrf51422_xxAC_s130_2.0.1.dir/__/__/mesh/serial/src/serial_handler_access.c.obj
 .text.elem_models_get
                0x0001deca       0x44 examples/dfu/CMakeFiles/dfu_nrf51422_xxAC_s130_2.0.1.dir/__/__/mesh/serial/src/serial_handler_access.c.obj
 .text.handle_get
                0x0001df0e       0x36 examples/dfu/CMakeFiles/dfu_nrf51422_xxAC_s130_2.0.1.dir/__/__/mesh/serial/src/serial_handler_access.c.obj
 .text.model_id_get
                0x0001df44       0x20 examples/dfu/CMakeFiles/dfu_nrf51422_xxAC_s130_2.0.1.dir/__/__/mesh/serial/src/serial_handler_access.c.obj
 .text.elem_vendor_model_cnt_get
                0x0001df64       0x20 examples/dfu/CMakeFiles/dfu_nrf51422_xxAC_s130_2.0.1.dir/__/__/mesh/serial/src/serial_handler_access.c.obj
 .text.elem_sig_model_cnt_get
                0x0001df84       0x20 examples/dfu/CMakeFiles/dfu_nrf51422_xxAC_s130_2.0.1.dir/__/__/mesh/serial/src/serial_handler_access.c.obj
 .text.elem_loc_get
                0x0001dfa4       0x20 examples/dfu/CMakeFiles/dfu_nrf51422_xxAC_s130_2.0.1.dir/__/__/mesh/serial/src/serial_handler_access.c.obj
 .text.elem_loc_set
                0x0001dfc4       0x2c examples/dfu/CMakeFiles/dfu_nrf51422_xxAC_s130_2.0.1.dir/__/__/mesh/serial/src/serial_handler_access.c.obj
 .text.model_pub_ttl_get
                0x0001dff0       0x20 examples/dfu/CMakeFiles/dfu_nrf51422_xxAC_s130_2.0.1.dir/__/__/mesh/serial/src/serial_handler_access.c.obj
 .text.model_pub_ttl_set
                0x0001e010       0x26 examples/dfu/CMakeFiles/dfu_nrf51422_xxAC_s130_2.0.1.dir/__/__/mesh/serial/src/serial_handler_access.c.obj
 .text.model_pub_app_get
                0x0001e036       0x20 examples/dfu/CMakeFiles/dfu_nrf51422_xxAC_s130_2.0.1.dir/__/__/mesh/serial/src/serial_handler_access.c.obj
 .text.model_pub_app_set
                0x0001e056       0x2c examples/dfu/CMakeFiles/dfu_nrf51422_xxAC_s130_2.0.1.dir/__/__/mesh/serial/src/serial_handler_access.c.obj
 .text.model_app_get
                0x0001e082       0x44 examples/dfu/CMakeFiles/dfu_nrf51422_xxAC_s130_2.0.1.dir/__/__/mesh/serial/src/serial_handler_access.c.obj
 .text.model_app_unbind
                0x0001e0c6       0x2c examples/dfu/CMakeFiles/dfu_nrf51422_xxAC_s130_2.0.1.dir/__/__/mesh/serial/src/serial_handler_access.c.obj
 .text.model_app_bind
                0x0001e0f2       0x2c examples/dfu/CMakeFiles/dfu_nrf51422_xxAC_s130_2.0.1.dir/__/__/mesh/serial/src/serial_handler_access.c.obj
 .text.model_subs_get
                0x0001e11e       0x44 examples/dfu/CMakeFiles/dfu_nrf51422_xxAC_s130_2.0.1.dir/__/__/mesh/serial/src/serial_handler_access.c.obj
 .text.model_subs_remove
                0x0001e162       0x2c examples/dfu/CMakeFiles/dfu_nrf51422_xxAC_s130_2.0.1.dir/__/__/mesh/serial/src/serial_handler_access.c.obj
 .text.model_subs_add
                0x0001e18e       0x2c examples/dfu/CMakeFiles/dfu_nrf51422_xxAC_s130_2.0.1.dir/__/__/mesh/serial/src/serial_handler_access.c.obj
 .text.model_pub_period_get
                0x0001e1ba       0x24 examples/dfu/CMakeFiles/dfu_nrf51422_xxAC_s130_2.0.1.dir/__/__/mesh/serial/src/serial_handler_access.c.obj
 .text.model_pub_period_set
                0x0001e1de       0x28 examples/dfu/CMakeFiles/dfu_nrf51422_xxAC_s130_2.0.1.dir/__/__/mesh/serial/src/serial_handler_access.c.obj
 .text.model_pub_addr_get
                0x0001e206       0x20 examples/dfu/CMakeFiles/dfu_nrf51422_xxAC_s130_2.0.1.dir/__/__/mesh/serial/src/serial_handler_access.c.obj
 .text.model_pub_addr_set
                0x0001e226       0x2c examples/dfu/CMakeFiles/dfu_nrf51422_xxAC_s130_2.0.1.dir/__/__/mesh/serial/src/serial_handler_access.c.obj
 *fill*         0x0001e252        0x2 
 .text.serial_handler_access_rx
                0x0001e254       0x30 examples/dfu/CMakeFiles/dfu_nrf51422_xxAC_s130_2.0.1.dir/__/__/mesh/serial/src/serial_handler_access.c.obj
                0x0001e254                serial_handler_access_rx
 .text.serial_handler_config_rx
                0x0001e284       0xb0 examples/dfu/CMakeFiles/dfu_nrf51422_xxAC_s130_2.0.1.dir/__/__/mesh/serial/src/serial_handler_config.c.obj
                0x0001e284                serial_handler_config_rx
 .text.serial_handler_openmesh_rx
                0x0001e334       0x32 examples/dfu/CMakeFiles/dfu_nrf51422_xxAC_s130_2.0.1.dir/__/__/mesh/serial/src/serial_handler_openmesh.c.obj
                0x0001e334                serial_handler_openmesh_rx
 *fill*         0x0001e366        0x2 
 .text.serial_init
                0x0001e368       0x1c examples/dfu/CMakeFiles/dfu_nrf51422_xxAC_s130_2.0.1.dir/__/__/mesh/serial/src/serial.c.obj
                0x0001e368                serial_init
 .text.serial_packet_buffer_get
                0x0001e384       0x1c examples/dfu/CMakeFiles/dfu_nrf51422_xxAC_s130_2.0.1.dir/__/__/mesh/serial/src/serial.c.obj
                0x0001e384                serial_packet_buffer_get
 .text.serial_tx
                0x0001e3a0       0x2c examples/dfu/CMakeFiles/dfu_nrf51422_xxAC_s130_2.0.1.dir/__/__/mesh/serial/src/serial.c.obj
                0x0001e3a0                serial_tx
 .text.serial_start
                0x0001e3cc      0x10c examples/dfu/CMakeFiles/dfu_nrf51422_xxAC_s130_2.0.1.dir/__/__/mesh/serial/src/serial.c.obj
                0x0001e3cc                serial_start
 .text.serial_process_cmd
                0x0001e4d8      0x128 examples/dfu/CMakeFiles/dfu_nrf51422_xxAC_s130_2.0.1.dir/__/__/mesh/serial/src/serial.c.obj
 .text.serial_process
                0x0001e600       0x34 examples/dfu/CMakeFiles/dfu_nrf51422_xxAC_s130_2.0.1.dir/__/__/mesh/serial/src/serial.c.obj
                0x0001e600                serial_process
 .text.serial_translate_error
                0x0001e634       0x74 examples/dfu/CMakeFiles/dfu_nrf51422_xxAC_s130_2.0.1.dir/__/__/mesh/serial/src/serial.c.obj
                0x0001e634                serial_translate_error
 .text.serial_state_get
                0x0001e6a8        0xc examples/dfu/CMakeFiles/dfu_nrf51422_xxAC_s130_2.0.1.dir/__/__/mesh/serial/src/serial.c.obj
                0x0001e6a8                serial_state_get
 .text.serial_cmd_rsp_send
                0x0001e6b4       0x6c examples/dfu/CMakeFiles/dfu_nrf51422_xxAC_s130_2.0.1.dir/__/__/mesh/serial/src/serial.c.obj
                0x0001e6b4                serial_cmd_rsp_send
 .text.find_context_id
                0x0001e720       0x24 examples/dfu/CMakeFiles/dfu_nrf51422_xxAC_s130_2.0.1.dir/__/__/mesh/serial/src/serial_handler_prov.c.obj
 .text.serial_handler_prov_evt_in
                0x0001e744      0x2c0 examples/dfu/CMakeFiles/dfu_nrf51422_xxAC_s130_2.0.1.dir/__/__/mesh/serial/src/serial_handler_prov.c.obj
 .text.serial_handler_prov_init
                0x0001ea04       0x90 examples/dfu/CMakeFiles/dfu_nrf51422_xxAC_s130_2.0.1.dir/__/__/mesh/serial/src/serial_handler_prov.c.obj
                0x0001ea04                serial_handler_prov_init
 .text.serial_handler_prov_pkt_in
                0x0001ea94      0x220 examples/dfu/CMakeFiles/dfu_nrf51422_xxAC_s130_2.0.1.dir/__/__/mesh/serial/src/serial_handler_prov.c.obj
                0x0001ea94                serial_handler_prov_pkt_in
 .text.serial_handler_mesh_evt_handle
                0x0001ecb4      0x1b8 examples/dfu/CMakeFiles/dfu_nrf51422_xxAC_s130_2.0.1.dir/__/__/mesh/serial/src/serial_handler_dfu.c.obj
 .text.serial_handler_dfu_init
                0x0001ee6c       0x18 examples/dfu/CMakeFiles/dfu_nrf51422_xxAC_s130_2.0.1.dir/__/__/mesh/serial/src/serial_handler_dfu.c.obj
                0x0001ee6c                serial_handler_dfu_init
 .text.serial_handler_dfu_rx
                0x0001ee84      0x158 examples/dfu/CMakeFiles/dfu_nrf51422_xxAC_s130_2.0.1.dir/__/__/mesh/serial/src/serial_handler_dfu.c.obj
                0x0001ee84                serial_handler_dfu_rx
 .text.serial_handler_mesh_evt_handle
                0x0001efdc      0x178 examples/dfu/CMakeFiles/dfu_nrf51422_xxAC_s130_2.0.1.dir/__/__/mesh/serial/src/serial_handler_mesh.c.obj
 .text.handle_cmd_clear
                0x0001f154       0x1e examples/dfu/CMakeFiles/dfu_nrf51422_xxAC_s130_2.0.1.dir/__/__/mesh/serial/src/serial_handler_mesh.c.obj
 .text.handle_cmd_packet_send
                0x0001f172       0x92 examples/dfu/CMakeFiles/dfu_nrf51422_xxAC_s130_2.0.1.dir/__/__/mesh/serial/src/serial_handler_mesh.c.obj
 .text.handle_cmd_addr_virtual_count_max_get
                0x0001f204       0x14 examples/dfu/CMakeFiles/dfu_nrf51422_xxAC_s130_2.0.1.dir/__/__/mesh/serial/src/serial_handler_mesh.c.obj
 .text.handle_cmd_appkey_count_max_get
                0x0001f218        0x8 examples/dfu/CMakeFiles/dfu_nrf51422_xxAC_s130_2.0.1.dir/__/__/mesh/serial/src/serial_handler_mesh.c.obj
 .text.handle_cmd_addr_nonvirtual_count_max_get
                0x0001f220       0x14 examples/dfu/CMakeFiles/dfu_nrf51422_xxAC_s130_2.0.1.dir/__/__/mesh/serial/src/serial_handler_mesh.c.obj
 .text.handle_cmd_addr_local_unicast_get
                0x0001f234       0x24 examples/dfu/CMakeFiles/dfu_nrf51422_xxAC_s130_2.0.1.dir/__/__/mesh/serial/src/serial_handler_mesh.c.obj
 .text.handle_cmd_devkey_count_max_get
                0x0001f258       0x14 examples/dfu/CMakeFiles/dfu_nrf51422_xxAC_s130_2.0.1.dir/__/__/mesh/serial/src/serial_handler_mesh.c.obj
 .text.handle_cmd_subnet_count_max_get
                0x0001f26c       0x14 examples/dfu/CMakeFiles/dfu_nrf51422_xxAC_s130_2.0.1.dir/__/__/mesh/serial/src/serial_handler_mesh.c.obj
 .text.handle_cmd_addr_get_all
                0x0001f280       0x26 examples/dfu/CMakeFiles/dfu_nrf51422_xxAC_s130_2.0.1.dir/__/__/mesh/serial/src/serial_handler_mesh.c.obj
 .text.handle_cmd_addr_get
                0x0001f2a6       0x68 examples/dfu/CMakeFiles/dfu_nrf51422_xxAC_s130_2.0.1.dir/__/__/mesh/serial/src/serial_handler_mesh.c.obj
 .text.handle_cmd_addr_publication_remove
                0x0001f30e       0x28 examples/dfu/CMakeFiles/dfu_nrf51422_xxAC_s130_2.0.1.dir/__/__/mesh/serial/src/serial_handler_mesh.c.obj
 .text.handle_cmd_addr_publication_add_virtual
                0x0001f336       0x22 examples/dfu/CMakeFiles/dfu_nrf51422_xxAC_s130_2.0.1.dir/__/__/mesh/serial/src/serial_handler_mesh.c.obj
 .text.handle_cmd_addr_publication_add
                0x0001f358       0x28 examples/dfu/CMakeFiles/dfu_nrf51422_xxAC_s130_2.0.1.dir/__/__/mesh/serial/src/serial_handler_mesh.c.obj
 .text.handle_cmd_addr_subscription_remove
                0x0001f380       0x28 examples/dfu/CMakeFiles/dfu_nrf51422_xxAC_s130_2.0.1.dir/__/__/mesh/serial/src/serial_handler_mesh.c.obj
 .text.handle_cmd_addr_subscription_add_virtual
                0x0001f3a8       0x22 examples/dfu/CMakeFiles/dfu_nrf51422_xxAC_s130_2.0.1.dir/__/__/mesh/serial/src/serial_handler_mesh.c.obj
 .text.handle_cmd_addr_subscription_add
                0x0001f3ca       0x28 examples/dfu/CMakeFiles/dfu_nrf51422_xxAC_s130_2.0.1.dir/__/__/mesh/serial/src/serial_handler_mesh.c.obj
 .text.handle_cmd_addr_local_unicast_set
                0x0001f3f2       0x2c examples/dfu/CMakeFiles/dfu_nrf51422_xxAC_s130_2.0.1.dir/__/__/mesh/serial/src/serial_handler_mesh.c.obj
 .text.handle_cmd_devkey_delete
                0x0001f41e       0x28 examples/dfu/CMakeFiles/dfu_nrf51422_xxAC_s130_2.0.1.dir/__/__/mesh/serial/src/serial_handler_mesh.c.obj
 .text.handle_cmd_devkey_add
                0x0001f446       0x2a examples/dfu/CMakeFiles/dfu_nrf51422_xxAC_s130_2.0.1.dir/__/__/mesh/serial/src/serial_handler_mesh.c.obj
 .text.handle_cmd_appkey_get_all
                0x0001f470       0x3c examples/dfu/CMakeFiles/dfu_nrf51422_xxAC_s130_2.0.1.dir/__/__/mesh/serial/src/serial_handler_mesh.c.obj
 .text.handle_cmd_appkey_delete
                0x0001f4ac       0x28 examples/dfu/CMakeFiles/dfu_nrf51422_xxAC_s130_2.0.1.dir/__/__/mesh/serial/src/serial_handler_mesh.c.obj
 .text.handle_cmd_appkey_update
                0x0001f4d4       0x2a examples/dfu/CMakeFiles/dfu_nrf51422_xxAC_s130_2.0.1.dir/__/__/mesh/serial/src/serial_handler_mesh.c.obj
 .text.handle_cmd_appkey_add
                0x0001f4fe       0x32 examples/dfu/CMakeFiles/dfu_nrf51422_xxAC_s130_2.0.1.dir/__/__/mesh/serial/src/serial_handler_mesh.c.obj
 .text.handle_cmd_subnet_get_all
                0x0001f530       0x2c examples/dfu/CMakeFiles/dfu_nrf51422_xxAC_s130_2.0.1.dir/__/__/mesh/serial/src/serial_handler_mesh.c.obj
 .text.handle_cmd_subnet_delete
                0x0001f55c       0x28 examples/dfu/CMakeFiles/dfu_nrf51422_xxAC_s130_2.0.1.dir/__/__/mesh/serial/src/serial_handler_mesh.c.obj
 .text.handle_cmd_subnet_update
                0x0001f584       0x2a examples/dfu/CMakeFiles/dfu_nrf51422_xxAC_s130_2.0.1.dir/__/__/mesh/serial/src/serial_handler_mesh.c.obj
 .text.handle_cmd_subnet_add
                0x0001f5ae       0x2a examples/dfu/CMakeFiles/dfu_nrf51422_xxAC_s130_2.0.1.dir/__/__/mesh/serial/src/serial_handler_mesh.c.obj
 .text.handle_cmd_disable
                0x0001f5d8       0x16 examples/dfu/CMakeFiles/dfu_nrf51422_xxAC_s130_2.0.1.dir/__/__/mesh/serial/src/serial_handler_mesh.c.obj
 .text.handle_cmd_enable
                0x0001f5ee       0x16 examples/dfu/CMakeFiles/dfu_nrf51422_xxAC_s130_2.0.1.dir/__/__/mesh/serial/src/serial_handler_mesh.c.obj
 .text.serial_handler_mesh_init
                0x0001f604       0x18 examples/dfu/CMakeFiles/dfu_nrf51422_xxAC_s130_2.0.1.dir/__/__/mesh/serial/src/serial_handler_mesh.c.obj
                0x0001f604                serial_handler_mesh_init
 .text.serial_handler_mesh_rx
                0x0001f61c       0x7c examples/dfu/CMakeFiles/dfu_nrf51422_xxAC_s130_2.0.1.dir/__/__/mesh/serial/src/serial_handler_mesh.c.obj
                0x0001f61c                serial_handler_mesh_rx
 .text.registered_model_get
                0x0001f698       0x3c examples/dfu/CMakeFiles/dfu_nrf51422_xxAC_s130_2.0.1.dir/__/__/mesh/serial/src/serial_handler_models.c.obj
 .text.model_command
                0x0001f6d4       0x64 examples/dfu/CMakeFiles/dfu_nrf51422_xxAC_s130_2.0.1.dir/__/__/mesh/serial/src/serial_handler_models.c.obj
 .text.model_init
                0x0001f738       0x36 examples/dfu/CMakeFiles/dfu_nrf51422_xxAC_s130_2.0.1.dir/__/__/mesh/serial/src/serial_handler_models.c.obj
 *fill*         0x0001f76e        0x2 
 .text.models_get
                0x0001f770       0x80 examples/dfu/CMakeFiles/dfu_nrf51422_xxAC_s130_2.0.1.dir/__/__/mesh/serial/src/serial_handler_models.c.obj
 .text.serial_handler_models_rx
                0x0001f7f0       0x30 examples/dfu/CMakeFiles/dfu_nrf51422_xxAC_s130_2.0.1.dir/__/__/mesh/serial/src/serial_handler_models.c.obj
                0x0001f7f0                serial_handler_models_rx
 .text.handle_cmd_device_beacon_params_get
                0x0001f820       0x94 examples/dfu/CMakeFiles/dfu_nrf51422_xxAC_s130_2.0.1.dir/__/__/mesh/serial/src/serial_handler_device.c.obj
 .text.handle_cmd_device_fw_info_get
                0x0001f8b4       0x10 examples/dfu/CMakeFiles/dfu_nrf51422_xxAC_s130_2.0.1.dir/__/__/mesh/serial/src/serial_handler_device.c.obj
 .text.handle_cmd_device_serial_version_get
                0x0001f8c4       0x14 examples/dfu/CMakeFiles/dfu_nrf51422_xxAC_s130_2.0.1.dir/__/__/mesh/serial/src/serial_handler_device.c.obj
 .text.handle_cmd_device_beacon_params_set
                0x0001f8d8       0x88 examples/dfu/CMakeFiles/dfu_nrf51422_xxAC_s130_2.0.1.dir/__/__/mesh/serial/src/serial_handler_device.c.obj
 .text.handle_cmd_device_beacon_stop
                0x0001f960       0x40 examples/dfu/CMakeFiles/dfu_nrf51422_xxAC_s130_2.0.1.dir/__/__/mesh/serial/src/serial_handler_device.c.obj
 .text.handle_cmd_device_beacon_start
                0x0001f9a0       0x68 examples/dfu/CMakeFiles/dfu_nrf51422_xxAC_s130_2.0.1.dir/__/__/mesh/serial/src/serial_handler_device.c.obj
 .text.handle_cmd_device_radio_reset
                0x0001fa08       0x18 examples/dfu/CMakeFiles/dfu_nrf51422_xxAC_s130_2.0.1.dir/__/__/mesh/serial/src/serial_handler_device.c.obj
 .text.handle_cmd_device_internal_events_report
                0x0001fa20       0x1c examples/dfu/CMakeFiles/dfu_nrf51422_xxAC_s130_2.0.1.dir/__/__/mesh/serial/src/serial_handler_device.c.obj
 .text.event_report_cb
                0x0001fa3c       0x5c examples/dfu/CMakeFiles/dfu_nrf51422_xxAC_s130_2.0.1.dir/__/__/mesh/serial/src/serial_handler_device.c.obj
 .text.handle_cmd_device_echo
                0x0001fa98       0x40 examples/dfu/CMakeFiles/dfu_nrf51422_xxAC_s130_2.0.1.dir/__/__/mesh/serial/src/serial_handler_device.c.obj
 .text.serial_handler_device_init
                0x0001fad8       0x18 examples/dfu/CMakeFiles/dfu_nrf51422_xxAC_s130_2.0.1.dir/__/__/mesh/serial/src/serial_handler_device.c.obj
                0x0001fad8                serial_handler_device_init
 .text.serial_handler_device_rx
                0x0001faf0       0x30 examples/dfu/CMakeFiles/dfu_nrf51422_xxAC_s130_2.0.1.dir/__/__/mesh/serial/src/serial_handler_device.c.obj
                0x0001faf0                serial_handler_device_rx
 .text.nrf_mesh_serial_init
                0x0001fb20       0x38 examples/dfu/CMakeFiles/dfu_nrf51422_xxAC_s130_2.0.1.dir/__/__/mesh/serial/src/nrf_mesh_serial.c.obj
                0x0001fb20                nrf_mesh_serial_init
 .text.nrf_mesh_serial_enable
                0x0001fb58        0x8 examples/dfu/CMakeFiles/dfu_nrf51422_xxAC_s130_2.0.1.dir/__/__/mesh/serial/src/nrf_mesh_serial.c.obj
                0x0001fb58                nrf_mesh_serial_enable
 .text.serial_handler_app_cb_set
                0x0001fb60        0xc examples/dfu/CMakeFiles/dfu_nrf51422_xxAC_s130_2.0.1.dir/__/__/mesh/serial/src/serial_handler_app.c.obj
                0x0001fb60                serial_handler_app_cb_set
 .text.serial_handler_app_rx
                0x0001fb6c       0x30 examples/dfu/CMakeFiles/dfu_nrf51422_xxAC_s130_2.0.1.dir/__/__/mesh/serial/src/serial_handler_app.c.obj
                0x0001fb6c                serial_handler_app_rx
 .text.send_confirmation
                0x0001fb9c       0x34 examples/dfu/CMakeFiles/dfu_nrf51422_xxAC_s130_2.0.1.dir/__/__/mesh/prov/src/prov_provisioner.c.obj
 .text.prov_provisioner_cb_link_closed
                0x0001fbd0       0x28 examples/dfu/CMakeFiles/dfu_nrf51422_xxAC_s130_2.0.1.dir/__/__/mesh/prov/src/prov_provisioner.c.obj
 .text.prov_provisioner_cb_link_established
                0x0001fbf8       0x44 examples/dfu/CMakeFiles/dfu_nrf51422_xxAC_s130_2.0.1.dir/__/__/mesh/prov/src/prov_provisioner.c.obj
 .text.prov_provisioner_cb_ack_received
                0x0001fc3c       0x50 examples/dfu/CMakeFiles/dfu_nrf51422_xxAC_s130_2.0.1.dir/__/__/mesh/prov/src/prov_provisioner.c.obj
 .text.request_authentication
                0x0001fc8c       0x98 examples/dfu/CMakeFiles/dfu_nrf51422_xxAC_s130_2.0.1.dir/__/__/mesh/prov/src/prov_provisioner.c.obj
 .text.prov_provisioner_pkt_in
                0x0001fd24      0x2ec examples/dfu/CMakeFiles/dfu_nrf51422_xxAC_s130_2.0.1.dir/__/__/mesh/prov/src/prov_provisioner.c.obj
 .text.prov_provisioner_provision
                0x00020010       0x54 examples/dfu/CMakeFiles/dfu_nrf51422_xxAC_s130_2.0.1.dir/__/__/mesh/prov/src/prov_provisioner.c.obj
                0x00020010                prov_provisioner_provision
 .text.prov_provisioner_oob_use
                0x00020064       0x8c examples/dfu/CMakeFiles/dfu_nrf51422_xxAC_s130_2.0.1.dir/__/__/mesh/prov/src/prov_provisioner.c.obj
                0x00020064                prov_provisioner_oob_use
 .text.prov_provisioner_auth_data
                0x000200f0       0x4c examples/dfu/CMakeFiles/dfu_nrf51422_xxAC_s130_2.0.1.dir/__/__/mesh/prov/src/prov_provisioner.c.obj
                0x000200f0                prov_provisioner_auth_data
 .text.prov_provisioner_shared_secret
                0x0002013c       0x2c examples/dfu/CMakeFiles/dfu_nrf51422_xxAC_s130_2.0.1.dir/__/__/mesh/prov/src/prov_provisioner.c.obj
                0x0002013c                prov_provisioner_shared_secret
 .text.complete_provisioning
                0x00020168       0x6c examples/dfu/CMakeFiles/dfu_nrf51422_xxAC_s130_2.0.1.dir/__/__/mesh/prov/src/prov_provisionee.c.obj
 .text.prov_provisionee_cb_link_closed
                0x000201d4       0x34 examples/dfu/CMakeFiles/dfu_nrf51422_xxAC_s130_2.0.1.dir/__/__/mesh/prov/src/prov_provisionee.c.obj
 .text.prov_provisionee_cb_link_established
                0x00020208       0x20 examples/dfu/CMakeFiles/dfu_nrf51422_xxAC_s130_2.0.1.dir/__/__/mesh/prov/src/prov_provisionee.c.obj
 .text.send_failed
                0x00020228       0x40 examples/dfu/CMakeFiles/dfu_nrf51422_xxAC_s130_2.0.1.dir/__/__/mesh/prov/src/prov_provisionee.c.obj
 .text.request_authentication
                0x00020268       0x94 examples/dfu/CMakeFiles/dfu_nrf51422_xxAC_s130_2.0.1.dir/__/__/mesh/prov/src/prov_provisionee.c.obj
 .text.start_authentication
                0x000202fc       0x60 examples/dfu/CMakeFiles/dfu_nrf51422_xxAC_s130_2.0.1.dir/__/__/mesh/prov/src/prov_provisionee.c.obj
 .text.prov_provisionee_pkt_in
                0x0002035c      0x314 examples/dfu/CMakeFiles/dfu_nrf51422_xxAC_s130_2.0.1.dir/__/__/mesh/prov/src/prov_provisionee.c.obj
 .text.prov_provisionee_cb_ack_received
                0x00020670       0xb8 examples/dfu/CMakeFiles/dfu_nrf51422_xxAC_s130_2.0.1.dir/__/__/mesh/prov/src/prov_provisionee.c.obj
 .text.prov_provisionee_init
                0x00020728       0x48 examples/dfu/CMakeFiles/dfu_nrf51422_xxAC_s130_2.0.1.dir/__/__/mesh/prov/src/prov_provisionee.c.obj
                0x00020728                prov_provisionee_init
 .text.prov_provisionee_auth_data
                0x00020770       0x88 examples/dfu/CMakeFiles/dfu_nrf51422_xxAC_s130_2.0.1.dir/__/__/mesh/prov/src/prov_provisionee.c.obj
                0x00020770                prov_provisionee_auth_data
 .text.prov_provisionee_shared_secret
                0x000207f8       0x2c examples/dfu/CMakeFiles/dfu_nrf51422_xxAC_s130_2.0.1.dir/__/__/mesh/prov/src/prov_provisionee.c.obj
                0x000207f8                prov_provisionee_shared_secret
 .text.nrf_mesh_prov_init
                0x00020824       0x34 examples/dfu/CMakeFiles/dfu_nrf51422_xxAC_s130_2.0.1.dir/__/__/mesh/prov/src/nrf_mesh_prov.c.obj
                0x00020824                nrf_mesh_prov_init
 .text.nrf_mesh_prov_generate_keys
                0x00020858        0x8 examples/dfu/CMakeFiles/dfu_nrf51422_xxAC_s130_2.0.1.dir/__/__/mesh/prov/src/nrf_mesh_prov.c.obj
                0x00020858                nrf_mesh_prov_generate_keys
 .text.nrf_mesh_prov_listen
                0x00020860       0x26 examples/dfu/CMakeFiles/dfu_nrf51422_xxAC_s130_2.0.1.dir/__/__/mesh/prov/src/nrf_mesh_prov.c.obj
                0x00020860                nrf_mesh_prov_listen
 *fill*         0x00020886        0x2 
 .text.nrf_mesh_prov_provision
                0x00020888       0x5c examples/dfu/CMakeFiles/dfu_nrf51422_xxAC_s130_2.0.1.dir/__/__/mesh/prov/src/nrf_mesh_prov.c.obj
                0x00020888                nrf_mesh_prov_provision
 .text.nrf_mesh_prov_oob_use
                0x000208e4       0x1c examples/dfu/CMakeFiles/dfu_nrf51422_xxAC_s130_2.0.1.dir/__/__/mesh/prov/src/nrf_mesh_prov.c.obj
                0x000208e4                nrf_mesh_prov_oob_use
 .text.nrf_mesh_prov_auth_data_provide
                0x00020900       0x1c examples/dfu/CMakeFiles/dfu_nrf51422_xxAC_s130_2.0.1.dir/__/__/mesh/prov/src/nrf_mesh_prov.c.obj
                0x00020900                nrf_mesh_prov_auth_data_provide
 .text.nrf_mesh_prov_shared_secret_provide
                0x0002091c       0x1c examples/dfu/CMakeFiles/dfu_nrf51422_xxAC_s130_2.0.1.dir/__/__/mesh/prov/src/nrf_mesh_prov.c.obj
                0x0002091c                nrf_mesh_prov_shared_secret_provide
 .text.send_data
                0x00020938       0x48 examples/dfu/CMakeFiles/dfu_nrf51422_xxAC_s130_2.0.1.dir/__/__/mesh/prov/src/provisioning.c.obj
 .text.prov_packet_length_valid
                0x00020980       0x20 examples/dfu/CMakeFiles/dfu_nrf51422_xxAC_s130_2.0.1.dir/__/__/mesh/prov/src/provisioning.c.obj
                0x00020980                prov_packet_length_valid
 .text.prov_init
                0x000209a0       0x34 examples/dfu/CMakeFiles/dfu_nrf51422_xxAC_s130_2.0.1.dir/__/__/mesh/prov/src/provisioning.c.obj
                0x000209a0                prov_init
 .text.prov_listen_start
                0x000209d4       0x14 examples/dfu/CMakeFiles/dfu_nrf51422_xxAC_s130_2.0.1.dir/__/__/mesh/prov/src/provisioning.c.obj
                0x000209d4                prov_listen_start
 .text.prov_link_open
                0x000209e8       0x14 examples/dfu/CMakeFiles/dfu_nrf51422_xxAC_s130_2.0.1.dir/__/__/mesh/prov/src/provisioning.c.obj
                0x000209e8                prov_link_open
 .text.prov_link_close
                0x000209fc        0xe examples/dfu/CMakeFiles/dfu_nrf51422_xxAC_s130_2.0.1.dir/__/__/mesh/prov/src/provisioning.c.obj
                0x000209fc                prov_link_close
 .text.prov_tx_invite
                0x00020a0a       0x24 examples/dfu/CMakeFiles/dfu_nrf51422_xxAC_s130_2.0.1.dir/__/__/mesh/prov/src/provisioning.c.obj
                0x00020a0a                prov_tx_invite
 .text.prov_tx_capabilities
                0x00020a2e       0x1c examples/dfu/CMakeFiles/dfu_nrf51422_xxAC_s130_2.0.1.dir/__/__/mesh/prov/src/provisioning.c.obj
                0x00020a2e                prov_tx_capabilities
 .text.prov_tx_start
                0x00020a4a       0x1e examples/dfu/CMakeFiles/dfu_nrf51422_xxAC_s130_2.0.1.dir/__/__/mesh/prov/src/provisioning.c.obj
                0x00020a4a                prov_tx_start
 .text.prov_tx_public_key
                0x00020a68       0x24 examples/dfu/CMakeFiles/dfu_nrf51422_xxAC_s130_2.0.1.dir/__/__/mesh/prov/src/provisioning.c.obj
                0x00020a68                prov_tx_public_key
 .text.prov_tx_input_complete
                0x00020a8c       0x10 examples/dfu/CMakeFiles/dfu_nrf51422_xxAC_s130_2.0.1.dir/__/__/mesh/prov/src/provisioning.c.obj
                0x00020a8c                prov_tx_input_complete
 .text.prov_tx_confirmation
                0x00020a9c       0x24 examples/dfu/CMakeFiles/dfu_nrf51422_xxAC_s130_2.0.1.dir/__/__/mesh/prov/src/provisioning.c.obj
                0x00020a9c                prov_tx_confirmation
 .text.prov_tx_random
                0x00020ac0       0x24 examples/dfu/CMakeFiles/dfu_nrf51422_xxAC_s130_2.0.1.dir/__/__/mesh/prov/src/provisioning.c.obj
                0x00020ac0                prov_tx_random
 .text.prov_tx_complete
                0x00020ae4       0x10 examples/dfu/CMakeFiles/dfu_nrf51422_xxAC_s130_2.0.1.dir/__/__/mesh/prov/src/provisioning.c.obj
                0x00020ae4                prov_tx_complete
 .text.prov_tx_failed
                0x00020af4       0x14 examples/dfu/CMakeFiles/dfu_nrf51422_xxAC_s130_2.0.1.dir/__/__/mesh/prov/src/provisioning.c.obj
                0x00020af4                prov_tx_failed
 .text.prov_tx_data
                0x00020b08        0xa examples/dfu/CMakeFiles/dfu_nrf51422_xxAC_s130_2.0.1.dir/__/__/mesh/prov/src/provisioning.c.obj
                0x00020b08                prov_tx_data
 .text.prov_cb_link_opened
                0x00020b12        0xe examples/dfu/CMakeFiles/dfu_nrf51422_xxAC_s130_2.0.1.dir/__/__/mesh/prov/src/provisioning.c.obj
                0x00020b12                prov_cb_link_opened
 .text.prov_cb_link_closed
                0x00020b20        0xe examples/dfu/CMakeFiles/dfu_nrf51422_xxAC_s130_2.0.1.dir/__/__/mesh/prov/src/provisioning.c.obj
                0x00020b20                prov_cb_link_closed
 *fill*         0x00020b2e        0x2 
 .text.prov_cb_pkt_in
                0x00020b30       0x80 examples/dfu/CMakeFiles/dfu_nrf51422_xxAC_s130_2.0.1.dir/__/__/mesh/prov/src/provisioning.c.obj
                0x00020b30                prov_cb_pkt_in
 .text.prov_cb_ack_in
                0x00020bb0        0xe examples/dfu/CMakeFiles/dfu_nrf51422_xxAC_s130_2.0.1.dir/__/__/mesh/prov/src/provisioning.c.obj
                0x00020bb0                prov_cb_ack_in
 .text.prov_beacon_unprov_build
                0x00020bbe       0x52 examples/dfu/CMakeFiles/dfu_nrf51422_xxAC_s130_2.0.1.dir/__/__/mesh/prov/src/prov_beacon.c.obj
                0x00020bbe                prov_beacon_unprov_build
 .text.prov_beacon_unprov_packet_in
                0x00020c10       0xb8 examples/dfu/CMakeFiles/dfu_nrf51422_xxAC_s130_2.0.1.dir/__/__/mesh/prov/src/prov_beacon.c.obj
                0x00020c10                prov_beacon_unprov_packet_in
 .text.oob_gen_alphanumeric
                0x00020cc8       0x34 examples/dfu/CMakeFiles/dfu_nrf51422_xxAC_s130_2.0.1.dir/__/__/mesh/prov/src/prov_utils.c.obj
 .text.oob_gen_numeric
                0x00020cfc       0x30 examples/dfu/CMakeFiles/dfu_nrf51422_xxAC_s130_2.0.1.dir/__/__/mesh/prov/src/prov_utils.c.obj
 .text.prov_utils_use_ecdh_offloading
                0x00020d2c        0xc examples/dfu/CMakeFiles/dfu_nrf51422_xxAC_s130_2.0.1.dir/__/__/mesh/prov/src/prov_utils.c.obj
                0x00020d2c                prov_utils_use_ecdh_offloading
 .text.prov_utils_authentication_values_derive
                0x00020d38       0xc0 examples/dfu/CMakeFiles/dfu_nrf51422_xxAC_s130_2.0.1.dir/__/__/mesh/prov/src/prov_utils.c.obj
                0x00020d38                prov_utils_authentication_values_derive
 .text.prov_utils_keys_generate
                0x00020df8       0x20 examples/dfu/CMakeFiles/dfu_nrf51422_xxAC_s130_2.0.1.dir/__/__/mesh/prov/src/prov_utils.c.obj
                0x00020df8                prov_utils_keys_generate
 .text.prov_utils_derive_keys
                0x00020e18       0xc0 examples/dfu/CMakeFiles/dfu_nrf51422_xxAC_s130_2.0.1.dir/__/__/mesh/prov/src/prov_utils.c.obj
                0x00020e18                prov_utils_derive_keys
 .text.prov_utils_calculate_shared_secret
                0x00020ed8       0x3e examples/dfu/CMakeFiles/dfu_nrf51422_xxAC_s130_2.0.1.dir/__/__/mesh/prov/src/prov_utils.c.obj
                0x00020ed8                prov_utils_calculate_shared_secret
 *fill*         0x00020f16        0x2 
 .text.prov_utils_generate_oob_data
                0x00020f18       0x9c examples/dfu/CMakeFiles/dfu_nrf51422_xxAC_s130_2.0.1.dir/__/__/mesh/prov/src/prov_utils.c.obj
                0x00020f18                prov_utils_generate_oob_data
 .text.prov_utils_confirmation_check
                0x00020fb4       0x70 examples/dfu/CMakeFiles/dfu_nrf51422_xxAC_s130_2.0.1.dir/__/__/mesh/prov/src/prov_utils.c.obj
                0x00020fb4                prov_utils_confirmation_check
 .text.remove_active_bearer
                0x00021024       0x68 examples/dfu/CMakeFiles/dfu_nrf51422_xxAC_s130_2.0.1.dir/__/__/mesh/prov/src/prov_bearer_adv.c.obj
 .text.prov_bearer_adv_listen_stop
                0x0002108c       0x38 examples/dfu/CMakeFiles/dfu_nrf51422_xxAC_s130_2.0.1.dir/__/__/mesh/prov/src/prov_bearer_adv.c.obj
 .text.close_link
                0x000210c4       0x6c examples/dfu/CMakeFiles/dfu_nrf51422_xxAC_s130_2.0.1.dir/__/__/mesh/prov/src/prov_bearer_adv.c.obj
 .text.send_packet
                0x00021130       0x70 examples/dfu/CMakeFiles/dfu_nrf51422_xxAC_s130_2.0.1.dir/__/__/mesh/prov/src/prov_bearer_adv.c.obj
 .text.prov_buffer_tx
                0x000211a0      0x168 examples/dfu/CMakeFiles/dfu_nrf51422_xxAC_s130_2.0.1.dir/__/__/mesh/prov/src/prov_bearer_adv.c.obj
 .text.send_link_close
                0x00021308       0x28 examples/dfu/CMakeFiles/dfu_nrf51422_xxAC_s130_2.0.1.dir/__/__/mesh/prov/src/prov_bearer_adv.c.obj
 .text.prov_bearer_adv_link_close
                0x00021330       0x78 examples/dfu/CMakeFiles/dfu_nrf51422_xxAC_s130_2.0.1.dir/__/__/mesh/prov/src/prov_bearer_adv.c.obj
 .text.send_transaction_ack
                0x000213a8       0x24 examples/dfu/CMakeFiles/dfu_nrf51422_xxAC_s130_2.0.1.dir/__/__/mesh/prov/src/prov_bearer_adv.c.obj
 .text.send_link_ack
                0x000213cc       0x26 examples/dfu/CMakeFiles/dfu_nrf51422_xxAC_s130_2.0.1.dir/__/__/mesh/prov/src/prov_bearer_adv.c.obj
 .text.link_timeout_cb
                0x000213f2        0xc examples/dfu/CMakeFiles/dfu_nrf51422_xxAC_s130_2.0.1.dir/__/__/mesh/prov/src/prov_bearer_adv.c.obj
 .text.reset_timeout_timer
                0x000213fe       0x1a examples/dfu/CMakeFiles/dfu_nrf51422_xxAC_s130_2.0.1.dir/__/__/mesh/prov/src/prov_bearer_adv.c.obj
 .text.tx_complete_cb
                0x00021418       0x24 examples/dfu/CMakeFiles/dfu_nrf51422_xxAC_s130_2.0.1.dir/__/__/mesh/prov/src/prov_bearer_adv.c.obj
 .text.tx_retry_cb
                0x0002143c       0xd4 examples/dfu/CMakeFiles/dfu_nrf51422_xxAC_s130_2.0.1.dir/__/__/mesh/prov/src/prov_bearer_adv.c.obj
 .text.add_active_bearer
                0x00021510       0x88 examples/dfu/CMakeFiles/dfu_nrf51422_xxAC_s130_2.0.1.dir/__/__/mesh/prov/src/prov_bearer_adv.c.obj
 .text.prov_bearer_adv_link_open
                0x00021598       0xf0 examples/dfu/CMakeFiles/dfu_nrf51422_xxAC_s130_2.0.1.dir/__/__/mesh/prov/src/prov_bearer_adv.c.obj
 .text.async_process
                0x00021688       0x58 examples/dfu/CMakeFiles/dfu_nrf51422_xxAC_s130_2.0.1.dir/__/__/mesh/prov/src/prov_bearer_adv.c.obj
 .text.prov_bearer_adv_listen
                0x000216e0       0xf4 examples/dfu/CMakeFiles/dfu_nrf51422_xxAC_s130_2.0.1.dir/__/__/mesh/prov/src/prov_bearer_adv.c.obj
 .text.calculate_3GPP_CRC
                0x000217d4       0x24 examples/dfu/CMakeFiles/dfu_nrf51422_xxAC_s130_2.0.1.dir/__/__/mesh/prov/src/prov_bearer_adv.c.obj
                0x000217d4                calculate_3GPP_CRC
 .text.prov_bearer_adv_tx
                0x000217f8       0xac examples/dfu/CMakeFiles/dfu_nrf51422_xxAC_s130_2.0.1.dir/__/__/mesh/prov/src/prov_bearer_adv.c.obj
 .text.prov_buffer_rx
                0x000218a4       0x74 examples/dfu/CMakeFiles/dfu_nrf51422_xxAC_s130_2.0.1.dir/__/__/mesh/prov/src/prov_bearer_adv.c.obj
 .text.prov_bearer_adv_interface_get
                0x00021918       0x24 examples/dfu/CMakeFiles/dfu_nrf51422_xxAC_s130_2.0.1.dir/__/__/mesh/prov/src/prov_bearer_adv.c.obj
                0x00021918                prov_bearer_adv_interface_get
 .text.prov_bearer_adv_packet_in
                0x0002193c      0x898 examples/dfu/CMakeFiles/dfu_nrf51422_xxAC_s130_2.0.1.dir/__/__/mesh/prov/src/prov_bearer_adv.c.obj
                0x0002193c                prov_bearer_adv_packet_in
 .text.tx_complete_cb
                0x000221d4        0x2 examples/dfu/CMakeFiles/dfu_nrf51422_xxAC_s130_2.0.1.dir/__/__/mesh/dfu/src/nrf_mesh_dfu.c.obj
 *fill*         0x000221d6        0x2 
 .text.reset_transfer_state
                0x000221d8       0x24 examples/dfu/CMakeFiles/dfu_nrf51422_xxAC_s130_2.0.1.dir/__/__/mesh/dfu/src/nrf_mesh_dfu.c.obj
 .text.end_transfer
                0x000221fc       0x38 examples/dfu/CMakeFiles/dfu_nrf51422_xxAC_s130_2.0.1.dir/__/__/mesh/dfu/src/nrf_mesh_dfu.c.obj
 .text.dfu_evt_handler
                0x00022234      0x808 examples/dfu/CMakeFiles/dfu_nrf51422_xxAC_s130_2.0.1.dir/__/__/mesh/dfu/src/nrf_mesh_dfu.c.obj
 .text.next_tx_timeout
                0x00022a3c       0x68 examples/dfu/CMakeFiles/dfu_nrf51422_xxAC_s130_2.0.1.dir/__/__/mesh/dfu/src/nrf_mesh_dfu.c.obj
 .text.tx_timeout
                0x00022aa4      0x118 examples/dfu/CMakeFiles/dfu_nrf51422_xxAC_s130_2.0.1.dir/__/__/mesh/dfu/src/nrf_mesh_dfu.c.obj
 .text.nrf_mesh_dfu_jump_to_bootloader
                0x00022bbc       0x40 examples/dfu/CMakeFiles/dfu_nrf51422_xxAC_s130_2.0.1.dir/__/__/mesh/dfu/src/nrf_mesh_dfu.c.obj
                0x00022bbc                nrf_mesh_dfu_jump_to_bootloader
 .text.nrf_mesh_dfu_state_get
                0x00022bfc       0x40 examples/dfu/CMakeFiles/dfu_nrf51422_xxAC_s130_2.0.1.dir/__/__/mesh/dfu/src/nrf_mesh_dfu.c.obj
                0x00022bfc                nrf_mesh_dfu_state_get
 .text.nrf_mesh_dfu_cmd_send
                0x00022c3c       0x9c examples/dfu/CMakeFiles/dfu_nrf51422_xxAC_s130_2.0.1.dir/__/__/mesh/dfu/src/nrf_mesh_dfu.c.obj
                0x00022c3c                nrf_mesh_dfu_cmd_send
 .text.nrf_mesh_dfu_init
                0x00022cd8      0x164 examples/dfu/CMakeFiles/dfu_nrf51422_xxAC_s130_2.0.1.dir/__/__/mesh/dfu/src/nrf_mesh_dfu.c.obj
                0x00022cd8                nrf_mesh_dfu_init
 .text.flash_op_complete
                0x00022e3c      0x16c examples/dfu/CMakeFiles/dfu_nrf51422_xxAC_s130_2.0.1.dir/__/__/mesh/dfu/src/nrf_mesh_dfu.c.obj
 .text.abort_timeout
                0x00022fa8       0x84 examples/dfu/CMakeFiles/dfu_nrf51422_xxAC_s130_2.0.1.dir/__/__/mesh/dfu/src/nrf_mesh_dfu.c.obj
 .text.timer_timeout
                0x0002302c       0x80 examples/dfu/CMakeFiles/dfu_nrf51422_xxAC_s130_2.0.1.dir/__/__/mesh/dfu/src/nrf_mesh_dfu.c.obj
 .text.nrf_mesh_dfu_rx
                0x000230ac       0xec examples/dfu/CMakeFiles/dfu_nrf51422_xxAC_s130_2.0.1.dir/__/__/mesh/dfu/src/nrf_mesh_dfu.c.obj
                0x000230ac                nrf_mesh_dfu_rx
 .text.nrf_mesh_dfu_request
                0x00023198       0x90 examples/dfu/CMakeFiles/dfu_nrf51422_xxAC_s130_2.0.1.dir/__/__/mesh/dfu/src/nrf_mesh_dfu.c.obj
                0x00023198                nrf_mesh_dfu_request
 .text.nrf_mesh_dfu_relay
                0x00023228       0x5c examples/dfu/CMakeFiles/dfu_nrf51422_xxAC_s130_2.0.1.dir/__/__/mesh/dfu/src/nrf_mesh_dfu.c.obj
                0x00023228                nrf_mesh_dfu_relay
 .text.nrf_mesh_dfu_abort
                0x00023284       0x2c examples/dfu/CMakeFiles/dfu_nrf51422_xxAC_s130_2.0.1.dir/__/__/mesh/dfu/src/nrf_mesh_dfu.c.obj
                0x00023284                nrf_mesh_dfu_abort
 .text.nrf_mesh_dfu_bank_info_get
                0x000232b0       0x2c examples/dfu/CMakeFiles/dfu_nrf51422_xxAC_s130_2.0.1.dir/__/__/mesh/dfu/src/nrf_mesh_dfu.c.obj
                0x000232b0                nrf_mesh_dfu_bank_info_get
 .text.nrf_mesh_dfu_bank_flash
                0x000232dc       0x24 examples/dfu/CMakeFiles/dfu_nrf51422_xxAC_s130_2.0.1.dir/__/__/mesh/dfu/src/nrf_mesh_dfu.c.obj
                0x000232dc                nrf_mesh_dfu_bank_flash
 .text.SystemInit
                0x00023300       0xe0 examples/dfu/CMakeFiles/dfu_nrf51422_xxAC_s130_2.0.1.dir/__/__/external/nRF5_SDK_14.0.0_3bcc1f7/components/toolchain/system_nrf51.c.obj
                0x00023300                SystemInit
 .text          0x000233e0       0x4c examples/dfu/CMakeFiles/dfu_nrf51422_xxAC_s130_2.0.1.dir/__/__/external/nRF5_SDK_14.0.0_3bcc1f7/components/toolchain/gcc/gcc_startup_nrf51.S.obj
                0x000233e0                Reset_Handler
                0x00023420                NMI_Handler
                0x00023424                SVC_Handler
                0x00023426                PendSV_Handler
                0x00023428                SysTick_Handler
                0x0002342a                GPIOTE_IRQHandler
                0x0002342a                RTC0_IRQHandler
                0x0002342a                POWER_CLOCK_IRQHandler
                0x0002342a                RADIO_IRQHandler
                0x0002342a                LPCOMP_IRQHandler
                0x0002342a                SWI4_IRQHandler
                0x0002342a                TEMP_IRQHandler
                0x0002342a                SPI0_TWI0_IRQHandler
                0x0002342a                TIMER0_IRQHandler
                0x0002342a                TIMER2_IRQHandler
                0x0002342a                SWI0_IRQHandler
                0x0002342a                TIMER1_IRQHandler
                0x0002342a                ECB_IRQHandler
                0x0002342a                Default_Handler
                0x0002342a                ADC_IRQHandler
                0x0002342a                SWI3_IRQHandler
                0x0002342a                CCM_AAR_IRQHandler
                0x0002342a                WDT_IRQHandler
                0x0002342a                SWI5_IRQHandler
                0x0002342a                RNG_IRQHandler
                0x0002342a                SPI1_TWI1_IRQHandler
                0x0002342a                RTC1_IRQHandler
                0x0002342a                SWI1_IRQHandler
 .text.internal_event_init
                0x0002342c       0x40 mesh/core/libmesh_core_nrf51422_xxAC.a(internal_event.c.obj)
                0x0002342c                internal_event_init
 .text.internal_event_push
                0x0002346c       0x30 mesh/core/libmesh_core_nrf51422_xxAC.a(internal_event.c.obj)
                0x0002346c                internal_event_push
 .text.nrf_mesh_configure_device_uuid_set
                0x0002349c       0x14 mesh/core/libmesh_core_nrf51422_xxAC.a(nrf_mesh_configure.c.obj)
                0x0002349c                nrf_mesh_configure_device_uuid_set
 .text.nrf_mesh_configure_device_uuid_reset
                0x000234b0       0x28 mesh/core/libmesh_core_nrf51422_xxAC.a(nrf_mesh_configure.c.obj)
                0x000234b0                nrf_mesh_configure_device_uuid_reset
 .text.nrf_mesh_configure_device_uuid_get
                0x000234d8        0x8 mesh/core/libmesh_core_nrf51422_xxAC.a(nrf_mesh_configure.c.obj)
                0x000234d8                nrf_mesh_configure_device_uuid_get
 .text.event_handle
                0x000234e0       0x34 mesh/core/libmesh_core_nrf51422_xxAC.a(event.c.obj)
                0x000234e0                event_handle
 .text.event_handler_add
                0x00023514       0x7c mesh/core/libmesh_core_nrf51422_xxAC.a(event.c.obj)
                0x00023514                event_handler_add
 .text.m_adjust_desired_packet_length
                0x00023590       0x34 mesh/core/libmesh_core_nrf51422_xxAC.a(packet_buffer.c.obj)
 .text.m_index_increment.part.0
                0x000235c4       0x18 mesh/core/libmesh_core_nrf51422_xxAC.a(packet_buffer.c.obj)
 .text.m_free_popped_packet
                0x000235dc       0x64 mesh/core/libmesh_core_nrf51422_xxAC.a(packet_buffer.c.obj)
 .text.free_skipped_packets
                0x00023640       0x1c mesh/core/libmesh_core_nrf51422_xxAC.a(packet_buffer.c.obj)
 .text.packet_buffer_max_packet_len_get
                0x0002365c       0x38 mesh/core/libmesh_core_nrf51422_xxAC.a(packet_buffer.c.obj)
                0x0002365c                packet_buffer_max_packet_len_get
 .text.packet_buffer_init
                0x00023694       0xe0 mesh/core/libmesh_core_nrf51422_xxAC.a(packet_buffer.c.obj)
                0x00023694                packet_buffer_init
 .text.packet_buffer_flush
                0x00023774       0x60 mesh/core/libmesh_core_nrf51422_xxAC.a(packet_buffer.c.obj)
                0x00023774                packet_buffer_flush
 .text.packet_buffer_reserve
                0x000237d4      0x11c mesh/core/libmesh_core_nrf51422_xxAC.a(packet_buffer.c.obj)
                0x000237d4                packet_buffer_reserve
 .text.packet_buffer_commit
                0x000238f0      0x10c mesh/core/libmesh_core_nrf51422_xxAC.a(packet_buffer.c.obj)
                0x000238f0                packet_buffer_commit
 .text.packet_buffer_pop
                0x000239fc       0x64 mesh/core/libmesh_core_nrf51422_xxAC.a(packet_buffer.c.obj)
                0x000239fc                packet_buffer_pop
 .text.packet_buffer_can_pop
                0x00023a60       0x2c mesh/core/libmesh_core_nrf51422_xxAC.a(packet_buffer.c.obj)
                0x00023a60                packet_buffer_can_pop
 .text.packet_buffer_packets_ready_to_pop
                0x00023a8c       0x58 mesh/core/libmesh_core_nrf51422_xxAC.a(packet_buffer.c.obj)
                0x00023a8c                packet_buffer_packets_ready_to_pop
 .text.packet_buffer_free
                0x00023ae4       0x94 mesh/core/libmesh_core_nrf51422_xxAC.a(packet_buffer.c.obj)
                0x00023ae4                packet_buffer_free
 .text.fifo_init
                0x00023b78       0x5c mesh/core/libmesh_core_nrf51422_xxAC.a(fifo.c.obj)
                0x00023b78                fifo_init
 .text.fifo_push
                0x00023bd4       0x5c mesh/core/libmesh_core_nrf51422_xxAC.a(fifo.c.obj)
                0x00023bd4                fifo_push
 .text.fifo_pop
                0x00023c30       0x5c mesh/core/libmesh_core_nrf51422_xxAC.a(fifo.c.obj)
                0x00023c30                fifo_pop
 .text.flash_mem_available
                0x00023c8c       0x20 mesh/core/libmesh_core_nrf51422_xxAC.a(net_state.c.obj)
 .text.flash_store_iv_index
                0x00023cac       0x34 mesh/core/libmesh_core_nrf51422_xxAC.a(net_state.c.obj)
 .text.seqnum_block_allocate
                0x00023ce0       0x50 mesh/core/libmesh_core_nrf51422_xxAC.a(net_state.c.obj)
 .text.net_state_reset
                0x00023d30       0x3c mesh/core/libmesh_core_nrf51422_xxAC.a(net_state.c.obj)
                0x00023d30                net_state_reset
 .text.flash_write_complete
                0x00023d6c       0x80 mesh/core/libmesh_core_nrf51422_xxAC.a(net_state.c.obj)
 .text.net_state_recover_from_flash
                0x00023dec       0x8c mesh/core/libmesh_core_nrf51422_xxAC.a(net_state.c.obj)
                0x00023dec                net_state_recover_from_flash
 .text.net_state_flash_area_get
                0x00023e78       0x10 mesh/core/libmesh_core_nrf51422_xxAC.a(net_state.c.obj)
                0x00023e78                net_state_flash_area_get
 .text.init_flash_storage
                0x00023e88       0x40 mesh/core/libmesh_core_nrf51422_xxAC.a(net_state.c.obj)
 .text.net_state_init
                0x00023ec8       0x48 mesh/core/libmesh_core_nrf51422_xxAC.a(net_state.c.obj)
                0x00023ec8                net_state_init
 .text.net_state_iv_update_start
                0x00023f10       0x64 mesh/core/libmesh_core_nrf51422_xxAC.a(net_state.c.obj)
                0x00023f10                net_state_iv_update_start
 .text.iv_update_trigger_if_pending
                0x00023f74       0x94 mesh/core/libmesh_core_nrf51422_xxAC.a(net_state.c.obj)
 .text.iv_update_timer_handler
                0x00024008       0x80 mesh/core/libmesh_core_nrf51422_xxAC.a(net_state.c.obj)
 .text.net_state_seqnum_alloc
                0x00024088       0x68 mesh/core/libmesh_core_nrf51422_xxAC.a(net_state.c.obj)
                0x00024088                net_state_seqnum_alloc
 .text.net_state_iv_index_lock
                0x000240f0       0x4c mesh/core/libmesh_core_nrf51422_xxAC.a(net_state.c.obj)
                0x000240f0                net_state_iv_index_lock
 .text.net_state_beacon_received
                0x0002413c       0x98 mesh/core/libmesh_core_nrf51422_xxAC.a(net_state.c.obj)
                0x0002413c                net_state_beacon_received
 .text.net_state_beacon_iv_index_get
                0x000241d4        0xc mesh/core/libmesh_core_nrf51422_xxAC.a(net_state.c.obj)
                0x000241d4                net_state_beacon_iv_index_get
 .text.net_state_tx_iv_index_get
                0x000241e0       0x14 mesh/core/libmesh_core_nrf51422_xxAC.a(net_state.c.obj)
                0x000241e0                net_state_tx_iv_index_get
 .text.net_state_rx_iv_index_get
                0x000241f4       0x14 mesh/core/libmesh_core_nrf51422_xxAC.a(net_state.c.obj)
                0x000241f4                net_state_rx_iv_index_get
 .text.net_state_iv_update_get
                0x00024208        0xc mesh/core/libmesh_core_nrf51422_xxAC.a(net_state.c.obj)
                0x00024208                net_state_iv_update_get
 .text.send_end_events
                0x00024214       0x80 mesh/core/libmesh_core_nrf51422_xxAC.a(mesh_flash.c.obj)
 .text.flash_op_schedule
                0x00024294       0xa0 mesh/core/libmesh_core_nrf51422_xxAC.a(mesh_flash.c.obj)
 .text.flash_op_start
                0x00024334      0x178 mesh/core/libmesh_core_nrf51422_xxAC.a(mesh_flash.c.obj)
 .text.mesh_flash_init
                0x000244ac       0x94 mesh/core/libmesh_core_nrf51422_xxAC.a(mesh_flash.c.obj)
                0x000244ac                mesh_flash_init
 .text.mesh_flash_user_callback_set
                0x00024540       0x30 mesh/core/libmesh_core_nrf51422_xxAC.a(mesh_flash.c.obj)
                0x00024540                mesh_flash_user_callback_set
 .text.mesh_flash_op_push
                0x00024570      0x140 mesh/core/libmesh_core_nrf51422_xxAC.a(mesh_flash.c.obj)
                0x00024570                mesh_flash_op_push
 .text.mesh_flash_in_progress
                0x000246b0       0x38 mesh/core/libmesh_core_nrf51422_xxAC.a(mesh_flash.c.obj)
                0x000246b0                mesh_flash_in_progress
 .text.mesh_flash_set_suspended
                0x000246e8       0x90 mesh/core/libmesh_core_nrf51422_xxAC.a(mesh_flash.c.obj)
                0x000246e8                mesh_flash_set_suspended
 .text.nrf_mesh_address_type_get
                0x00024778       0x14 mesh/core/libmesh_core_nrf51422_xxAC.a(nrf_mesh_utils.c.obj)
                0x00024778                nrf_mesh_address_type_get
 .text.sd_softdevice_is_enabled
                0x0002478c        0x4 mesh/core/libmesh_core_nrf51422_xxAC.a(nrf_mesh.c.obj)
 .text.nrf_mesh_init
                0x00024790       0xb8 mesh/core/libmesh_core_nrf51422_xxAC.a(nrf_mesh.c.obj)
                0x00024790                nrf_mesh_init
 .text.nrf_mesh_enable
                0x00024848       0x4c mesh/core/libmesh_core_nrf51422_xxAC.a(nrf_mesh.c.obj)
                0x00024848                nrf_mesh_enable
 .text.nrf_mesh_disable
                0x00024894       0x28 mesh/core/libmesh_core_nrf51422_xxAC.a(nrf_mesh.c.obj)
                0x00024894                nrf_mesh_disable
 .text.nrf_mesh_packet_send
                0x000248bc        0x8 mesh/core/libmesh_core_nrf51422_xxAC.a(nrf_mesh.c.obj)
                0x000248bc                nrf_mesh_packet_send
 .text.nrf_mesh_process
                0x000248c4      0x1c4 mesh/core/libmesh_core_nrf51422_xxAC.a(nrf_mesh.c.obj)
                0x000248c4                nrf_mesh_process
 .text.nrf_mesh_on_ble_evt
                0x00024a88        0x4 mesh/core/libmesh_core_nrf51422_xxAC.a(nrf_mesh.c.obj)
                0x00024a88                nrf_mesh_on_ble_evt
 .text.nrf_mesh_on_sd_evt
                0x00024a8c        0xa mesh/core/libmesh_core_nrf51422_xxAC.a(nrf_mesh.c.obj)
                0x00024a8c                nrf_mesh_on_sd_evt
 .text.nrf_mesh_evt_handler_add
                0x00024a96        0x8 mesh/core/libmesh_core_nrf51422_xxAC.a(nrf_mesh.c.obj)
                0x00024a96                nrf_mesh_evt_handler_add
 .text.sd_power_reset_reason_clr
                0x00024a9e        0x4 mesh/core/libmesh_core_nrf51422_xxAC.a(hal.c.obj)
 .text.sd_power_gpregret_set
                0x00024aa2        0x4 mesh/core/libmesh_core_nrf51422_xxAC.a(hal.c.obj)
 *fill*         0x00024aa6        0x2 
 .text.hal_device_reset
                0x00024aa8       0x2c mesh/core/libmesh_core_nrf51422_xxAC.a(hal.c.obj)
                0x00024aa8                hal_device_reset
 .text.hal_lfclk_ppm_get
                0x00024ad4       0x14 mesh/core/libmesh_core_nrf51422_xxAC.a(hal.c.obj)
                0x00024ad4                hal_lfclk_ppm_get
 .text.add_to_add_list
                0x00024ae8       0x4c mesh/core/libmesh_core_nrf51422_xxAC.a(timer_scheduler.c.obj)
 .text.process_dirty_events
                0x00024b34       0x64 mesh/core/libmesh_core_nrf51422_xxAC.a(timer_scheduler.c.obj)
 .text.timer_cb
                0x00024b98       0x10 mesh/core/libmesh_core_nrf51422_xxAC.a(timer_scheduler.c.obj)
 .text.add_evt.constprop.0
                0x00024ba8       0x70 mesh/core/libmesh_core_nrf51422_xxAC.a(timer_scheduler.c.obj)
 .text.process_add_list
                0x00024c18       0x4c mesh/core/libmesh_core_nrf51422_xxAC.a(timer_scheduler.c.obj)
 .text.flag_event_cb
                0x00024c64      0x104 mesh/core/libmesh_core_nrf51422_xxAC.a(timer_scheduler.c.obj)
 .text.timer_sch_init
                0x00024d68       0x24 mesh/core/libmesh_core_nrf51422_xxAC.a(timer_scheduler.c.obj)
                0x00024d68                timer_sch_init
 .text.timer_sch_schedule
                0x00024d8c       0x54 mesh/core/libmesh_core_nrf51422_xxAC.a(timer_scheduler.c.obj)
                0x00024d8c                timer_sch_schedule
 .text.timer_sch_abort
                0x00024de0       0x68 mesh/core/libmesh_core_nrf51422_xxAC.a(timer_scheduler.c.obj)
                0x00024de0                timer_sch_abort
 .text.timer_sch_reschedule
                0x00024e48       0x78 mesh/core/libmesh_core_nrf51422_xxAC.a(timer_scheduler.c.obj)
                0x00024e48                timer_sch_reschedule
 .text.timer_mut_unlock
                0x00024ec0       0x10 mesh/core/libmesh_core_nrf51422_xxAC.a(timer.c.obj)
 .text.timer_order_cb
                0x00024ed0       0x90 mesh/core/libmesh_core_nrf51422_xxAC.a(timer.c.obj)
                0x00024ed0                timer_order_cb
 .text.timer_now
                0x00024f60       0x54 mesh/core/libmesh_core_nrf51422_xxAC.a(timer.c.obj)
                0x00024f60                timer_now
 .text.timer_event_handler
                0x00024fb4       0x94 mesh/core/libmesh_core_nrf51422_xxAC.a(timer.c.obj)
                0x00024fb4                timer_event_handler
 .text.timer_on_ts_begin
                0x00025048      0x104 mesh/core/libmesh_core_nrf51422_xxAC.a(timer.c.obj)
                0x00025048                timer_on_ts_begin
 .text.timer_on_ts_end
                0x0002514c       0x64 mesh/core/libmesh_core_nrf51422_xxAC.a(timer.c.obj)
                0x0002514c                timer_on_ts_end
 .text.timer_cb
                0x000251b0       0x10 mesh/core/libmesh_core_nrf51422_xxAC.a(ticker.c.obj)
 .text.ticker_init
                0x000251c0       0x38 mesh/core/libmesh_core_nrf51422_xxAC.a(ticker.c.obj)
                0x000251c0                ticker_init
 .text.sd_rand_application_bytes_available_get
                0x000251f8        0x4 mesh/core/libmesh_core_nrf51422_xxAC.a(rand.c.obj)
 .text.sd_rand_application_vector_get
                0x000251fc        0x4 mesh/core/libmesh_core_nrf51422_xxAC.a(rand.c.obj)
 .text.rand_prng_get
                0x00025200       0x2e mesh/core/libmesh_core_nrf51422_xxAC.a(rand.c.obj)
                0x00025200                rand_prng_get
 *fill*         0x0002522e        0x2 
 .text.rand_hw_rng_get
                0x00025230       0x4c mesh/core/libmesh_core_nrf51422_xxAC.a(rand.c.obj)
                0x00025230                rand_hw_rng_get
 .text.rand_prng_seed
                0x0002527c       0x30 mesh/core/libmesh_core_nrf51422_xxAC.a(rand.c.obj)
                0x0002527c                rand_prng_seed
 .text.sd_radio_session_open
                0x000252ac        0x4 mesh/core/libmesh_core_nrf51422_xxAC.a(timeslot.c.obj)
 .text.sd_radio_session_close
                0x000252b0        0x4 mesh/core/libmesh_core_nrf51422_xxAC.a(timeslot.c.obj)
 .text.sd_radio_request
                0x000252b4        0x4 mesh/core/libmesh_core_nrf51422_xxAC.a(timeslot.c.obj)
 .text.end_timer_handler
                0x000252b8       0x2c mesh/core/libmesh_core_nrf51422_xxAC.a(timeslot.c.obj)
 .text.get_end_time.constprop.10
                0x000252e4       0x28 mesh/core/libmesh_core_nrf51422_xxAC.a(timeslot.c.obj)
 .text.handle_extend_end.constprop.3
                0x0002530c       0xc4 mesh/core/libmesh_core_nrf51422_xxAC.a(timeslot.c.obj)
 .text.radio_signal_callback
                0x000253d0      0x160 mesh/core/libmesh_core_nrf51422_xxAC.a(timeslot.c.obj)
 .text.timeslot_sd_event_handler
                0x00025530       0x48 mesh/core/libmesh_core_nrf51422_xxAC.a(timeslot.c.obj)
                0x00025530                timeslot_sd_event_handler
 .text.timeslot_init
                0x00025578       0x4c mesh/core/libmesh_core_nrf51422_xxAC.a(timeslot.c.obj)
                0x00025578                timeslot_init
 .text.timeslot_start
                0x000255c4       0x1c mesh/core/libmesh_core_nrf51422_xxAC.a(timeslot.c.obj)
                0x000255c4                timeslot_start
 .text.timeslot_end_is_pending
                0x000255e0       0x2c mesh/core/libmesh_core_nrf51422_xxAC.a(timeslot.c.obj)
                0x000255e0                timeslot_end_is_pending
 .text.timeslot_start_time_get
                0x0002560c        0xc mesh/core/libmesh_core_nrf51422_xxAC.a(timeslot.c.obj)
                0x0002560c                timeslot_start_time_get
 .text.timeslot_remaining_time_get
                0x00025618       0x24 mesh/core/libmesh_core_nrf51422_xxAC.a(timeslot.c.obj)
                0x00025618                timeslot_remaining_time_get
 .text.timeslot_is_in_cb
                0x0002563c        0xc mesh/core/libmesh_core_nrf51422_xxAC.a(timeslot.c.obj)
                0x0002563c                timeslot_is_in_cb
 .text.timeslot_trigger
                0x00025648       0x28 mesh/core/libmesh_core_nrf51422_xxAC.a(timeslot.c.obj)
                0x00025648                timeslot_trigger
 .text.timeslot_stop
                0x00025670       0x14 mesh/core/libmesh_core_nrf51422_xxAC.a(timeslot.c.obj)
                0x00025670                timeslot_stop
 .text.timeslot_state_lock
                0x00025684       0x2c mesh/core/libmesh_core_nrf51422_xxAC.a(timeslot.c.obj)
                0x00025684                timeslot_state_lock
 .text.evt_push
                0x000256b0       0x24 mesh/core/libmesh_core_nrf51422_xxAC.a(bearer_event.c.obj)
 .text.QDEC_IRQHandler
                0x000256d4       0xc4 mesh/core/libmesh_core_nrf51422_xxAC.a(bearer_event.c.obj)
                0x000256d4                QDEC_IRQHandler
 .text.bearer_event_init
                0x00025798       0x48 mesh/core/libmesh_core_nrf51422_xxAC.a(bearer_event.c.obj)
                0x00025798                bearer_event_init
 .text.bearer_event_generic_post
                0x000257e0       0x34 mesh/core/libmesh_core_nrf51422_xxAC.a(bearer_event.c.obj)
                0x000257e0                bearer_event_generic_post
 .text.bearer_event_timer_post
                0x00025814       0x34 mesh/core/libmesh_core_nrf51422_xxAC.a(bearer_event.c.obj)
                0x00025814                bearer_event_timer_post
 .text.bearer_event_critical_section_begin
                0x00025848       0x48 mesh/core/libmesh_core_nrf51422_xxAC.a(bearer_event.c.obj)
                0x00025848                bearer_event_critical_section_begin
 .text.bearer_event_critical_section_end
                0x00025890       0x48 mesh/core/libmesh_core_nrf51422_xxAC.a(bearer_event.c.obj)
                0x00025890                bearer_event_critical_section_end
 .text.bearer_event_flag_add
                0x000258d8       0x54 mesh/core/libmesh_core_nrf51422_xxAC.a(bearer_event.c.obj)
                0x000258d8                bearer_event_flag_add
 .text.bearer_event_flag_set
                0x0002592c       0x58 mesh/core/libmesh_core_nrf51422_xxAC.a(bearer_event.c.obj)
                0x0002592c                bearer_event_flag_set
 .text.bearer_event_sequential_add
                0x00025984       0x4c mesh/core/libmesh_core_nrf51422_xxAC.a(bearer_event.c.obj)
                0x00025984                bearer_event_sequential_add
 .text.bearer_event_sequential_post
                0x000259d0       0x68 mesh/core/libmesh_core_nrf51422_xxAC.a(bearer_event.c.obj)
                0x000259d0                bearer_event_sequential_post
 .text.bearer_event_sequential_pending
                0x00025a38       0x20 mesh/core/libmesh_core_nrf51422_xxAC.a(bearer_event.c.obj)
                0x00025a38                bearer_event_sequential_pending
 .text.enc_aes_encrypt
                0x00025a58        0x8 mesh/core/libmesh_core_nrf51422_xxAC.a(enc.c.obj)
                0x00025a58                enc_aes_encrypt
 .text.enc_aes_cmac
                0x00025a60        0x8 mesh/core/libmesh_core_nrf51422_xxAC.a(enc.c.obj)
                0x00025a60                enc_aes_cmac
 .text.enc_aes_ccm_encrypt
                0x00025a68        0x8 mesh/core/libmesh_core_nrf51422_xxAC.a(enc.c.obj)
                0x00025a68                enc_aes_ccm_encrypt
 .text.enc_aes_ccm_decrypt
                0x00025a70        0x8 mesh/core/libmesh_core_nrf51422_xxAC.a(enc.c.obj)
                0x00025a70                enc_aes_ccm_decrypt
 .text.enc_nonce_generate
                0x00025a78       0xd8 mesh/core/libmesh_core_nrf51422_xxAC.a(enc.c.obj)
                0x00025a78                enc_nonce_generate
 .text.enc_s1   0x00025b50       0x3c mesh/core/libmesh_core_nrf51422_xxAC.a(enc.c.obj)
                0x00025b50                enc_s1
 .text.enc_k1   0x00025b8c       0x58 mesh/core/libmesh_core_nrf51422_xxAC.a(enc.c.obj)
                0x00025b8c                enc_k1
 .text.enc_k2   0x00025be4      0x110 mesh/core/libmesh_core_nrf51422_xxAC.a(enc.c.obj)
                0x00025be4                enc_k2
 .text.enc_k3   0x00025cf4       0x70 mesh/core/libmesh_core_nrf51422_xxAC.a(enc.c.obj)
                0x00025cf4                enc_k3
 .text.enc_k4   0x00025d64       0x74 mesh/core/libmesh_core_nrf51422_xxAC.a(enc.c.obj)
                0x00025d64                enc_k4
 .text.header_transfuscate
                0x00025dd8       0x58 mesh/core/libmesh_core_nrf51422_xxAC.a(network.c.obj)
 .text.allocate_packet
                0x00025e30      0x140 mesh/core/libmesh_core_nrf51422_xxAC.a(network.c.obj)
 .text.network_init
                0x00025f70       0x2c mesh/core/libmesh_core_nrf51422_xxAC.a(network.c.obj)
                0x00025f70                network_init
 .text.network_packet_alloc
                0x00025f9c       0x58 mesh/core/libmesh_core_nrf51422_xxAC.a(network.c.obj)
                0x00025f9c                network_packet_alloc
 .text.network_packet_send
                0x00025ff4      0x154 mesh/core/libmesh_core_nrf51422_xxAC.a(network.c.obj)
                0x00025ff4                network_packet_send
 .text.network_packet_in
                0x00026148      0x484 mesh/core/libmesh_core_nrf51422_xxAC.a(network.c.obj)
                0x00026148                network_packet_in
 .text.stage_get_available
                0x000265cc       0x26 mesh/core/libmesh_core_nrf51422_xxAC.a(msqueue.c.obj)
 *fill*         0x000265f2        0x2 
 .text.msq_get  0x000265f4       0x54 mesh/core/libmesh_core_nrf51422_xxAC.a(msqueue.c.obj)
                0x000265f4                msq_get
 .text.msq_move
                0x00026648       0x4c mesh/core/libmesh_core_nrf51422_xxAC.a(msqueue.c.obj)
                0x00026648                msq_move
 .text.msq_reset