Archive member included to satisfy reference by file (symbol)

mesh/core/libmesh_core_nrf51422_xxAC.a(nrf_mesh_configure.c.obj)
                              examples/light_switch/client/CMakeFiles/light_switch_client_nrf51422_xxAC_s130_2.0.1.dir/__/__/__/mesh/prov/src/prov_beacon.c.obj (nrf_mesh_configure_device_uuid_get)
mesh/core/libmesh_core_nrf51422_xxAC.a(event.c.obj)
                              examples/light_switch/client/CMakeFiles/light_switch_client_nrf51422_xxAC_s130_2.0.1.dir/__/__/__/mesh/access/src/access.c.obj (event_handle)
mesh/core/libmesh_core_nrf51422_xxAC.a(packet_mgr.c.obj)
                              examples/light_switch/client/CMakeFiles/light_switch_client_nrf51422_xxAC_s130_2.0.1.dir/__/__/__/models/config/src/config_client.c.obj (packet_mgr_alloc)
mesh/core/libmesh_core_nrf51422_xxAC.a(net_state.c.obj)
                              examples/light_switch/client/CMakeFiles/light_switch_client_nrf51422_xxAC_s130_2.0.1.dir/__/__/__/mesh/access/src/device_state_manager.c.obj (net_state_flash_area_get)
mesh/core/libmesh_core_nrf51422_xxAC.a(nrf_mesh_utils.c.obj)
                              examples/light_switch/client/CMakeFiles/light_switch_client_nrf51422_xxAC_s130_2.0.1.dir/__/__/__/mesh/access/src/device_state_manager.c.obj (nrf_mesh_address_type_get)
mesh/core/libmesh_core_nrf51422_xxAC.a(nrf_mesh.c.obj)
                              examples/light_switch/client/CMakeFiles/light_switch_client_nrf51422_xxAC_s130_2.0.1.dir/__/__/nrf_mesh_sdk.c.obj (nrf_mesh_init)
mesh/core/libmesh_core_nrf51422_xxAC.a(hal.c.obj)
                              mesh/core/libmesh_core_nrf51422_xxAC.a(nrf_mesh.c.obj) (hal_lfclk_ppm_get)
mesh/core/libmesh_core_nrf51422_xxAC.a(timer_scheduler.c.obj)
                              mesh/core/libmesh_core_nrf51422_xxAC.a(nrf_mesh.c.obj) (timer_sch_init)
mesh/core/libmesh_core_nrf51422_xxAC.a(timer.c.obj)
                              mesh/core/libmesh_core_nrf51422_xxAC.a(timer_scheduler.c.obj) (timer_order_cb)
mesh/core/libmesh_core_nrf51422_xxAC.a(ticker.c.obj)
                              mesh/core/libmesh_core_nrf51422_xxAC.a(nrf_mesh.c.obj) (ticker_init)
mesh/core/libmesh_core_nrf51422_xxAC.a(rand.c.obj)
                              examples/light_switch/client/CMakeFiles/light_switch_client_nrf51422_xxAC_s130_2.0.1.dir/__/__/__/mesh/prov/src/prov_utils.c.obj (rand_hw_rng_get)
mesh/core/libmesh_core_nrf51422_xxAC.a(timeslot.c.obj)
                              mesh/core/libmesh_core_nrf51422_xxAC.a(nrf_mesh.c.obj) (timeslot_sd_event_handler)
mesh/core/libmesh_core_nrf51422_xxAC.a(bearer_event.c.obj)
                              mesh/core/libmesh_core_nrf51422_xxAC.a(nrf_mesh.c.obj) (bearer_event_init)
mesh/core/libmesh_core_nrf51422_xxAC.a(enc.c.obj)
                              examples/light_switch/client/CMakeFiles/light_switch_client_nrf51422_xxAC_s130_2.0.1.dir/__/__/__/mesh/prov/src/prov_utils.c.obj (enc_aes_cmac)
mesh/core/libmesh_core_nrf51422_xxAC.a(network.c.obj)
                              mesh/core/libmesh_core_nrf51422_xxAC.a(nrf_mesh.c.obj) (network_init)
mesh/core/libmesh_core_nrf51422_xxAC.a(nrf_mesh_keygen.c.obj)
                              examples/light_switch/client/CMakeFiles/light_switch_client_nrf51422_xxAC_s130_2.0.1.dir/__/__/__/mesh/access/src/device_state_manager.c.obj (nrf_mesh_keygen_aid)
mesh/core/libmesh_core_nrf51422_xxAC.a(log.c.obj)
                              examples/light_switch/client/CMakeFiles/light_switch_client_nrf51422_xxAC_s130_2.0.1.dir/src/main.c.obj (log_callback_rtt)
mesh/core/libmesh_core_nrf51422_xxAC.a(flash_manager.c.obj)
                              mesh/core/libmesh_core_nrf51422_xxAC.a(nrf_mesh.c.obj) (flash_manager_init)
mesh/core/libmesh_core_nrf51422_xxAC.a(ccm_soft.c.obj)
                              mesh/core/libmesh_core_nrf51422_xxAC.a(enc.c.obj) (ccm_soft_encrypt)
mesh/core/libmesh_core_nrf51422_xxAC.a(beacon.c.obj)
                              mesh/core/libmesh_core_nrf51422_xxAC.a(nrf_mesh.c.obj) (beacon_init)
mesh/core/libmesh_core_nrf51422_xxAC.a(flash_manager_internal.c.obj)
                              mesh/core/libmesh_core_nrf51422_xxAC.a(flash_manager.c.obj) (entry_get)
mesh/core/libmesh_core_nrf51422_xxAC.a(core_tx.c.obj)
                              mesh/core/libmesh_core_nrf51422_xxAC.a(nrf_mesh.c.obj) (core_tx_init)
mesh/core/libmesh_core_nrf51422_xxAC.a(net_beacon.c.obj)
                              mesh/core/libmesh_core_nrf51422_xxAC.a(network.c.obj) (net_beacon_init)
mesh/core/libmesh_core_nrf51422_xxAC.a(advertiser.c.obj)
                              mesh/core/libmesh_core_nrf51422_xxAC.a(nrf_mesh.c.obj) (advertiser_init)
mesh/core/libmesh_core_nrf51422_xxAC.a(bearer_handler.c.obj)
                              mesh/core/libmesh_core_nrf51422_xxAC.a(nrf_mesh.c.obj) (bearer_handler_init)
mesh/core/libmesh_core_nrf51422_xxAC.a(broadcast.c.obj)
                              mesh/core/libmesh_core_nrf51422_xxAC.a(advertiser.c.obj) (broadcast_send)
[...]
Memory Configuration

Name             Origin             Length             Attributes
FLASH            0x0001b000         0x0001f000         xr
RAM              0x200022d8         0x00005a28         xrw
*default*        0x00000000         0xffffffff

Linker script and memory map

LOAD c:/a/gcc_arm/6/bin/../lib/gcc/arm-none-eabi/6.3.1/thumb/v6-m/crti.o
LOAD c:/a/gcc_arm/6/bin/../lib/gcc/arm-none-eabi/6.3.1/thumb/v6-m/crtbegin.o
LOAD c:/a/gcc_arm/6/bin/../lib/gcc/arm-none-eabi/6.3.1/../../../../arm-none-eabi/lib/thumb/v6-m/crt0.o
LOAD examples/light_switch/client/CMakeFiles/light_switch_client_nrf51422_xxAC_s130_2.0.1.dir/src/main.c.obj
LOAD examples/light_switch/client/CMakeFiles/light_switch_client_nrf51422_xxAC_s130_2.0.1.dir/src/provisioner.c.obj
LOAD examples/light_switch/client/CMakeFiles/light_switch_client_nrf51422_xxAC_s130_2.0.1.dir/__/__/nrf_mesh_sdk.c.obj
LOAD examples/light_switch/client/CMakeFiles/light_switch_client_nrf51422_xxAC_s130_2.0.1.dir/__/__/hal/src/simple_hal.c.obj
LOAD examples/light_switch/client/CMakeFiles/light_switch_client_nrf51422_xxAC_s130_2.0.1.dir/__/__/nrf_mesh_weak.c.obj
LOAD examples/light_switch/client/CMakeFiles/light_switch_client_nrf51422_xxAC_s130_2.0.1.dir/__/__/__/models/simple_on_off/src/simple_on_off_client.c.obj
LOAD examples/light_switch/client/CMakeFiles/light_switch_client_nrf51422_xxAC_s130_2.0.1.dir/__/__/__/models/config/src/config_client.c.obj
LOAD examples/light_switch/client/CMakeFiles/light_switch_client_nrf51422_xxAC_s130_2.0.1.dir/__/__/__/models/health/src/health_client.c.obj
LOAD examples/light_switch/client/CMakeFiles/light_switch_client_nrf51422_xxAC_s130_2.0.1.dir/__/__/__/mesh/access/src/access_publish.c.obj
LOAD examples/light_switch/client/CMakeFiles/light_switch_client_nrf51422_xxAC_s130_2.0.1.dir/__/__/__/mesh/access/src/access.c.obj
LOAD examples/light_switch/client/CMakeFiles/light_switch_client_nrf51422_xxAC_s130_2.0.1.dir/__/__/__/mesh/access/src/access_reliable.c.obj
LOAD examples/light_switch/client/CMakeFiles/light_switch_client_nrf51422_xxAC_s130_2.0.1.dir/__/__/__/mesh/access/src/device_state_manager.c.obj
LOAD examples/light_switch/client/CMakeFiles/light_switch_client_nrf51422_xxAC_s130_2.0.1.dir/__/__/__/mesh/prov/src/prov_provisioner.c.obj
LOAD examples/light_switch/client/CMakeFiles/light_switch_client_nrf51422_xxAC_s130_2.0.1.dir/__/__/__/mesh/prov/src/nrf_mesh_prov.c.obj
LOAD examples/light_switch/client/CMakeFiles/light_switch_client_nrf51422_xxAC_s130_2.0.1.dir/__/__/__/mesh/prov/src/provisioning.c.obj
LOAD examples/light_switch/client/CMakeFiles/light_switch_client_nrf51422_xxAC_s130_2.0.1.dir/__/__/__/mesh/prov/src/prov_beacon.c.obj
LOAD examples/light_switch/client/CMakeFiles/light_switch_client_nrf51422_xxAC_s130_2.0.1.dir/__/__/__/mesh/prov/src/prov_utils.c.obj
LOAD examples/light_switch/client/CMakeFiles/light_switch_client_nrf51422_xxAC_s130_2.0.1.dir/__/__/__/mesh/prov/src/prov_bearer_adv.c.obj
LOAD examples/light_switch/client/CMakeFiles/light_switch_client_nrf51422_xxAC_s130_2.0.1.dir/__/__/__/external/nRF5_SDK_14.0.0_3bcc1f7/components/toolchain/system_nrf51.c.obj
LOAD examples/light_switch/client/CMakeFiles/light_switch_client_nrf51422_xxAC_s130_2.0.1.dir/__/__/__/external/nRF5_SDK_14.0.0_3bcc1f7/components/toolchain/gcc/gcc_startup_nrf51.S.obj
LOAD mesh/core/libmesh_core_nrf51422_xxAC.a
LOAD external/rtt/librtt_nrf51422_xxAC.a
LOAD external/micro-ecc/libuECC_nrf51422_xxAC.a
START GROUP
LOAD c:/a/gcc_arm/6/bin/../lib/gcc/arm-none-eabi/6.3.1/thumb/v6-m\libgcc.a
LOAD c:/a/gcc_arm/6/bin/../lib/gcc/arm-none-eabi/6.3.1/../../../../arm-none-eabi/lib/thumb/v6-m\libc_nano.a
END GROUP
START GROUP
LOAD c:/a/gcc_arm/6/bin/../lib/gcc/arm-none-eabi/6.3.1/thumb/v6-m\libgcc.a
LOAD c:/a/gcc_arm/6/bin/../lib/gcc/arm-none-eabi/6.3.1/../../../../arm-none-eabi/lib/thumb/v6-m\libc_nano.a
END GROUP
LOAD c:/a/gcc_arm/6/bin/../lib/gcc/arm-none-eabi/6.3.1/thumb/v6-m/crtend.o
LOAD c:/a/gcc_arm/6/bin/../lib/gcc/arm-none-eabi/6.3.1/thumb/v6-m/crtn.o
START GROUP
LOAD c:/a/gcc_arm/6/bin/../lib/gcc/arm-none-eabi/6.3.1/thumb/v6-m\libgcc.a
LOAD c:/a/gcc_arm/6/bin/../lib/gcc/arm-none-eabi/6.3.1/../../../../arm-none-eabi/lib/thumb/v6-m\libc.a
LOAD c:/a/gcc_arm/6/bin/../lib/gcc/arm-none-eabi/6.3.1/../../../../arm-none-eabi/lib/thumb/v6-m\libnosys.a
END GROUP

.text           0x0001b000    0x1184c
 *(.isr_vector)
 .isr_vector    0x0001b000       0xc0 examples/light_switch/client/CMakeFiles/light_switch_client_nrf51422_xxAC_s130_2.0.1.dir/__/__/__/external/nRF5_SDK_14.0.0_3bcc1f7/components/toolchain/gcc/gcc_startup_nrf51.S.obj
                0x0001b000                __isr_vector
 *(.text*)
 .text          0x0001b0c0       0x60 c:/a/gcc_arm/6/bin/../lib/gcc/arm-none-eabi/6.3.1/thumb/v6-m/crtbegin.o
 .text          0x0001b120       0x78 c:/a/gcc_arm/6/bin/../lib/gcc/arm-none-eabi/6.3.1/../../../../arm-none-eabi/lib/thumb/v6-m/crt0.o
                0x0001b120                _start
                0x0001b120                _mainCRTStartup
 .text.client_status_cb
                0x0001b198       0x94 examples/light_switch/client/CMakeFiles/light_switch_client_nrf51422_xxAC_s130_2.0.1.dir/src/main.c.obj
 .text.button_event_handler
                0x0001b22c      0x1dc examples/light_switch/client/CMakeFiles/light_switch_client_nrf51422_xxAC_s130_2.0.1.dir/src/main.c.obj
 .text.health_event_cb
                0x0001b408       0x84 examples/light_switch/client/CMakeFiles/light_switch_client_nrf51422_xxAC_s130_2.0.1.dir/src/main.c.obj
 .text.provisioner_config_successful_cb
                0x0001b48c      0x130 examples/light_switch/client/CMakeFiles/light_switch_client_nrf51422_xxAC_s130_2.0.1.dir/src/main.c.obj
                0x0001b48c                provisioner_config_successful_cb
 .text.provisioner_config_failed_cb
                0x0001b5bc       0xc0 examples/light_switch/client/CMakeFiles/light_switch_client_nrf51422_xxAC_s130_2.0.1.dir/src/main.c.obj
                0x0001b5bc                provisioner_config_failed_cb
 .text.provisioner_prov_complete_cb
                0x0001b67c      0x128 examples/light_switch/client/CMakeFiles/light_switch_client_nrf51422_xxAC_s130_2.0.1.dir/src/main.c.obj
                0x0001b67c                provisioner_prov_complete_cb
 .text.startup.main
                0x0001b7a4      0x41c examples/light_switch/client/CMakeFiles/light_switch_client_nrf51422_xxAC_s130_2.0.1.dir/src/main.c.obj
                0x0001b7a4                main
 .text.do_config_step
                0x0001bbc0      0x3c4 examples/light_switch/client/CMakeFiles/light_switch_client_nrf51422_xxAC_s130_2.0.1.dir/src/provisioner.c.obj
 .text.mesh_evt_handler
                0x0001bf84      0x340 examples/light_switch/client/CMakeFiles/light_switch_client_nrf51422_xxAC_s130_2.0.1.dir/src/provisioner.c.obj
 .text.provisioner_configure
                0x0001c2c4       0x24 examples/light_switch/client/CMakeFiles/light_switch_client_nrf51422_xxAC_s130_2.0.1.dir/src/provisioner.c.obj
                0x0001c2c4                provisioner_configure
 .text.provisioner_wait_for_unprov
                0x0001c2e8       0x14 examples/light_switch/client/CMakeFiles/light_switch_client_nrf51422_xxAC_s130_2.0.1.dir/src/provisioner.c.obj
                0x0001c2e8                provisioner_wait_for_unprov
 .text.config_client_event_cb
                0x0001c2fc      0x21c examples/light_switch/client/CMakeFiles/light_switch_client_nrf51422_xxAC_s130_2.0.1.dir/src/provisioner.c.obj
                0x0001c2fc                config_client_event_cb
 .text.provisioner_init
                0x0001c518       0x48 examples/light_switch/client/CMakeFiles/light_switch_client_nrf51422_xxAC_s130_2.0.1.dir/src/provisioner.c.obj
                0x0001c518                provisioner_init
 .text.sd_evt_get
                0x0001c560        0x4 examples/light_switch/client/CMakeFiles/light_switch_client_nrf51422_xxAC_s130_2.0.1.dir/__/__/nrf_mesh_sdk.c.obj
 .text.sd_softdevice_enable
                0x0001c564        0x4 examples/light_switch/client/CMakeFiles/light_switch_client_nrf51422_xxAC_s130_2.0.1.dir/__/__/nrf_mesh_sdk.c.obj
 .text.sd_ble_enable
                0x0001c568        0x4 examples/light_switch/client/CMakeFiles/light_switch_client_nrf51422_xxAC_s130_2.0.1.dir/__/__/nrf_mesh_sdk.c.obj
 .text.sd_ble_evt_get
                0x0001c56c        0x4 examples/light_switch/client/CMakeFiles/light_switch_client_nrf51422_xxAC_s130_2.0.1.dir/__/__/nrf_mesh_sdk.c.obj
 .text.sleep_forever
                0x0001c570       0x24 examples/light_switch/client/CMakeFiles/light_switch_client_nrf51422_xxAC_s130_2.0.1.dir/__/__/nrf_mesh_sdk.c.obj
 .text.mesh_assert_handler
                0x0001c594       0x64 examples/light_switch/client/CMakeFiles/light_switch_client_nrf51422_xxAC_s130_2.0.1.dir/__/__/nrf_mesh_sdk.c.obj
                0x0001c594                mesh_assert_handler
 .text.softdevice_assert_handler
                0x0001c5f8       0x7c examples/light_switch/client/CMakeFiles/light_switch_client_nrf51422_xxAC_s130_2.0.1.dir/__/__/nrf_mesh_sdk.c.obj
                0x0001c5f8                softdevice_assert_handler
 .text.app_error_handler
                0x0001c674       0x7c examples/light_switch/client/CMakeFiles/light_switch_client_nrf51422_xxAC_s130_2.0.1.dir/__/__/nrf_mesh_sdk.c.obj
                0x0001c674                app_error_handler
 .text.HardFault_Handler
                0x0001c6f0       0x60 examples/light_switch/client/CMakeFiles/light_switch_client_nrf51422_xxAC_s130_2.0.1.dir/__/__/nrf_mesh_sdk.c.obj
                0x0001c6f0                HardFault_Handler
 .text.SWI2_IRQHandler
                0x0001c750       0x38 examples/light_switch/client/CMakeFiles/light_switch_client_nrf51422_xxAC_s130_2.0.1.dir/__/__/nrf_mesh_sdk.c.obj
                0x0001c750                SWI2_IRQHandler
 .text.mesh_softdevice_enable
                0x0001c788      0x12c examples/light_switch/client/CMakeFiles/light_switch_client_nrf51422_xxAC_s130_2.0.1.dir/__/__/nrf_mesh_sdk.c.obj
                0x0001c788                mesh_softdevice_enable
 .text.mesh_softdevice_setup
                0x0001c8b4       0x80 examples/light_switch/client/CMakeFiles/light_switch_client_nrf51422_xxAC_s130_2.0.1.dir/__/__/nrf_mesh_sdk.c.obj
                0x0001c8b4                mesh_softdevice_setup
 .text.mesh_core_setup
                0x0001c934      0x158 examples/light_switch/client/CMakeFiles/light_switch_client_nrf51422_xxAC_s130_2.0.1.dir/__/__/nrf_mesh_sdk.c.obj
                0x0001c934                mesh_core_setup
 .text.hal_led_pin_get
                0x0001ca8c       0x1c examples/light_switch/client/CMakeFiles/light_switch_client_nrf51422_xxAC_s130_2.0.1.dir/__/__/hal/src/simple_hal.c.obj
                0x0001ca8c                hal_led_pin_get
 .text.hal_led_pin_set
                0x0001caa8       0x1c examples/light_switch/client/CMakeFiles/light_switch_client_nrf51422_xxAC_s130_2.0.1.dir/__/__/hal/src/simple_hal.c.obj
                0x0001caa8                hal_led_pin_set
 .text.hal_led_blink_ms
                0x0001cac4       0x58 examples/light_switch/client/CMakeFiles/light_switch_client_nrf51422_xxAC_s130_2.0.1.dir/__/__/hal/src/simple_hal.c.obj
                0x0001cac4                hal_led_blink_ms
 .text.hal_leds_init
                0x0001cb1c       0x40 examples/light_switch/client/CMakeFiles/light_switch_client_nrf51422_xxAC_s130_2.0.1.dir/__/__/hal/src/simple_hal.c.obj
                0x0001cb1c                hal_leds_init
 .text.hal_buttons_init
                0x0001cb5c       0x6c examples/light_switch/client/CMakeFiles/light_switch_client_nrf51422_xxAC_s130_2.0.1.dir/__/__/hal/src/simple_hal.c.obj
                0x0001cb5c                hal_buttons_init
 .text.GPIOTE_IRQHandler
                0x0001cbc8       0x6c examples/light_switch/client/CMakeFiles/light_switch_client_nrf51422_xxAC_s130_2.0.1.dir/__/__/hal/src/simple_hal.c.obj
                0x0001cbc8                GPIOTE_IRQHandler
 .text._weak_handler
                0x0001cc34        0x4 examples/light_switch/client/CMakeFiles/light_switch_client_nrf51422_xxAC_s130_2.0.1.dir/__/__/nrf_mesh_weak.c.obj
                0x0001cc34                nrf_mesh_dfu_init
                0x0001cc34                nrf_mesh_dfu_jump_to_bootloader
                0x0001cc34                nrf_mesh_dfu_rx
                0x0001cc34                nrf_mesh_dfu_bank_info_get
                0x0001cc34                nrf_mesh_dfu_request
                0x0001cc34                nrf_mesh_dfu_bank_flash
                0x0001cc34                _weak_handler
                0x0001cc34                prov_provisionee_auth_data
                0x0001cc34                nrf_mesh_dfu_relay
                0x0001cc34                prov_provisionee_shared_secret
                0x0001cc34                nrf_mesh_dfu_abort
                0x0001cc34                mesh_flash_op_execute
                0x0001cc34                prov_provisionee_init
                0x0001cc34                nrf_mesh_dfu_state_get
 .text.reliable_status_cb
                0x0001cc38       0x48 examples/light_switch/client/CMakeFiles/light_switch_client_nrf51422_xxAC_s130_2.0.1.dir/__/__/__/models/simple_on_off/src/simple_on_off_client.c.obj
 .text.handle_status_cb
                0x0001cc80       0x64 examples/light_switch/client/CMakeFiles/light_switch_client_nrf51422_xxAC_s130_2.0.1.dir/__/__/__/models/simple_on_off/src/simple_on_off_client.c.obj
 .text.simple_on_off_client_init
                0x0001cce4       0x3c examples/light_switch/client/CMakeFiles/light_switch_client_nrf51422_xxAC_s130_2.0.1.dir/__/__/__/models/simple_on_off/src/simple_on_off_client.c.obj
                0x0001cce4                simple_on_off_client_init
 .text.simple_on_off_client_set
                0x0001cd20       0x68 examples/light_switch/client/CMakeFiles/light_switch_client_nrf51422_xxAC_s130_2.0.1.dir/__/__/__/models/simple_on_off/src/simple_on_off_client.c.obj
                0x0001cd20                simple_on_off_client_set
 .text.simple_on_off_client_set_unreliable
                0x0001cd88       0x48 examples/light_switch/client/CMakeFiles/light_switch_client_nrf51422_xxAC_s130_2.0.1.dir/__/__/__/models/simple_on_off/src/simple_on_off_client.c.obj
                0x0001cd88                simple_on_off_client_set_unreliable
 .text.reliable_status_cb
                0x0001cdd0       0x34 examples/light_switch/client/CMakeFiles/light_switch_client_nrf51422_xxAC_s130_2.0.1.dir/__/__/__/models/config/src/config_client.c.obj
 .text.send_reliable
                0x0001ce04       0x58 examples/light_switch/client/CMakeFiles/light_switch_client_nrf51422_xxAC_s130_2.0.1.dir/__/__/__/models/config/src/config_client.c.obj
 .text.subscription_add_del_owr_send.isra.1
                0x0001ce5c       0x84 examples/light_switch/client/CMakeFiles/light_switch_client_nrf51422_xxAC_s130_2.0.1.dir/__/__/__/models/config/src/config_client.c.obj
 .text.subscription_virtual_add_del_owr_send.isra.2
                0x0001cee0       0x7c examples/light_switch/client/CMakeFiles/light_switch_client_nrf51422_xxAC_s130_2.0.1.dir/__/__/__/models/config/src/config_client.c.obj
 .text.client_in_wrong_state.constprop.3
                0x0001cf5c       0x24 examples/light_switch/client/CMakeFiles/light_switch_client_nrf51422_xxAC_s130_2.0.1.dir/__/__/__/models/config/src/config_client.c.obj
 .text.app_bind_unbind_send
                0x0001cf80       0x98 examples/light_switch/client/CMakeFiles/light_switch_client_nrf51422_xxAC_s130_2.0.1.dir/__/__/__/models/config/src/config_client.c.obj
 .text.config_opcode_handler
                0x0001d018       0x68 examples/light_switch/client/CMakeFiles/light_switch_client_nrf51422_xxAC_s130_2.0.1.dir/__/__/__/models/config/src/config_client.c.obj
 .text.config_client_init
                0x0001d080       0x64 examples/light_switch/client/CMakeFiles/light_switch_client_nrf51422_xxAC_s130_2.0.1.dir/__/__/__/models/config/src/config_client.c.obj
                0x0001d080                config_client_init
 .text.config_client_server_set
                0x0001d0e4       0x98 examples/light_switch/client/CMakeFiles/light_switch_client_nrf51422_xxAC_s130_2.0.1.dir/__/__/__/models/config/src/config_client.c.obj
                0x0001d0e4                config_client_server_set
 .text.config_client_server_bind
                0x0001d17c       0x30 examples/light_switch/client/CMakeFiles/light_switch_client_nrf51422_xxAC_s130_2.0.1.dir/__/__/__/models/config/src/config_client.c.obj
                0x0001d17c                config_client_server_bind
 .text.config_client_composition_data_get
                0x0001d1ac       0x58 examples/light_switch/client/CMakeFiles/light_switch_client_nrf51422_xxAC_s130_2.0.1.dir/__/__/__/models/config/src/config_client.c.obj
                0x0001d1ac                config_client_composition_data_get
 .text.config_client_appkey_add
                0x0001d204       0x9c examples/light_switch/client/CMakeFiles/light_switch_client_nrf51422_xxAC_s130_2.0.1.dir/__/__/__/models/config/src/config_client.c.obj
                0x0001d204                config_client_appkey_add
 .text.config_client_model_publication_set
                0x0001d2a0      0x188 examples/light_switch/client/CMakeFiles/light_switch_client_nrf51422_xxAC_s130_2.0.1.dir/__/__/__/models/config/src/config_client.c.obj
                0x0001d2a0                config_client_model_publication_set
 .text.config_client_model_subscription_add
                0x0001d428       0x4c examples/light_switch/client/CMakeFiles/light_switch_client_nrf51422_xxAC_s130_2.0.1.dir/__/__/__/models/config/src/config_client.c.obj
                0x0001d428                config_client_model_subscription_add
 .text.config_client_model_app_bind
                0x0001d474       0x10 examples/light_switch/client/CMakeFiles/light_switch_client_nrf51422_xxAC_s130_2.0.1.dir/__/__/__/models/config/src/config_client.c.obj
                0x0001d474                config_client_model_app_bind
 .text.handle_fault_status
                0x0001d484       0x50 examples/light_switch/client/CMakeFiles/light_switch_client_nrf51422_xxAC_s130_2.0.1.dir/__/__/__/models/health/src/health_client.c.obj
 .text.handle_period_status
                0x0001d4d4       0x26 examples/light_switch/client/CMakeFiles/light_switch_client_nrf51422_xxAC_s130_2.0.1.dir/__/__/__/models/health/src/health_client.c.obj
 .text.handle_attention_status
                0x0001d4fa       0x26 examples/light_switch/client/CMakeFiles/light_switch_client_nrf51422_xxAC_s130_2.0.1.dir/__/__/__/models/health/src/health_client.c.obj
 .text.health_client_init
                0x0001d520       0x50 examples/light_switch/client/CMakeFiles/light_switch_client_nrf51422_xxAC_s130_2.0.1.dir/__/__/__/models/health/src/health_client.c.obj
                0x0001d520                health_client_init
 .text.add_to_publication_list
                0x0001d570       0x60 examples/light_switch/client/CMakeFiles/light_switch_client_nrf51422_xxAC_s130_2.0.1.dir/__/__/__/mesh/access/src/access_publish.c.obj
 .text.step_resolution_to_us
                0x0001d5d0       0x48 examples/light_switch/client/CMakeFiles/light_switch_client_nrf51422_xxAC_s130_2.0.1.dir/__/__/__/mesh/access/src/access_publish.c.obj
 .text.schedule_publication_timer
                0x0001d618      0x16c examples/light_switch/client/CMakeFiles/light_switch_client_nrf51422_xxAC_s130_2.0.1.dir/__/__/__/mesh/access/src/access_publish.c.obj
 .text.publish_timer_tick
                0x0001d784       0xac examples/light_switch/client/CMakeFiles/light_switch_client_nrf51422_xxAC_s130_2.0.1.dir/__/__/__/mesh/access/src/access_publish.c.obj
 .text.access_publish_init
                0x0001d830       0x38 examples/light_switch/client/CMakeFiles/light_switch_client_nrf51422_xxAC_s130_2.0.1.dir/__/__/__/mesh/access/src/access_publish.c.obj
                0x0001d830                access_publish_init
 .text.bitfield_get
                0x0001d868       0x18 examples/light_switch/client/CMakeFiles/light_switch_client_nrf51422_xxAC_s130_2.0.1.dir/__/__/__/mesh/access/src/access.c.obj
 .text.is_valid_opcode
                0x0001d880       0x4c examples/light_switch/client/CMakeFiles/light_switch_client_nrf51422_xxAC_s130_2.0.1.dir/__/__/__/mesh/access/src/access.c.obj
 .text.model_handle_valid_and_allocated
                0x0001d8cc       0x20 examples/light_switch/client/CMakeFiles/light_switch_client_nrf51422_xxAC_s130_2.0.1.dir/__/__/__/mesh/access/src/access.c.obj
 .text.flash_invalidate_complete
                0x0001d8ec       0x18 examples/light_switch/client/CMakeFiles/light_switch_client_nrf51422_xxAC_s130_2.0.1.dir/__/__/__/mesh/access/src/access.c.obj
 .text.flash_manager_mem_available
                0x0001d904        0x6 examples/light_switch/client/CMakeFiles/light_switch_client_nrf51422_xxAC_s130_2.0.1.dir/__/__/__/mesh/access/src/access.c.obj
 *fill*         0x0001d90a        0x2 
 .text.restore_acquired_subscription
                0x0001d90c       0x2c examples/light_switch/client/CMakeFiles/light_switch_client_nrf51422_xxAC_s130_2.0.1.dir/__/__/__/mesh/access/src/access.c.obj
 .text.restore_acquired_element
                0x0001d938       0x20 examples/light_switch/client/CMakeFiles/light_switch_client_nrf51422_xxAC_s130_2.0.1.dir/__/__/__/mesh/access/src/access.c.obj
 .text.restore_flash_data
                0x0001d958       0x5c examples/light_switch/client/CMakeFiles/light_switch_client_nrf51422_xxAC_s130_2.0.1.dir/__/__/__/mesh/access/src/access.c.obj
 .text.access_flash_config_clear
                0x0001d9b4       0x28 examples/light_switch/client/CMakeFiles/light_switch_client_nrf51422_xxAC_s130_2.0.1.dir/__/__/__/mesh/access/src/access.c.obj
 .text.access_flash_config_store
                0x0001d9dc      0x144 examples/light_switch/client/CMakeFiles/light_switch_client_nrf51422_xxAC_s130_2.0.1.dir/__/__/__/mesh/access/src/access.c.obj
                0x0001d9dc                access_flash_config_store
 .text.access_state_clear
                0x0001db20       0x4c examples/light_switch/client/CMakeFiles/light_switch_client_nrf51422_xxAC_s130_2.0.1.dir/__/__/__/mesh/access/src/access.c.obj
 .text.add_flash_manager
                0x0001db6c       0x5c examples/light_switch/client/CMakeFiles/light_switch_client_nrf51422_xxAC_s130_2.0.1.dir/__/__/__/mesh/access/src/access.c.obj
 .text.flash_remove_complete
                0x0001dbc8       0x6c examples/light_switch/client/CMakeFiles/light_switch_client_nrf51422_xxAC_s130_2.0.1.dir/__/__/__/mesh/access/src/access.c.obj
 .text.flash_write_complete
                0x0001dc34       0x54 examples/light_switch/client/CMakeFiles/light_switch_client_nrf51422_xxAC_s130_2.0.1.dir/__/__/__/mesh/access/src/access.c.obj
 .text.unlikely.bitfield_next_get.part.0.constprop.3
                0x0001dc88       0x34 examples/light_switch/client/CMakeFiles/light_switch_client_nrf51422_xxAC_s130_2.0.1.dir/__/__/__/mesh/access/src/access.c.obj
 .text.restore_acquired_model
                0x0001dcbc       0x88 examples/light_switch/client/CMakeFiles/light_switch_client_nrf51422_xxAC_s130_2.0.1.dir/__/__/__/mesh/access/src/access.c.obj
 .text.handle_incoming
                0x0001dd44      0x168 examples/light_switch/client/CMakeFiles/light_switch_client_nrf51422_xxAC_s130_2.0.1.dir/__/__/__/mesh/access/src/access.c.obj
 .text.mesh_evt_cb
                0x0001deac      0x130 examples/light_switch/client/CMakeFiles/light_switch_client_nrf51422_xxAC_s130_2.0.1.dir/__/__/__/mesh/access/src/access.c.obj
 .text.packet_tx
                0x0001dfdc      0x2f8 examples/light_switch/client/CMakeFiles/light_switch_client_nrf51422_xxAC_s130_2.0.1.dir/__/__/__/mesh/access/src/access.c.obj
 .text.access_flash_config_load
                0x0001e2d4      0x134 examples/light_switch/client/CMakeFiles/light_switch_client_nrf51422_xxAC_s130_2.0.1.dir/__/__/__/mesh/access/src/access.c.obj
                0x0001e2d4                access_flash_config_load
 .text.access_init
                0x0001e408       0x28 examples/light_switch/client/CMakeFiles/light_switch_client_nrf51422_xxAC_s130_2.0.1.dir/__/__/__/mesh/access/src/access.c.obj
                0x0001e408                access_init
 .text.access_model_add
                0x0001e430      0x1ac examples/light_switch/client/CMakeFiles/light_switch_client_nrf51422_xxAC_s130_2.0.1.dir/__/__/__/mesh/access/src/access.c.obj
                0x0001e430                access_model_add
 .text.access_model_publish
                0x0001e5dc       0x14 examples/light_switch/client/CMakeFiles/light_switch_client_nrf51422_xxAC_s130_2.0.1.dir/__/__/__/mesh/access/src/access.c.obj
                0x0001e5dc                access_model_publish
 .text.access_model_publish_address_set
                0x0001e5f0       0x3c examples/light_switch/client/CMakeFiles/light_switch_client_nrf51422_xxAC_s130_2.0.1.dir/__/__/__/mesh/access/src/access.c.obj
                0x0001e5f0                access_model_publish_address_set
 .text.access_model_publish_address_get
                0x0001e62c       0x2c examples/light_switch/client/CMakeFiles/light_switch_client_nrf51422_xxAC_s130_2.0.1.dir/__/__/__/mesh/access/src/access.c.obj
                0x0001e62c                access_model_publish_address_get
 .text.access_model_subscription_list_alloc
                0x0001e658       0x50 examples/light_switch/client/CMakeFiles/light_switch_client_nrf51422_xxAC_s130_2.0.1.dir/__/__/__/mesh/access/src/access.c.obj
                0x0001e658                access_model_subscription_list_alloc
 .text.access_model_application_bind
                0x0001e6a8       0x50 examples/light_switch/client/CMakeFiles/light_switch_client_nrf51422_xxAC_s130_2.0.1.dir/__/__/__/mesh/access/src/access.c.obj
                0x0001e6a8                access_model_application_bind
 .text.access_model_publish_application_set
                0x0001e6f8       0x3c examples/light_switch/client/CMakeFiles/light_switch_client_nrf51422_xxAC_s130_2.0.1.dir/__/__/__/mesh/access/src/access.c.obj
                0x0001e6f8                access_model_publish_application_set
 .text.access_model_publish_ttl_get
                0x0001e734       0x2c examples/light_switch/client/CMakeFiles/light_switch_client_nrf51422_xxAC_s130_2.0.1.dir/__/__/__/mesh/access/src/access.c.obj
                0x0001e734                access_model_publish_ttl_get
 .text.access_model_p_args_get
                0x0001e760       0x2c examples/light_switch/client/CMakeFiles/light_switch_client_nrf51422_xxAC_s130_2.0.1.dir/__/__/__/mesh/access/src/access.c.obj
                0x0001e760                access_model_p_args_get
 .text.remove_and_reschedule
                0x0001e78c       0xd4 examples/light_switch/client/CMakeFiles/light_switch_client_nrf51422_xxAC_s130_2.0.1.dir/__/__/__/mesh/access/src/access_reliable.c.obj
 .text.reliable_timer_cb
                0x0001e860      0x14c examples/light_switch/client/CMakeFiles/light_switch_client_nrf51422_xxAC_s130_2.0.1.dir/__/__/__/mesh/access/src/access_reliable.c.obj
 .text.access_reliable_message_rx_cb
                0x0001e9ac       0x80 examples/light_switch/client/CMakeFiles/light_switch_client_nrf51422_xxAC_s130_2.0.1.dir/__/__/__/mesh/access/src/access_reliable.c.obj
                0x0001e9ac                access_reliable_message_rx_cb
 .text.access_reliable_init
                0x0001ea2c       0x20 examples/light_switch/client/CMakeFiles/light_switch_client_nrf51422_xxAC_s130_2.0.1.dir/__/__/__/mesh/access/src/access_reliable.c.obj
                0x0001ea2c                access_reliable_init
 .text.access_model_reliable_publish
                0x0001ea4c      0x1d0 examples/light_switch/client/CMakeFiles/light_switch_client_nrf51422_xxAC_s130_2.0.1.dir/__/__/__/mesh/access/src/access_reliable.c.obj
                0x0001ea4c                access_model_reliable_publish
 .text.bitfield_get
                0x0001ec1c       0x18 examples/light_switch/client/CMakeFiles/light_switch_client_nrf51422_xxAC_s130_2.0.1.dir/__/__/__/mesh/access/src/device_state_manager.c.obj
 .text.bitfield_set
                0x0001ec34       0x16 examples/light_switch/client/CMakeFiles/light_switch_client_nrf51422_xxAC_s130_2.0.1.dir/__/__/__/mesh/access/src/device_state_manager.c.obj
 .text.bitfield_clear
                0x0001ec4a       0x16 examples/light_switch/client/CMakeFiles/light_switch_client_nrf51422_xxAC_s130_2.0.1.dir/__/__/__/mesh/access/src/device_state_manager.c.obj
 .text.bitfield_is_all_clear
                0x0001ec60       0x3a examples/light_switch/client/CMakeFiles/light_switch_client_nrf51422_xxAC_s130_2.0.1.dir/__/__/__/mesh/access/src/device_state_manager.c.obj
 *fill*         0x0001ec9a        0x2 
 .text.address_handle_virtual_valid
                0x0001ec9c       0x18 examples/light_switch/client/CMakeFiles/light_switch_client_nrf51422_xxAC_s130_2.0.1.dir/__/__/__/mesh/access/src/device_state_manager.c.obj
 .text.net_key_handle_get
                0x0001ecb4       0x38 examples/light_switch/client/CMakeFiles/light_switch_client_nrf51422_xxAC_s130_2.0.1.dir/__/__/__/mesh/access/src/device_state_manager.c.obj
 .text.dev_key_handle_get
                0x0001ecec       0x50 examples/light_switch/client/CMakeFiles/light_switch_client_nrf51422_xxAC_s130_2.0.1.dir/__/__/__/mesh/access/src/device_state_manager.c.obj
 .text.app_key_handle_get
                0x0001ed3c       0x38 examples/light_switch/client/CMakeFiles/light_switch_client_nrf51422_xxAC_s130_2.0.1.dir/__/__/__/mesh/access/src/device_state_manager.c.obj
 .text.addr_nonvirtual_to_flash_entry
                0x0001ed74       0x10 examples/light_switch/client/CMakeFiles/light_switch_client_nrf51422_xxAC_s130_2.0.1.dir/__/__/__/mesh/access/src/device_state_manager.c.obj
 .text.flash_mem_listener_callback
                0x0001ed84       0x20 examples/light_switch/client/CMakeFiles/light_switch_client_nrf51422_xxAC_s130_2.0.1.dir/__/__/__/mesh/access/src/device_state_manager.c.obj
 .text.devkey_set
                0x0001eda4       0x4c examples/light_switch/client/CMakeFiles/light_switch_client_nrf51422_xxAC_s130_2.0.1.dir/__/__/__/mesh/access/src/device_state_manager.c.obj
 .text.devkey_to_dsm_entry
                0x0001edf0       0x14 examples/light_switch/client/CMakeFiles/light_switch_client_nrf51422_xxAC_s130_2.0.1.dir/__/__/__/mesh/access/src/device_state_manager.c.obj
 .text.devkey_to_flash_entry
                0x0001ee04       0x28 examples/light_switch/client/CMakeFiles/light_switch_client_nrf51422_xxAC_s130_2.0.1.dir/__/__/__/mesh/access/src/device_state_manager.c.obj
 .text.appkey_to_flash_entry
                0x0001ee2c       0x28 examples/light_switch/client/CMakeFiles/light_switch_client_nrf51422_xxAC_s130_2.0.1.dir/__/__/__/mesh/access/src/device_state_manager.c.obj
 .text.subnet_to_flash_entry
                0x0001ee54       0x20 examples/light_switch/client/CMakeFiles/light_switch_client_nrf51422_xxAC_s130_2.0.1.dir/__/__/__/mesh/access/src/device_state_manager.c.obj
 .text.addr_virtual_to_flash_entry
                0x0001ee74       0x1c examples/light_switch/client/CMakeFiles/light_switch_client_nrf51422_xxAC_s130_2.0.1.dir/__/__/__/mesh/access/src/device_state_manager.c.obj
 .text.addr_unicast_to_dsm_entry
                0x0001ee90       0x10 examples/light_switch/client/CMakeFiles/light_switch_client_nrf51422_xxAC_s130_2.0.1.dir/__/__/__/mesh/access/src/device_state_manager.c.obj
 .text.addr_unicast_to_flash_entry
                0x0001eea0       0x14 examples/light_switch/client/CMakeFiles/light_switch_client_nrf51422_xxAC_s130_2.0.1.dir/__/__/__/mesh/access/src/device_state_manager.c.obj
 .text.appkey_set
                0x0001eeb4       0x74 examples/light_switch/client/CMakeFiles/light_switch_client_nrf51422_xxAC_s130_2.0.1.dir/__/__/__/mesh/access/src/device_state_manager.c.obj
 .text.appkey_to_dsm_entry
                0x0001ef28       0x12 examples/light_switch/client/CMakeFiles/light_switch_client_nrf51422_xxAC_s130_2.0.1.dir/__/__/__/mesh/access/src/device_state_manager.c.obj
 *fill*         0x0001ef3a        0x2 
 .text.subnet_set
                0x0001ef3c       0xa0 examples/light_switch/client/CMakeFiles/light_switch_client_nrf51422_xxAC_s130_2.0.1.dir/__/__/__/mesh/access/src/device_state_manager.c.obj
 .text.subnet_to_dsm_entry
                0x0001efdc       0x10 examples/light_switch/client/CMakeFiles/light_switch_client_nrf51422_xxAC_s130_2.0.1.dir/__/__/__/mesh/access/src/device_state_manager.c.obj
 .text.virtual_address_set
                0x0001efec       0x58 examples/light_switch/client/CMakeFiles/light_switch_client_nrf51422_xxAC_s130_2.0.1.dir/__/__/__/mesh/access/src/device_state_manager.c.obj
 .text.addr_virtual_to_dsm_entry
                0x0001f044       0x10 examples/light_switch/client/CMakeFiles/light_switch_client_nrf51422_xxAC_s130_2.0.1.dir/__/__/__/mesh/access/src/device_state_manager.c.obj
 .text.flash_save
                0x0001f054       0x88 examples/light_switch/client/CMakeFiles/light_switch_client_nrf51422_xxAC_s130_2.0.1.dir/__/__/__/mesh/access/src/device_state_manager.c.obj
 .text.flash_invalidate
                0x0001f0dc       0x6c examples/light_switch/client/CMakeFiles/light_switch_client_nrf51422_xxAC_s130_2.0.1.dir/__/__/__/mesh/access/src/device_state_manager.c.obj
 .text.flash_update_all
                0x0001f148       0x70 examples/light_switch/client/CMakeFiles/light_switch_client_nrf51422_xxAC_s130_2.0.1.dir/__/__/__/mesh/access/src/device_state_manager.c.obj
 .text.reset_flash_area
                0x0001f1b8       0x28 examples/light_switch/client/CMakeFiles/light_switch_client_nrf51422_xxAC_s130_2.0.1.dir/__/__/__/mesh/access/src/device_state_manager.c.obj
 .text.virtual_address_uuid_index_get
                0x0001f1e0       0x40 examples/light_switch/client/CMakeFiles/light_switch_client_nrf51422_xxAC_s130_2.0.1.dir/__/__/__/mesh/access/src/device_state_manager.c.obj
 .text.get_subnet_handle
                0x0001f220       0x38 examples/light_switch/client/CMakeFiles/light_switch_client_nrf51422_xxAC_s130_2.0.1.dir/__/__/__/mesh/access/src/device_state_manager.c.obj
 .text.get_app_handle
                0x0001f258       0x50 examples/light_switch/client/CMakeFiles/light_switch_client_nrf51422_xxAC_s130_2.0.1.dir/__/__/__/mesh/access/src/device_state_manager.c.obj
 .text.flash_operation_complete
                0x0001f2a8       0x58 examples/light_switch/client/CMakeFiles/light_switch_client_nrf51422_xxAC_s130_2.0.1.dir/__/__/__/mesh/access/src/device_state_manager.c.obj
 .text.flash_invalidate_complete
                0x0001f300        0xc examples/light_switch/client/CMakeFiles/light_switch_client_nrf51422_xxAC_s130_2.0.1.dir/__/__/__/mesh/access/src/device_state_manager.c.obj
 .text.flash_write_complete
                0x0001f30c        0xc examples/light_switch/client/CMakeFiles/light_switch_client_nrf51422_xxAC_s130_2.0.1.dir/__/__/__/mesh/access/src/device_state_manager.c.obj
 .text.add_address.part.5
                0x0001f318      0x138 examples/light_switch/client/CMakeFiles/light_switch_client_nrf51422_xxAC_s130_2.0.1.dir/__/__/__/mesh/access/src/device_state_manager.c.obj
 .text.address_handle_valid
                0x0001f450       0x28 examples/light_switch/client/CMakeFiles/light_switch_client_nrf51422_xxAC_s130_2.0.1.dir/__/__/__/mesh/access/src/device_state_manager.c.obj
 .text.address_handle_nonvirtual_valid
                0x0001f478       0x18 examples/light_switch/client/CMakeFiles/light_switch_client_nrf51422_xxAC_s130_2.0.1.dir/__/__/__/mesh/access/src/device_state_manager.c.obj
 .text.address_delete_if_unused
                0x0001f490       0x7c examples/light_switch/client/CMakeFiles/light_switch_client_nrf51422_xxAC_s130_2.0.1.dir/__/__/__/mesh/access/src/device_state_manager.c.obj
 .text.addr_nonvirtual_to_dsm_entry
                0x0001f50c       0x34 examples/light_switch/client/CMakeFiles/light_switch_client_nrf51422_xxAC_s130_2.0.1.dir/__/__/__/mesh/access/src/device_state_manager.c.obj
 .text.dsm_flash_config_load
                0x0001f540       0xf0 examples/light_switch/client/CMakeFiles/light_switch_client_nrf51422_xxAC_s130_2.0.1.dir/__/__/__/mesh/access/src/device_state_manager.c.obj
                0x0001f540                dsm_flash_config_load
 .text.dsm_flash_area_get
                0x0001f630       0x10 examples/light_switch/client/CMakeFiles/light_switch_client_nrf51422_xxAC_s130_2.0.1.dir/__/__/__/mesh/access/src/device_state_manager.c.obj
                0x0001f630                dsm_flash_area_get
 .text.build_flash_area
                0x0001f640       0x8c examples/light_switch/client/CMakeFiles/light_switch_client_nrf51422_xxAC_s130_2.0.1.dir/__/__/__/mesh/access/src/device_state_manager.c.obj
 .text.dsm_init
                0x0001f6cc       0x28 examples/light_switch/client/CMakeFiles/light_switch_client_nrf51422_xxAC_s130_2.0.1.dir/__/__/__/mesh/access/src/device_state_manager.c.obj
                0x0001f6cc                dsm_init
 .text.flash_remove_complete
                0x0001f6f4        0x8 examples/light_switch/client/CMakeFiles/light_switch_client_nrf51422_xxAC_s130_2.0.1.dir/__/__/__/mesh/access/src/device_state_manager.c.obj
 .text.dsm_local_unicast_addresses_set
                0x0001f6fc       0x74 examples/light_switch/client/CMakeFiles/light_switch_client_nrf51422_xxAC_s130_2.0.1.dir/__/__/__/mesh/access/src/device_state_manager.c.obj
                0x0001f6fc                dsm_local_unicast_addresses_set
 .text.dsm_local_unicast_addresses_get
                0x0001f770       0x2c examples/light_switch/client/CMakeFiles/light_switch_client_nrf51422_xxAC_s130_2.0.1.dir/__/__/__/mesh/access/src/device_state_manager.c.obj
                0x0001f770                dsm_local_unicast_addresses_get
 .text.dsm_address_publish_add
                0x0001f79c       0x14 examples/light_switch/client/CMakeFiles/light_switch_client_nrf51422_xxAC_s130_2.0.1.dir/__/__/__/mesh/access/src/device_state_manager.c.obj
                0x0001f79c                dsm_address_publish_add
 .text.dsm_address_publish_add_handle
                0x0001f7b0       0x38 examples/light_switch/client/CMakeFiles/light_switch_client_nrf51422_xxAC_s130_2.0.1.dir/__/__/__/mesh/access/src/device_state_manager.c.obj
                0x0001f7b0                dsm_address_publish_add_handle
 .text.dsm_address_publish_remove
                0x0001f7e8       0x40 examples/light_switch/client/CMakeFiles/light_switch_client_nrf51422_xxAC_s130_2.0.1.dir/__/__/__/mesh/access/src/device_state_manager.c.obj
                0x0001f7e8                dsm_address_publish_remove
 .text.dsm_address_subscription_add_handle
                0x0001f828       0x38 examples/light_switch/client/CMakeFiles/light_switch_client_nrf51422_xxAC_s130_2.0.1.dir/__/__/__/mesh/access/src/device_state_manager.c.obj
                0x0001f828                dsm_address_subscription_add_handle
 .text.dsm_address_subscription_get
                0x0001f860       0x34 examples/light_switch/client/CMakeFiles/light_switch_client_nrf51422_xxAC_s130_2.0.1.dir/__/__/__/mesh/access/src/device_state_manager.c.obj
                0x0001f860                dsm_address_subscription_get
 .text.dsm_address_get
                0x0001f894       0x5c examples/light_switch/client/CMakeFiles/light_switch_client_nrf51422_xxAC_s130_2.0.1.dir/__/__/__/mesh/access/src/device_state_manager.c.obj
                0x0001f894                dsm_address_get
 .text.dsm_address_get_all
                0x0001f8f0       0x5c examples/light_switch/client/CMakeFiles/light_switch_client_nrf51422_xxAC_s130_2.0.1.dir/__/__/__/mesh/access/src/device_state_manager.c.obj
                0x0001f8f0                dsm_address_get_all
 .text.dsm_address_handle_get
                0x0001f94c       0x98 examples/light_switch/client/CMakeFiles/light_switch_client_nrf51422_xxAC_s130_2.0.1.dir/__/__/__/mesh/access/src/device_state_manager.c.obj
                0x0001f94c                dsm_address_handle_get
 .text.dsm_appkey_handle_get
                0x0001f9e4       0x14 examples/light_switch/client/CMakeFiles/light_switch_client_nrf51422_xxAC_s130_2.0.1.dir/__/__/__/mesh/access/src/device_state_manager.c.obj
                0x0001f9e4                dsm_appkey_handle_get
 .text.dsm_subnet_add
                0x0001f9f8       0x60 examples/light_switch/client/CMakeFiles/light_switch_client_nrf51422_xxAC_s130_2.0.1.dir/__/__/__/mesh/access/src/device_state_manager.c.obj
                0x0001f9f8                dsm_subnet_add
 .text.dsm_subnet_get_all
                0x0001fa58       0x44 examples/light_switch/client/CMakeFiles/light_switch_client_nrf51422_xxAC_s130_2.0.1.dir/__/__/__/mesh/access/src/device_state_manager.c.obj
                0x0001fa58                dsm_subnet_get_all
 .text.dsm_devkey_add
                0x0001fa9c       0x7c examples/light_switch/client/CMakeFiles/light_switch_client_nrf51422_xxAC_s130_2.0.1.dir/__/__/__/mesh/access/src/device_state_manager.c.obj
                0x0001fa9c                dsm_devkey_add
 .text.dsm_devkey_delete
                0x0001fb18       0x44 examples/light_switch/client/CMakeFiles/light_switch_client_nrf51422_xxAC_s130_2.0.1.dir/__/__/__/mesh/access/src/device_state_manager.c.obj
                0x0001fb18                dsm_devkey_delete
 .text.dsm_devkey_handle_get
                0x0001fb5c       0x30 examples/light_switch/client/CMakeFiles/light_switch_client_nrf51422_xxAC_s130_2.0.1.dir/__/__/__/mesh/access/src/device_state_manager.c.obj
                0x0001fb5c                dsm_devkey_handle_get
 .text.dsm_appkey_add
                0x0001fb8c       0x78 examples/light_switch/client/CMakeFiles/light_switch_client_nrf51422_xxAC_s130_2.0.1.dir/__/__/__/mesh/access/src/device_state_manager.c.obj
                0x0001fb8c                dsm_appkey_add
 .text.dsm_appkey_get_all
                0x0001fc04       0x64 examples/light_switch/client/CMakeFiles/light_switch_client_nrf51422_xxAC_s130_2.0.1.dir/__/__/__/mesh/access/src/device_state_manager.c.obj
                0x0001fc04                dsm_appkey_get_all
 .text.dsm_tx_secmat_get
                0x0001fc68       0xf8 examples/light_switch/client/CMakeFiles/light_switch_client_nrf51422_xxAC_s130_2.0.1.dir/__/__/__/mesh/access/src/device_state_manager.c.obj
                0x0001fc68                dsm_tx_secmat_get
 .text.nrf_mesh_net_secmat_next_get
                0x0001fd60       0x54 examples/light_switch/client/CMakeFiles/light_switch_client_nrf51422_xxAC_s130_2.0.1.dir/__/__/__/mesh/access/src/device_state_manager.c.obj
                0x0001fd60                nrf_mesh_net_secmat_next_get
 .text.nrf_mesh_app_secmat_next_get
                0x0001fdb4       0x88 examples/light_switch/client/CMakeFiles/light_switch_client_nrf51422_xxAC_s130_2.0.1.dir/__/__/__/mesh/access/src/device_state_manager.c.obj
                0x0001fdb4                nrf_mesh_app_secmat_next_get
 .text.nrf_mesh_devkey_secmat_get
                0x0001fe3c       0x50 examples/light_switch/client/CMakeFiles/light_switch_client_nrf51422_xxAC_s130_2.0.1.dir/__/__/__/mesh/access/src/device_state_manager.c.obj
                0x0001fe3c                nrf_mesh_devkey_secmat_get
 .text.nrf_mesh_beacon_info_next_get
                0x0001fe8c       0x78 examples/light_switch/client/CMakeFiles/light_switch_client_nrf51422_xxAC_s130_2.0.1.dir/__/__/__/mesh/access/src/device_state_manager.c.obj
                0x0001fe8c                nrf_mesh_beacon_info_next_get
 .text.nrf_mesh_rx_address_get
                0x0001ff04       0xec examples/light_switch/client/CMakeFiles/light_switch_client_nrf51422_xxAC_s130_2.0.1.dir/__/__/__/mesh/access/src/device_state_manager.c.obj
                0x0001ff04                nrf_mesh_rx_address_get
 .text.send_confirmation
                0x0001fff0       0x34 examples/light_switch/client/CMakeFiles/light_switch_client_nrf51422_xxAC_s130_2.0.1.dir/__/__/__/mesh/prov/src/prov_provisioner.c.obj
 .text.prov_provisioner_cb_link_closed
                0x00020024       0x28 examples/light_switch/client/CMakeFiles/light_switch_client_nrf51422_xxAC_s130_2.0.1.dir/__/__/__/mesh/prov/src/prov_provisioner.c.obj
 .text.prov_provisioner_cb_link_established
                0x0002004c       0x44 examples/light_switch/client/CMakeFiles/light_switch_client_nrf51422_xxAC_s130_2.0.1.dir/__/__/__/mesh/prov/src/prov_provisioner.c.obj
 .text.prov_provisioner_cb_ack_received
                0x00020090       0x50 examples/light_switch/client/CMakeFiles/light_switch_client_nrf51422_xxAC_s130_2.0.1.dir/__/__/__/mesh/prov/src/prov_provisioner.c.obj
 .text.request_authentication
                0x000200e0       0x98 examples/light_switch/client/CMakeFiles/light_switch_client_nrf51422_xxAC_s130_2.0.1.dir/__/__/__/mesh/prov/src/prov_provisioner.c.obj
 .text.prov_provisioner_pkt_in
                0x00020178      0x2ec examples/light_switch/client/CMakeFiles/light_switch_client_nrf51422_xxAC_s130_2.0.1.dir/__/__/__/mesh/prov/src/prov_provisioner.c.obj
 .text.prov_provisioner_provision
                0x00020464       0x54 examples/light_switch/client/CMakeFiles/light_switch_client_nrf51422_xxAC_s130_2.0.1.dir/__/__/__/mesh/prov/src/prov_provisioner.c.obj
                0x00020464                prov_provisioner_provision
 .text.prov_provisioner_oob_use
                0x000204b8       0x8c examples/light_switch/client/CMakeFiles/light_switch_client_nrf51422_xxAC_s130_2.0.1.dir/__/__/__/mesh/prov/src/prov_provisioner.c.obj
                0x000204b8                prov_provisioner_oob_use
 .text.prov_provisioner_auth_data
                0x00020544       0x4c examples/light_switch/client/CMakeFiles/light_switch_client_nrf51422_xxAC_s130_2.0.1.dir/__/__/__/mesh/prov/src/prov_provisioner.c.obj
                0x00020544                prov_provisioner_auth_data
 .text.nrf_mesh_prov_init
                0x00020590       0x34 examples/light_switch/client/CMakeFiles/light_switch_client_nrf51422_xxAC_s130_2.0.1.dir/__/__/__/mesh/prov/src/nrf_mesh_prov.c.obj
                0x00020590                nrf_mesh_prov_init
 .text.nrf_mesh_prov_generate_keys
                0x000205c4        0x8 examples/light_switch/client/CMakeFiles/light_switch_client_nrf51422_xxAC_s130_2.0.1.dir/__/__/__/mesh/prov/src/nrf_mesh_prov.c.obj
                0x000205c4                nrf_mesh_prov_generate_keys
 .text.nrf_mesh_prov_provision
                0x000205cc       0x5c examples/light_switch/client/CMakeFiles/light_switch_client_nrf51422_xxAC_s130_2.0.1.dir/__/__/__/mesh/prov/src/nrf_mesh_prov.c.obj
                0x000205cc                nrf_mesh_prov_provision
 .text.nrf_mesh_prov_oob_use
                0x00020628       0x1c examples/light_switch/client/CMakeFiles/light_switch_client_nrf51422_xxAC_s130_2.0.1.dir/__/__/__/mesh/prov/src/nrf_mesh_prov.c.obj
                0x00020628                nrf_mesh_prov_oob_use
 .text.nrf_mesh_prov_auth_data_provide
                0x00020644       0x1c examples/light_switch/client/CMakeFiles/light_switch_client_nrf51422_xxAC_s130_2.0.1.dir/__/__/__/mesh/prov/src/nrf_mesh_prov.c.obj
                0x00020644                nrf_mesh_prov_auth_data_provide
 .text.send_data
                0x00020660       0x48 examples/light_switch/client/CMakeFiles/light_switch_client_nrf51422_xxAC_s130_2.0.1.dir/__/__/__/mesh/prov/src/provisioning.c.obj
 .text.prov_packet_length_valid
                0x000206a8       0x20 examples/light_switch/client/CMakeFiles/light_switch_client_nrf51422_xxAC_s130_2.0.1.dir/__/__/__/mesh/prov/src/provisioning.c.obj
                0x000206a8                prov_packet_length_valid
 .text.prov_init
                0x000206c8       0x34 examples/light_switch/client/CMakeFiles/light_switch_client_nrf51422_xxAC_s130_2.0.1.dir/__/__/__/mesh/prov/src/provisioning.c.obj
                0x000206c8                prov_init
 .text.prov_link_open
                0x000206fc       0x14 examples/light_switch/client/CMakeFiles/light_switch_client_nrf51422_xxAC_s130_2.0.1.dir/__/__/__/mesh/prov/src/provisioning.c.obj
                0x000206fc                prov_link_open
 .text.prov_link_close
                0x00020710        0xe examples/light_switch/client/CMakeFiles/light_switch_client_nrf51422_xxAC_s130_2.0.1.dir/__/__/__/mesh/prov/src/provisioning.c.obj
                0x00020710                prov_link_close
 .text.prov_tx_invite
                0x0002071e       0x24 examples/light_switch/client/CMakeFiles/light_switch_client_nrf51422_xxAC_s130_2.0.1.dir/__/__/__/mesh/prov/src/provisioning.c.obj
                0x0002071e                prov_tx_invite
 .text.prov_tx_start
                0x00020742       0x1e examples/light_switch/client/CMakeFiles/light_switch_client_nrf51422_xxAC_s130_2.0.1.dir/__/__/__/mesh/prov/src/provisioning.c.obj
                0x00020742                prov_tx_start
 .text.prov_tx_public_key
                0x00020760       0x24 examples/light_switch/client/CMakeFiles/light_switch_client_nrf51422_xxAC_s130_2.0.1.dir/__/__/__/mesh/prov/src/provisioning.c.obj
                0x00020760                prov_tx_public_key
 .text.prov_tx_confirmation
                0x00020784       0x24 examples/light_switch/client/CMakeFiles/light_switch_client_nrf51422_xxAC_s130_2.0.1.dir/__/__/__/mesh/prov/src/provisioning.c.obj
                0x00020784                prov_tx_confirmation
 .text.prov_tx_random
                0x000207a8       0x24 examples/light_switch/client/CMakeFiles/light_switch_client_nrf51422_xxAC_s130_2.0.1.dir/__/__/__/mesh/prov/src/provisioning.c.obj
                0x000207a8                prov_tx_random
 .text.prov_tx_data
                0x000207cc        0xa examples/light_switch/client/CMakeFiles/light_switch_client_nrf51422_xxAC_s130_2.0.1.dir/__/__/__/mesh/prov/src/provisioning.c.obj
                0x000207cc                prov_tx_data
 .text.prov_cb_link_opened
                0x000207d6        0xe examples/light_switch/client/CMakeFiles/light_switch_client_nrf51422_xxAC_s130_2.0.1.dir/__/__/__/mesh/prov/src/provisioning.c.obj
                0x000207d6                prov_cb_link_opened
 .text.prov_cb_link_closed
                0x000207e4        0xe examples/light_switch/client/CMakeFiles/light_switch_client_nrf51422_xxAC_s130_2.0.1.dir/__/__/__/mesh/prov/src/provisioning.c.obj
                0x000207e4                prov_cb_link_closed
 *fill*         0x000207f2        0x2 
 .text.prov_cb_pkt_in
                0x000207f4       0x80 examples/light_switch/client/CMakeFiles/light_switch_client_nrf51422_xxAC_s130_2.0.1.dir/__/__/__/mesh/prov/src/provisioning.c.obj
                0x000207f4                prov_cb_pkt_in
 .text.prov_cb_ack_in
                0x00020874        0xe examples/light_switch/client/CMakeFiles/light_switch_client_nrf51422_xxAC_s130_2.0.1.dir/__/__/__/mesh/prov/src/provisioning.c.obj
                0x00020874                prov_cb_ack_in
 .text.prov_beacon_unprov_build
                0x00020882       0x52 examples/light_switch/client/CMakeFiles/light_switch_client_nrf51422_xxAC_s130_2.0.1.dir/__/__/__/mesh/prov/src/prov_beacon.c.obj
                0x00020882                prov_beacon_unprov_build
 .text.prov_beacon_unprov_packet_in
                0x000208d4       0xb8 examples/light_switch/client/CMakeFiles/light_switch_client_nrf51422_xxAC_s130_2.0.1.dir/__/__/__/mesh/prov/src/prov_beacon.c.obj
                0x000208d4                prov_beacon_unprov_packet_in
 .text.oob_gen_alphanumeric
                0x0002098c       0x34 examples/light_switch/client/CMakeFiles/light_switch_client_nrf51422_xxAC_s130_2.0.1.dir/__/__/__/mesh/prov/src/prov_utils.c.obj
 .text.oob_gen_numeric
                0x000209c0       0x30 examples/light_switch/client/CMakeFiles/light_switch_client_nrf51422_xxAC_s130_2.0.1.dir/__/__/__/mesh/prov/src/prov_utils.c.obj
 .text.prov_utils_use_ecdh_offloading
                0x000209f0        0xc examples/light_switch/client/CMakeFiles/light_switch_client_nrf51422_xxAC_s130_2.0.1.dir/__/__/__/mesh/prov/src/prov_utils.c.obj
                0x000209f0                prov_utils_use_ecdh_offloading
 .text.prov_utils_authentication_values_derive
                0x000209fc       0xc0 examples/light_switch/client/CMakeFiles/light_switch_client_nrf51422_xxAC_s130_2.0.1.dir/__/__/__/mesh/prov/src/prov_utils.c.obj
                0x000209fc                prov_utils_authentication_values_derive
 .text.prov_utils_keys_generate
                0x00020abc       0x20 examples/light_switch/client/CMakeFiles/light_switch_client_nrf51422_xxAC_s130_2.0.1.dir/__/__/__/mesh/prov/src/prov_utils.c.obj
                0x00020abc                prov_utils_keys_generate
 .text.prov_utils_derive_keys
                0x00020adc       0xc0 examples/light_switch/client/CMakeFiles/light_switch_client_nrf51422_xxAC_s130_2.0.1.dir/__/__/__/mesh/prov/src/prov_utils.c.obj
                0x00020adc                prov_utils_derive_keys
 .text.prov_utils_calculate_shared_secret
                0x00020b9c       0x3e examples/light_switch/client/CMakeFiles/light_switch_client_nrf51422_xxAC_s130_2.0.1.dir/__/__/__/mesh/prov/src/prov_utils.c.obj
                0x00020b9c                prov_utils_calculate_shared_secret
 *fill*         0x00020bda        0x2 
 .text.prov_utils_generate_oob_data
                0x00020bdc       0x9c examples/light_switch/client/CMakeFiles/light_switch_client_nrf51422_xxAC_s130_2.0.1.dir/__/__/__/mesh/prov/src/prov_utils.c.obj
                0x00020bdc                prov_utils_generate_oob_data
 .text.prov_utils_confirmation_check
                0x00020c78       0x70 examples/light_switch/client/CMakeFiles/light_switch_client_nrf51422_xxAC_s130_2.0.1.dir/__/__/__/mesh/prov/src/prov_utils.c.obj
                0x00020c78                prov_utils_confirmation_check
 .text.remove_active_bearer
                0x00020ce8       0x68 examples/light_switch/client/CMakeFiles/light_switch_client_nrf51422_xxAC_s130_2.0.1.dir/__/__/__/mesh/prov/src/prov_bearer_adv.c.obj
 .text.prov_bearer_adv_listen_stop
                0x00020d50       0x38 examples/light_switch/client/CMakeFiles/light_switch_client_nrf51422_xxAC_s130_2.0.1.dir/__/__/__/mesh/prov/src/prov_bearer_adv.c.obj
 .text.close_link
                0x00020d88       0x6c examples/light_switch/client/CMakeFiles/light_switch_client_nrf51422_xxAC_s130_2.0.1.dir/__/__/__/mesh/prov/src/prov_bearer_adv.c.obj
 .text.send_packet
                0x00020df4       0x70 examples/light_switch/client/CMakeFiles/light_switch_client_nrf51422_xxAC_s130_2.0.1.dir/__/__/__/mesh/prov/src/prov_bearer_adv.c.obj
 .text.prov_buffer_tx
                0x00020e64      0x168 examples/light_switch/client/CMakeFiles/light_switch_client_nrf51422_xxAC_s130_2.0.1.dir/__/__/__/mesh/prov/src/prov_bearer_adv.c.obj
 .text.send_link_close
                0x00020fcc       0x28 examples/light_switch/client/CMakeFiles/light_switch_client_nrf51422_xxAC_s130_2.0.1.dir/__/__/__/mesh/prov/src/prov_bearer_adv.c.obj
 .text.prov_bearer_adv_link_close
                0x00020ff4       0x78 examples/light_switch/client/CMakeFiles/light_switch_client_nrf51422_xxAC_s130_2.0.1.dir/__/__/__/mesh/prov/src/prov_bearer_adv.c.obj
 .text.send_transaction_ack
                0x0002106c       0x24 examples/light_switch/client/CMakeFiles/light_switch_client_nrf51422_xxAC_s130_2.0.1.dir/__/__/__/mesh/prov/src/prov_bearer_adv.c.obj
 .text.send_link_ack
                0x00021090       0x26 examples/light_switch/client/CMakeFiles/light_switch_client_nrf51422_xxAC_s130_2.0.1.dir/__/__/__/mesh/prov/src/prov_bearer_adv.c.obj
 .text.link_timeout_cb
                0x000210b6        0xc examples/light_switch/client/CMakeFiles/light_switch_client_nrf51422_xxAC_s130_2.0.1.dir/__/__/__/mesh/prov/src/prov_bearer_adv.c.obj
 .text.reset_timeout_timer
                0x000210c2       0x1a examples/light_switch/client/CMakeFiles/light_switch_client_nrf51422_xxAC_s130_2.0.1.dir/__/__/__/mesh/prov/src/prov_bearer_adv.c.obj
 .text.tx_complete_cb
                0x000210dc       0x24 examples/light_switch/client/CMakeFiles/light_switch_client_nrf51422_xxAC_s130_2.0.1.dir/__/__/__/mesh/prov/src/prov_bearer_adv.c.obj
 .text.tx_retry_cb
                0x00021100       0xd4 examples/light_switch/client/CMakeFiles/light_switch_client_nrf51422_xxAC_s130_2.0.1.dir/__/__/__/mesh/prov/src/prov_bearer_adv.c.obj
 .text.add_active_bearer
                0x000211d4       0x88 examples/light_switch/client/CMakeFiles/light_switch_client_nrf51422_xxAC_s130_2.0.1.dir/__/__/__/mesh/prov/src/prov_bearer_adv.c.obj
 .text.prov_bearer_adv_link_open
                0x0002125c       0xf0 examples/light_switch/client/CMakeFiles/light_switch_client_nrf51422_xxAC_s130_2.0.1.dir/__/__/__/mesh/prov/src/prov_bearer_adv.c.obj
 .text.async_process
                0x0002134c       0x58 examples/light_switch/client/CMakeFiles/light_switch_client_nrf51422_xxAC_s130_2.0.1.dir/__/__/__/mesh/prov/src/prov_bearer_adv.c.obj
 .text.prov_bearer_adv_listen
                0x000213a4       0xf4 examples/light_switch/client/CMakeFiles/light_switch_client_nrf51422_xxAC_s130_2.0.1.dir/__/__/__/mesh/prov/src/prov_bearer_adv.c.obj
 .text.calculate_3GPP_CRC
                0x00021498       0x24 examples/light_switch/client/CMakeFiles/light_switch_client_nrf51422_xxAC_s130_2.0.1.dir/__/__/__/mesh/prov/src/prov_bearer_adv.c.obj
                0x00021498                calculate_3GPP_CRC
 .text.prov_bearer_adv_tx
                0x000214bc       0xac examples/light_switch/client/CMakeFiles/light_switch_client_nrf51422_xxAC_s130_2.0.1.dir/__/__/__/mesh/prov/src/prov_bearer_adv.c.obj
 .text.prov_buffer_rx
                0x00021568       0x74 examples/light_switch/client/CMakeFiles/light_switch_client_nrf51422_xxAC_s130_2.0.1.dir/__/__/__/mesh/prov/src/prov_bearer_adv.c.obj
 .text.prov_bearer_adv_interface_get
                0x000215dc       0x24 examples/light_switch/client/CMakeFiles/light_switch_client_nrf51422_xxAC_s130_2.0.1.dir/__/__/__/mesh/prov/src/prov_bearer_adv.c.obj
                0x000215dc                prov_bearer_adv_interface_get
 .text.prov_bearer_adv_packet_in
                0x00021600      0x898 examples/light_switch/client/CMakeFiles/light_switch_client_nrf51422_xxAC_s130_2.0.1.dir/__/__/__/mesh/prov/src/prov_bearer_adv.c.obj
                0x00021600                prov_bearer_adv_packet_in
 .text.SystemInit
                0x00021e98       0xe0 examples/light_switch/client/CMakeFiles/light_switch_client_nrf51422_xxAC_s130_2.0.1.dir/__/__/__/external/nRF5_SDK_14.0.0_3bcc1f7/components/toolchain/system_nrf51.c.obj
                0x00021e98                SystemInit
 .text          0x00021f78       0x4c examples/light_switch/client/CMakeFiles/light_switch_client_nrf51422_xxAC_s130_2.0.1.dir/__/__/__/external/nRF5_SDK_14.0.0_3bcc1f7/components/toolchain/gcc/gcc_startup_nrf51.S.obj
                0x00021f78                Reset_Handler
                0x00021fb8                NMI_Handler
                0x00021fbc                SVC_Handler
                0x00021fbe                PendSV_Handler
                0x00021fc0                SysTick_Handler
                0x00021fc2                RTC0_IRQHandler
                0x00021fc2                POWER_CLOCK_IRQHandler
                0x00021fc2                RADIO_IRQHandler
                0x00021fc2                LPCOMP_IRQHandler
                0x00021fc2                SWI4_IRQHandler
                0x00021fc2                TEMP_IRQHandler
                0x00021fc2                UART0_IRQHandler
                0x00021fc2                SPI0_TWI0_IRQHandler
                0x00021fc2                TIMER0_IRQHandler
                0x00021fc2                TIMER2_IRQHandler
                0x00021fc2                SWI0_IRQHandler
                0x00021fc2                TIMER1_IRQHandler
                0x00021fc2                ECB_IRQHandler
                0x00021fc2                Default_Handler
                0x00021fc2                ADC_IRQHandler
                0x00021fc2                SWI3_IRQHandler
                0x00021fc2                CCM_AAR_IRQHandler
                0x00021fc2                WDT_IRQHandler
                0x00021fc2                SWI5_IRQHandler
                0x00021fc2                RNG_IRQHandler
                0x00021fc2                SPI1_TWI1_IRQHandler
                0x00021fc2                RTC1_IRQHandler
                0x00021fc2                SWI1_IRQHandler
 .text.nrf_mesh_configure_device_uuid_reset
                0x00021fc4       0x28 mesh/core/libmesh_core_nrf51422_xxAC.a(nrf_mesh_configure.c.obj)
                0x00021fc4                nrf_mesh_configure_device_uuid_reset
 .text.nrf_mesh_configure_device_uuid_get
                0x00021fec        0x8 mesh/core/libmesh_core_nrf51422_xxAC.a(nrf_mesh_configure.c.obj)
                0x00021fec                nrf_mesh_configure_device_uuid_get
 .text.event_handle
                0x00021ff4       0x34 mesh/core/libmesh_core_nrf51422_xxAC.a(event.c.obj)
                0x00021ff4                event_handle
 .text.event_handler_add
                0x00022028       0x7c mesh/core/libmesh_core_nrf51422_xxAC.a(event.c.obj)
                0x00022028                event_handler_add
 .text.packet_mgr_init
                0x000220a4       0x54 mesh/core/libmesh_core_nrf51422_xxAC.a(packet_mgr.c.obj)
                0x000220a4                packet_mgr_init
 .text.packet_mgr_alloc
                0x000220f8      0x18c mesh/core/libmesh_core_nrf51422_xxAC.a(packet_mgr.c.obj)
                0x000220f8                packet_mgr_alloc
 .text.packet_mgr_free
                0x00022284       0x6c mesh/core/libmesh_core_nrf51422_xxAC.a(packet_mgr.c.obj)
                0x00022284                packet_mgr_free
 .text.flash_mem_available
                0x000222f0       0x20 mesh/core/libmesh_core_nrf51422_xxAC.a(net_state.c.obj)
 .text.flash_store_iv_index
                0x00022310       0x34 mesh/core/libmesh_core_nrf51422_xxAC.a(net_state.c.obj)
 .text.seqnum_block_allocate
                0x00022344       0x50 mesh/core/libmesh_core_nrf51422_xxAC.a(net_state.c.obj)
 .text.flash_write_complete
                0x00022394       0x80 mesh/core/libmesh_core_nrf51422_xxAC.a(net_state.c.obj)
 .text.net_state_recover_from_flash
                0x00022414       0x8c mesh/core/libmesh_core_nrf51422_xxAC.a(net_state.c.obj)
                0x00022414                net_state_recover_from_flash
 .text.net_state_flash_area_get
                0x000224a0       0x10 mesh/core/libmesh_core_nrf51422_xxAC.a(net_state.c.obj)
                0x000224a0                net_state_flash_area_get
 .text.init_flash_storage
                0x000224b0       0x40 mesh/core/libmesh_core_nrf51422_xxAC.a(net_state.c.obj)
 .text.net_state_init
                0x000224f0       0x48 mesh/core/libmesh_core_nrf51422_xxAC.a(net_state.c.obj)
                0x000224f0                net_state_init
 .text.net_state_iv_update_start
                0x00022538       0x64 mesh/core/libmesh_core_nrf51422_xxAC.a(net_state.c.obj)
                0x00022538                net_state_iv_update_start
 .text.iv_update_trigger_if_pending
                0x0002259c       0x94 mesh/core/libmesh_core_nrf51422_xxAC.a(net_state.c.obj)
 .text.iv_update_timer_handler
                0x00022630       0x80 mesh/core/libmesh_core_nrf51422_xxAC.a(net_state.c.obj)
 .text.net_state_seqnum_alloc
                0x000226b0       0x68 mesh/core/libmesh_core_nrf51422_xxAC.a(net_state.c.obj)
                0x000226b0                net_state_seqnum_alloc
 .text.net_state_iv_index_lock
                0x00022718       0x4c mesh/core/libmesh_core_nrf51422_xxAC.a(net_state.c.obj)
                0x00022718                net_state_iv_index_lock
 .text.net_state_beacon_received
                0x00022764       0x98 mesh/core/libmesh_core_nrf51422_xxAC.a(net_state.c.obj)
                0x00022764                net_state_beacon_received
 .text.net_state_beacon_iv_index_get
                0x000227fc        0xc mesh/core/libmesh_core_nrf51422_xxAC.a(net_state.c.obj)
                0x000227fc                net_state_beacon_iv_index_get
 .text.net_state_tx_iv_index_get
                0x00022808       0x14 mesh/core/libmesh_core_nrf51422_xxAC.a(net_state.c.obj)
                0x00022808                net_state_tx_iv_index_get
 .text.net_state_rx_iv_index_get
                0x0002281c       0x14 mesh/core/libmesh_core_nrf51422_xxAC.a(net_state.c.obj)
                0x0002281c                net_state_rx_iv_index_get
 .text.net_state_iv_update_get
                0x00022830        0xc mesh/core/libmesh_core_nrf51422_xxAC.a(net_state.c.obj)
                0x00022830                net_state_iv_update_get
 .text.nrf_mesh_address_type_get
                0x0002283c       0x14 mesh/core/libmesh_core_nrf51422_xxAC.a(nrf_mesh_utils.c.obj)
                0x0002283c                nrf_mesh_address_type_get
 .text.sd_softdevice_is_enabled
                0x00022850        0x4 mesh/core/libmesh_core_nrf51422_xxAC.a(nrf_mesh.c.obj)
 .text.nrf_mesh_init
                0x00022854       0xb8 mesh/core/libmesh_core_nrf51422_xxAC.a(nrf_mesh.c.obj)
                0x00022854                nrf_mesh_init
 .text.nrf_mesh_enable
                0x0002290c       0x4c mesh/core/libmesh_core_nrf51422_xxAC.a(nrf_mesh.c.obj)
                0x0002290c                nrf_mesh_enable
 .text.nrf_mesh_packet_send
                0x00022958        0x8 mesh/core/libmesh_core_nrf51422_xxAC.a(nrf_mesh.c.obj)
                0x00022958                nrf_mesh_packet_send
 .text.nrf_mesh_process
                0x00022960      0x1c4 mesh/core/libmesh_core_nrf51422_xxAC.a(nrf_mesh.c.obj)
                0x00022960                nrf_mesh_process
 .text.nrf_mesh_on_ble_evt
                0x00022b24        0x4 mesh/core/libmesh_core_nrf51422_xxAC.a(nrf_mesh.c.obj)
                0x00022b24                nrf_mesh_on_ble_evt
 .text.nrf_mesh_on_sd_evt
                0x00022b28        0xa mesh/core/libmesh_core_nrf51422_xxAC.a(nrf_mesh.c.obj)
                0x00022b28                nrf_mesh_on_sd_evt
 .text.nrf_mesh_evt_handler_add
                0x00022b32        0x8 mesh/core/libmesh_core_nrf51422_xxAC.a(nrf_mesh.c.obj)
                0x00022b32                nrf_mesh_evt_handler_add
 *fill*         0x00022b3a        0x2 
 .text.hal_lfclk_ppm_get
                0x00022b3c       0x14 mesh/core/libmesh_core_nrf51422_xxAC.a(hal.c.obj)
                0x00022b3c                hal_lfclk_ppm_get
 .text.add_to_add_list
                0x00022b50       0x4c mesh/core/libmesh_core_nrf51422_xxAC.a(timer_scheduler.c.obj)
 .text.process_dirty_events
                0x00022b9c       0x64 mesh/core/libmesh_core_nrf51422_xxAC.a(timer_scheduler.c.obj)
 .text.timer_cb
                0x00022c00       0x10 mesh/core/libmesh_core_nrf51422_xxAC.a(timer_scheduler.c.obj)
 .text.add_evt.constprop.0
                0x00022c10       0x70 mesh/core/libmesh_core_nrf51422_xxAC.a(timer_scheduler.c.obj)
 .text.process_add_list
                0x00022c80       0x4c mesh/core/libmesh_core_nrf51422_xxAC.a(timer_scheduler.c.obj)
 .text.flag_event_cb
                0x00022ccc      0x104 mesh/core/libmesh_core_nrf51422_xxAC.a(timer_scheduler.c.obj)
 .text.timer_sch_init
                0x00022dd0       0x24 mesh/core/libmesh_core_nrf51422_xxAC.a(timer_scheduler.c.obj)
                0x00022dd0                timer_sch_init
 .text.timer_sch_schedule
                0x00022df4       0x54 mesh/core/libmesh_core_nrf51422_xxAC.a(timer_scheduler.c.obj)
                0x00022df4                timer_sch_schedule
 .text.timer_sch_abort
                0x00022e48       0x68 mesh/core/libmesh_core_nrf51422_xxAC.a(timer_scheduler.c.obj)
                0x00022e48                timer_sch_abort
 .text.timer_sch_reschedule
                0x00022eb0       0x78 mesh/core/libmesh_core_nrf51422_xxAC.a(timer_scheduler.c.obj)
                0x00022eb0                timer_sch_reschedule
 .text.timer_mut_unlock
                0x00022f28       0x10 mesh/core/libmesh_core_nrf51422_xxAC.a(timer.c.obj)
 .text.timer_order_cb
                0x00022f38       0x90 mesh/core/libmesh_core_nrf51422_xxAC.a(timer.c.obj)
                0x00022f38                timer_order_cb
 .text.timer_now
                0x00022fc8       0x54 mesh/core/libmesh_core_nrf51422_xxAC.a(timer.c.obj)
                0x00022fc8                timer_now
 .text.timer_event_handler
                0x0002301c       0x94 mesh/core/libmesh_core_nrf51422_xxAC.a(timer.c.obj)
                0x0002301c                timer_event_handler
 .text.timer_on_ts_begin
                0x000230b0      0x104 mesh/core/libmesh_core_nrf51422_xxAC.a(timer.c.obj)
                0x000230b0                timer_on_ts_begin
 .text.timer_on_ts_end
                0x000231b4       0x64 mesh/core/libmesh_core_nrf51422_xxAC.a(timer.c.obj)
                0x000231b4                timer_on_ts_end
 .text.timer_cb
                0x00023218       0x10 mesh/core/libmesh_core_nrf51422_xxAC.a(ticker.c.obj)
 .text.ticker_init
                0x00023228       0x38 mesh/core/libmesh_core_nrf51422_xxAC.a(ticker.c.obj)
                0x00023228                ticker_init
 .text.sd_rand_application_bytes_available_get
                0x00023260        0x4 mesh/core/libmesh_core_nrf51422_xxAC.a(rand.c.obj)
 .text.sd_rand_application_vector_get
                0x00023264        0x4 mesh/core/libmesh_core_nrf51422_xxAC.a(rand.c.obj)
 .text.rand_prng_get
                0x00023268       0x2e mesh/core/libmesh_core_nrf51422_xxAC.a(rand.c.obj)
                0x00023268                rand_prng_get
 *fill*         0x00023296        0x2 
 .text.rand_hw_rng_get
                0x00023298       0x4c mesh/core/libmesh_core_nrf51422_xxAC.a(rand.c.obj)
                0x00023298                rand_hw_rng_get
 .text.rand_prng_seed
                0x000232e4       0x30 mesh/core/libmesh_core_nrf51422_xxAC.a(rand.c.obj)
                0x000232e4                rand_prng_seed
 .text.sd_radio_session_open
                0x00023314        0x4 mesh/core/libmesh_core_nrf51422_xxAC.a(timeslot.c.obj)
 .text.sd_radio_session_close
                0x00023318        0x4 mesh/core/libmesh_core_nrf51422_xxAC.a(timeslot.c.obj)
 .text.sd_radio_request
                0x0002331c        0x4 mesh/core/libmesh_core_nrf51422_xxAC.a(timeslot.c.obj)
 .text.end_timer_handler
                0x00023320       0x2c mesh/core/libmesh_core_nrf51422_xxAC.a(timeslot.c.obj)
 .text.get_end_time.constprop.10
                0x0002334c       0x28 mesh/core/libmesh_core_nrf51422_xxAC.a(timeslot.c.obj)
 .text.handle_extend_end.constprop.3
                0x00023374       0xc4 mesh/core/libmesh_core_nrf51422_xxAC.a(timeslot.c.obj)
 .text.radio_signal_callback
                0x00023438      0x160 mesh/core/libmesh_core_nrf51422_xxAC.a(timeslot.c.obj)
 .text.timeslot_sd_event_handler
                0x00023598       0x48 mesh/core/libmesh_core_nrf51422_xxAC.a(timeslot.c.obj)
                0x00023598                timeslot_sd_event_handler
 .text.timeslot_init
                0x000235e0       0x4c mesh/core/libmesh_core_nrf51422_xxAC.a(timeslot.c.obj)
                0x000235e0                timeslot_init
 .text.timeslot_start
                0x0002362c       0x1c mesh/core/libmesh_core_nrf51422_xxAC.a(timeslot.c.obj)
                0x0002362c                timeslot_start
 .text.timeslot_end_is_pending
                0x00023648       0x2c mesh/core/libmesh_core_nrf51422_xxAC.a(timeslot.c.obj)
                0x00023648                timeslot_end_is_pending
 .text.timeslot_start_time_get
                0x00023674        0xc mesh/core/libmesh_core_nrf51422_xxAC.a(timeslot.c.obj)
                0x00023674                timeslot_start_time_get
 .text.timeslot_remaining_time_get
                0x00023680       0x24 mesh/core/libmesh_core_nrf51422_xxAC.a(timeslot.c.obj)
                0x00023680                timeslot_remaining_time_get
 .text.timeslot_is_in_cb
                0x000236a4        0xc mesh/core/libmesh_core_nrf51422_xxAC.a(timeslot.c.obj)
                0x000236a4                timeslot_is_in_cb
 .text.timeslot_trigger
                0x000236b0       0x28 mesh/core/libmesh_core_nrf51422_xxAC.a(timeslot.c.obj)
                0x000236b0                timeslot_trigger
 .text.timeslot_stop
                0x000236d8       0x14 mesh/core/libmesh_core_nrf51422_xxAC.a(timeslot.c.obj)
                0x000236d8                timeslot_stop
 .text.timeslot_state_lock
                0x000236ec       0x2c mesh/core/libmesh_core_nrf51422_xxAC.a(timeslot.c.obj)
                0x000236ec                timeslot_state_lock
 .text.evt_push
                0x00023718       0x24 mesh/core/libmesh_core_nrf51422_xxAC.a(bearer_event.c.obj)
 .text.QDEC_IRQHandler
                0x0002373c       0xc4 mesh/core/libmesh_core_nrf51422_xxAC.a(bearer_event.c.obj)
                0x0002373c                QDEC_IRQHandler
 .text.bearer_event_init
                0x00023800       0x48 mesh/core/libmesh_core_nrf51422_xxAC.a(bearer_event.c.obj)
                0x00023800                bearer_event_init
 .text.bearer_event_timer_post
                0x00023848       0x34 mesh/core/libmesh_core_nrf51422_xxAC.a(bearer_event.c.obj)
                0x00023848                bearer_event_timer_post
 .text.bearer_event_critical_section_begin
                0x0002387c       0x48 mesh/core/libmesh_core_nrf51422_xxAC.a(bearer_event.c.obj)
                0x0002387c                bearer_event_critical_section_begin
 .text.bearer_event_critical_section_end
                0x000238c4       0x48 mesh/core/libmesh_core_nrf51422_xxAC.a(bearer_event.c.obj)
                0x000238c4                bearer_event_critical_section_end
 .text.bearer_event_flag_add
                0x0002390c       0x54 mesh/core/libmesh_core_nrf51422_xxAC.a(bearer_event.c.obj)
                0x0002390c                bearer_event_flag_add
 .text.bearer_event_flag_set
                0x00023960       0x58 mesh/core/libmesh_core_nrf51422_xxAC.a(bearer_event.c.obj)
                0x00023960                bearer_event_flag_set
 .text.bearer_event_sequential_add
                0x000239b8       0x4c mesh/core/libmesh_core_nrf51422_xxAC.a(bearer_event.c.obj)
                0x000239b8                bearer_event_sequential_add
 .text.bearer_event_sequential_post
                0x00023a04       0x68 mesh/core/libmesh_core_nrf51422_xxAC.a(bearer_event.c.obj)
                0x00023a04                bearer_event_sequential_post
 .text.bearer_event_sequential_pending
                0x00023a6c       0x20 mesh/core/libmesh_core_nrf51422_xxAC.a(bearer_event.c.obj)
                0x00023a6c                bearer_event_sequential_pending
 .text.enc_aes_encrypt
                0x00023a8c        0x8 mesh/core/libmesh_core_nrf51422_xxAC.a(enc.c.obj)
                0x00023a8c                enc_aes_encrypt
 .text.enc_aes_cmac
                0x00023a94        0x8 mesh/core/libmesh_core_nrf51422_xxAC.a(enc.c.obj)
                0x00023a94                enc_aes_cmac
 .text.enc_aes_ccm_encrypt
                0x00023a9c        0x8 mesh/core/libmesh_core_nrf51422_xxAC.a(enc.c.obj)
                0x00023a9c                enc_aes_ccm_encrypt
 .text.enc_aes_ccm_decrypt
                0x00023aa4        0x8 mesh/core/libmesh_core_nrf51422_xxAC.a(enc.c.obj)
                0x00023aa4                enc_aes_ccm_decrypt
 .text.enc_nonce_generate
                0x00023aac       0xd8 mesh/core/libmesh_core_nrf51422_xxAC.a(enc.c.obj)
                0x00023aac                enc_nonce_generate
 .text.enc_s1   0x00023b84       0x3c mesh/core/libmesh_core_nrf51422_xxAC.a(enc.c.obj)
                0x00023b84                enc_s1
 .text.enc_k1   0x00023bc0       0x58 mesh/core/libmesh_core_nrf51422_xxAC.a(enc.c.obj)
                0x00023bc0                enc_k1
 .text.enc_k2   0x00023c18      0x110 mesh/core/libmesh_core_nrf51422_xxAC.a(enc.c.obj)
                0x00023c18                enc_k2
 .text.enc_k3   0x00023d28       0x70 mesh/core/libmesh_core_nrf51422_xxAC.a(enc.c.obj)
                0x00023d28                enc_k3
 .text.enc_k4   0x00023d98       0x74 mesh/core/libmesh_core_nrf51422_xxAC.a(enc.c.obj)
                0x00023d98                enc_k4
 .text.header_transfuscate
                0x00023e0c       0x58 mesh/core/libmesh_core_nrf51422_xxAC.a(network.c.obj)
 .text.allocate_packet
                0x00023e64      0x140 mesh/core/libmesh_core_nrf51422_xxAC.a(network.c.obj)
 .text.network_init
                0x00023fa4       0x2c mesh/core/libmesh_core_nrf51422_xxAC.a(network.c.obj)
                0x00023fa4                network_init
 .text.network_packet_alloc
                0x00023fd0       0x58 mesh/core/libmesh_core_nrf51422_xxAC.a(network.c.obj)
                0x00023fd0                network_packet_alloc
 .text.network_packet_send
                0x00024028      0x154 mesh/core/libmesh_core_nrf51422_xxAC.a(network.c.obj)
                0x00024028                network_packet_send
 .text.network_packet_in
                0x0002417c      0x484 mesh/core/libmesh_core_nrf51422_xxAC.a(network.c.obj)
                0x0002417c                network_packet_in
 .text.nrf_mesh_keygen_aid
                0x00024600       0x16 mesh/core/libmesh_core_nrf51422_xxAC.a(nrf_mesh_keygen.c.obj)
                0x00024600                nrf_mesh_keygen_aid
 .text.nrf_mesh_keygen_network_secmat
                0x00024616       0x20 mesh/core/libmesh_core_nrf51422_xxAC.a(nrf_mesh_keygen.c.obj)
                0x00024616                nrf_mesh_keygen_network_secmat
 *fill*         0x00024636        0x2 
 .text.nrf_mesh_keygen_beacon_secmat
                0x00024638       0x54 mesh/core/libmesh_core_nrf51422_xxAC.a(nrf_mesh_keygen.c.obj)
                0x00024638                nrf_mesh_keygen_beacon_secmat
 .text.nrf_mesh_keygen_virtual_address
                0x0002468c       0x50 mesh/core/libmesh_core_nrf51422_xxAC.a(nrf_mesh_keygen.c.obj)
                0x0002468c                nrf_mesh_keygen_virtual_address
 .text.log_callback_rtt
                0x000246dc       0x28 mesh/core/libmesh_core_nrf51422_xxAC.a(log.c.obj)
                0x000246dc                log_callback_rtt
 .text.log_init
                0x00024704       0x1c mesh/core/libmesh_core_nrf51422_xxAC.a(log.c.obj)
                0x00024704                log_init
 .text.log_vprintf
                0x00024720       0x1c mesh/core/libmesh_core_nrf51422_xxAC.a(log.c.obj)
                0x00024720                log_vprintf
 .text.log_printf
                0x0002473c       0x16 mesh/core/libmesh_core_nrf51422_xxAC.a(log.c.obj)
                0x0002473c                log_printf
 .text.get_area_end
                0x00024752        0xc mesh/core/libmesh_core_nrf51422_xxAC.a(flash_manager.c.obj)
 *fill*         0x0002475e        0x2 
 .text.handle_matches_filter
                0x00024760       0x28 mesh/core/libmesh_core_nrf51422_xxAC.a(flash_manager.c.obj)
 .text.get_packet_buffer
                0x00024788       0x30 mesh/core/libmesh_core_nrf51422_xxAC.a(flash_manager.c.obj)
 .text.get_entry_action
                0x000247b8       0x30 mesh/core/libmesh_core_nrf51422_xxAC.a(flash_manager.c.obj)
 .text.flash_area_is_blank
                0x000247e8       0x50 mesh/core/libmesh_core_nrf51422_xxAC.a(flash_manager.c.obj)
 .text.flash    0x00024838       0x1e mesh/core/libmesh_core_nrf51422_xxAC.a(flash_manager.c.obj)
 *fill*         0x00024856        0x2 
 .text.free_packet_buffer
                0x00024858       0x4c mesh/core/libmesh_core_nrf51422_xxAC.a(flash_manager.c.obj)
 .text.reserve_action_buffer
                0x000248a4       0x20 mesh/core/libmesh_core_nrf51422_xxAC.a(flash_manager.c.obj)
 .text.commit_action_buffer
                0x000248c4       0x18 mesh/core/libmesh_core_nrf51422_xxAC.a(flash_manager.c.obj)
 .text.schedule_processing
                0x000248dc       0x10 mesh/core/libmesh_core_nrf51422_xxAC.a(flash_manager.c.obj)
 .text.get_next_entry
                0x000248ec       0x44 mesh/core/libmesh_core_nrf51422_xxAC.a(flash_manager.c.obj)
 .text.get_last_entry.isra.1
                0x00024930       0x34 mesh/core/libmesh_core_nrf51422_xxAC.a(flash_manager.c.obj)
 .text.process_action_queue
                0x00024964      0x49c mesh/core/libmesh_core_nrf51422_xxAC.a(flash_manager.c.obj)
 .text.flash_op_ended_callback
                0x00024e00       0x24 mesh/core/libmesh_core_nrf51422_xxAC.a(flash_manager.c.obj)
 .text.flash_manager_init
                0x00024e24       0x68 mesh/core/libmesh_core_nrf51422_xxAC.a(flash_manager.c.obj)
                0x00024e24                flash_manager_init
 .text.flash_manager_remove
                0x00024e8c       0x24 mesh/core/libmesh_core_nrf51422_xxAC.a(flash_manager.c.obj)
                0x00024e8c                flash_manager_remove
 .text.flash_manager_entry_get
                0x00024eb0       0x4c mesh/core/libmesh_core_nrf51422_xxAC.a(flash_manager.c.obj)
                0x00024eb0                flash_manager_entry_get
 .text.flash_manager_entry_next_get
                0x00024efc       0x74 mesh/core/libmesh_core_nrf51422_xxAC.a(flash_manager.c.obj)
                0x00024efc                flash_manager_entry_next_get
 .text.flash_manager_entry_alloc
                0x00024f70       0x88 mesh/core/libmesh_core_nrf51422_xxAC.a(flash_manager.c.obj)
                0x00024f70                flash_manager_entry_alloc
 .text.flash_manager_entry_commit
                0x00024ff8       0x10 mesh/core/libmesh_core_nrf51422_xxAC.a(flash_manager.c.obj)
                0x00024ff8                flash_manager_entry_commit
 .text.flash_manager_entry_invalidate
                0x00025008       0x70 mesh/core/libmesh_core_nrf51422_xxAC.a(flash_manager.c.obj)
                0x00025008                flash_manager_entry_invalidate
 .text.flash_manager_add
                0x00025078      0x250 mesh/core/libmesh_core_nrf51422_xxAC.a(flash_manager.c.obj)
                0x00025078                flash_manager_add
 .text.flash_manager_mem_listener_register
                0x000252c8       0x48 mesh/core/libmesh_core_nrf51422_xxAC.a(flash_manager.c.obj)
                0x000252c8                flash_manager_mem_listener_register
 .text.flash_manager_is_stable
                0x00025310       0x24 mesh/core/libmesh_core_nrf51422_xxAC.a(flash_manager.c.obj)
                0x00025310                flash_manager_is_stable
 .text.flash_manager_on_defrag_end
                0x00025334       0x5c mesh/core/libmesh_core_nrf51422_xxAC.a(flash_manager.c.obj)
                0x00025334                flash_manager_on_defrag_end
 .text.flash_manager_recovery_page_get
                0x00025390        0x8 mesh/core/libmesh_core_nrf51422_xxAC.a(flash_manager.c.obj)
                0x00025390                flash_manager_recovery_page_get
 .text.utils_xor
                0x00025398       0x16 mesh/core/libmesh_core_nrf51422_xxAC.a(ccm_soft.c.obj)
 .text.ccm_soft_authenticate_blocks
                0x000253ae       0x66 mesh/core/libmesh_core_nrf51422_xxAC.a(ccm_soft.c.obj)
 .text.utils_reverse_memcpy.constprop.0
                0x00025414        0xa mesh/core/libmesh_core_nrf51422_xxAC.a(ccm_soft.c.obj)
 .text.ccm_soft_authenticate
                0x0002541e       0x94 mesh/core/libmesh_core_nrf51422_xxAC.a(ccm_soft.c.obj)
 .text.ccm_soft_crypt
                0x000254b2       0x58 mesh/core/libmesh_core_nrf51422_xxAC.a(ccm_soft.c.obj)
 .text.ccm_soft_encrypt
                0x0002550a       0x6e mesh/core/libmesh_core_nrf51422_xxAC.a(ccm_soft.c.obj)
                0x0002550a                ccm_soft_encrypt
 .text.ccm_soft_decrypt
                0x00025578      0x10c mesh/core/libmesh_core_nrf51422_xxAC.a(ccm_soft.c.obj)
                0x00025578                ccm_soft_decrypt
 .text.beacon_init
                0x00025684       0x4c mesh/core/libmesh_core_nrf51422_xxAC.a(beacon.c.obj)
                0x00025684                beacon_init
 .text.beacon_create
                0x000256d0       0x46 mesh/core/libmesh_core_nrf51422_xxAC.a(beacon.c.obj)
                0x000256d0                beacon_create
 *fill*         0x00025716        0x2 
 .text.beacon_tx
                0x00025718       0x40 mesh/core/libmesh_core_nrf51422_xxAC.a(beacon.c.obj)
                0x00025718                beacon_tx
 .text.beacon_packet_in
                0x00025758      0x164 mesh/core/libmesh_core_nrf51422_xxAC.a(beacon.c.obj)
                0x00025758                beacon_packet_in
 .text.entry_get
                0x000258bc       0x80 mesh/core/libmesh_core_nrf51422_xxAC.a(flash_manager_internal.c.obj)
                0x000258bc                entry_get
 .text.adv_tx_complete_callback
                0x0002593c       0x50 mesh/core/libmesh_core_nrf51422_xxAC.a(core_tx.c.obj)
 .text.core_tx_init
                0x0002598c       0x4c mesh/core/libmesh_core_nrf51422_xxAC.a(core_tx.c.obj)
                0x0002598c                core_tx_init
 .text.core_tx_complete_cb_set
                0x000259d8        0xc mesh/core/libmesh_core_nrf51422_xxAC.a(core_tx.c.obj)
                0x000259d8                core_tx_complete_cb_set
 .text.core_tx_packet_alloc
                0x000259e4       0xa4 mesh/core/libmesh_core_nrf51422_xxAC.a(core_tx.c.obj)
                0x000259e4                core_tx_packet_alloc
 .text.core_tx_packet_send
                0x00025a88       0x78 mesh/core/libmesh_core_nrf51422_xxAC.a(core_tx.c.obj)
                0x00025a88                core_tx_packet_send
 .text.core_tx_packet_discard
                0x00025b00       0x78 mesh/core/libmesh_core_nrf51422_xxAC.a(core_tx.c.obj)
                0x00025b00                core_tx_packet_discard
 .text.network_beacon_tx_cb
                0x00025b78       0xf0 mesh/core/libmesh_core_nrf51422_xxAC.a(net_beacon.c.obj)
 .text.net_beacon_init
                0x00025c68       0x5c mesh/core/libmesh_core_nrf51422_xxAC.a(net_beacon.c.obj)
                0x00025c68                net_beacon_init
 .text.net_beacon_packet_in
                0x00025cc4       0xd8 mesh/core/libmesh_core_nrf51422_xxAC.a(net_beacon.c.obj)
                0x00025cc4                net_beacon_packet_in
 .text.set_gap_addr_type
                0x00025d9c       0x30 mesh/core/libmesh_core_nrf51422_xxAC.a(advertiser.c.obj)
 .text.tx_complete_event_callback
                0x00025dcc       0x44 mesh/core/libmesh_core_nrf51422_xxAC.a(advertiser.c.obj)
 .text.broadcast_complete_cb
                0x00025e10       0x68 mesh/core/libmesh_core_nrf51422_xxAC.a(advertiser.c.obj)
 .text.schedule_first_time
                0x00025e78       0x28 mesh/core/libmesh_core_nrf51422_xxAC.a(advertiser.c.obj)
 .text.timeout_event
                0x00025ea0      0x12c mesh/core/libmesh_core_nrf51422_xxAC.a(advertiser.c.obj)
 .text.advertiser_init
                0x00025fcc       0x10 mesh/core/libmesh_core_nrf51422_xxAC.a(advertiser.c.obj)
                0x00025fcc                advertiser_init
 .text.advertiser_enable
                0x00025fdc       0x2c mesh/core/libmesh_core_nrf51422_xxAC.a(advertiser.c.obj)
                0x00025fdc                advertiser_enable
 .text.advertiser_packet_alloc
                0x00026008       0xac mesh/core/libmesh_core_nrf51422_xxAC.a(advertiser.c.obj)
                0x00026008                advertiser_packet_alloc
 .text.advertiser_packet_send
                0x000260b4       0x74 mesh/core/libmesh_core_nrf51422_xxAC.a(advertiser.c.obj)
                0x000260b4                advertiser_packet_send
 .text.advertiser_packet_discard
                0x00026128       0x2c mesh/core/libmesh_core_nrf51422_xxAC.a(advertiser.c.obj)
                0x00026128                advertiser_packet_discard
 .text.advertiser_interval_set
                0x00026154       0x68 mesh/core/libmesh_core_nrf51422_xxAC.a(advertiser.c.obj)
                0x00026154                advertiser_interval_set
 .text.advertiser_flush
                0x000261bc       0x22 mesh/core/libmesh_core_nrf51422_xxAC.a(advertiser.c.obj)
                0x000261bc                advertiser_flush
 *fill*         0x000261de        0x2 
 .text.advertiser_address_default_get
                0x000261e0       0x30 mesh/core/libmesh_core_nrf51422_xxAC.a(advertiser.c.obj)
                0x000261e0                advertiser_address_default_get
 .text.advertiser_instance_init
                0x00026210       0xb4 mesh/core/libmesh_core_nrf51422_xxAC.a(advertiser.c.obj)
                0x00026210                advertiser_instance_init
 .text.action_switch
                0x000262c4       0xc4 mesh/core/libmesh_core_nrf51422_xxAC.a(bearer_handler.c.obj)
 .text.bearer_handler_init
                0x00026388       0x2c mesh/core/libmesh_core_nrf51422_xxAC.a(bearer_handler.c.obj)
                0x00026388                bearer_handler_init
 .text.bearer_handler_start
                0x000263b4       0x1c mesh/core/libmesh_core_nrf51422_xxAC.a(bearer_handler.c.obj)
                0x000263b4                bearer_handler_start
 .text.bearer_handler_action_enqueue
                0x000263d0       0x9c mesh/core/libmesh_core_nrf51422_xxAC.a(bearer_handler.c.obj)
                0x000263d0                bearer_handler_action_enqueue
 .text.bearer_handler_action_end
                0x0002646c       0x7c mesh/core/libmesh_core_nrf51422_xxAC.a(bearer_handler.c.obj)
                0x0002646c                bearer_handler_action_end
 .text.bearer_handler_radio_irq_handler
                0x000264e8       0x6c mesh/core/libmesh_core_nrf51422_xxAC.a(bearer_handler.c.obj)
                0x000264e8                bearer_handler_radio_irq_handler
 .text.bearer_handler_timer_irq_handler
                0x00026554       0x30 mesh/core/libmesh_core_nrf51422_xxAC.a(bearer_handler.c.obj)
                0x00026554                bearer_handler_timer_irq_handler
 .text.bearer_handler_on_ts_begin
                0x00026584       0x4c mesh/core/libmesh_core_nrf51422_xxAC.a(bearer_handler.c.obj)
                0x00026584                bearer_handler_on_ts_begin
 .text.bearer_handler_on_ts_end
                0x000265d0       0x50 mesh/core/libmesh_core_nrf51422_xxAC.a(bearer_handler.c.obj)
                0x000265d0                bearer_handler_on_ts_end
 .text.radio_irq_handler
                0x00026620       0xbc mesh/core/libmesh_core_nrf51422_xxAC.a(broadcast.c.obj)
 .text.broadcast_start
                0x000266dc       0x98 mesh/core/libmesh_core_nrf51422_xxAC.a(broadcast.c.obj)
 .text.broadcast_send
                0x00026774       0x80 mesh/core/libmesh_core_nrf51422_xxAC.a(broadcast.c.obj)
                0x00026774                broadcast_send
 .text.radio_config_reset
                0x000267f4       0x48 mesh/core/libmesh_core_nrf51422_xxAC.a(radio_config.c.obj)
                0x000267f4                radio_config_reset
 .text.radio_config_channel_set
                0x0002683c       0x3c mesh/core/libmesh_core_nrf51422_xxAC.a(radio_config.c.obj)
                0x0002683c                radio_config_channel_set
 .text.radio_config_config
                0x00026878       0xb0 mesh/core/libmesh_core_nrf51422_xxAC.a(radio_config.c.obj)
                0x00026878                radio_config_config
 .text.radio_config_access_addr_set
                0x00026928       0x74 mesh/core/libmesh_core_nrf51422_xxAC.a(radio_config.c.obj)
                0x00026928                radio_config_access_addr_set
 .text.radio_trigger
                0x0002699c       0x24 mesh/core/libmesh_core_nrf51422_xxAC.a(scanner.c.obj)
 .text.scan_window_end
                0x000269c0       0x14 mesh/core/libmesh_core_nrf51422_xxAC.a(scanner.c.obj)
 .text.scan_window_start
                0x000269d4       0x28 mesh/core/libmesh_core_nrf51422_xxAC.a(scanner.c.obj)
 .text.radio_configure
                0x000269fc       0x88 mesh/core/libmesh_core_nrf51422_xxAC.a(scanner.c.obj)
 .text.radio_set_packet
                0x00026a84       0x58 mesh/core/libmesh_core_nrf51422_xxAC.a(scanner.c.obj)
 .text.radio_start
                0x00026adc       0x54 mesh/core/libmesh_core_nrf51422_xxAC.a(scanner.c.obj)
 .text.radio_stop
                0x00026b30       0x38 mesh/core/libmesh_core_nrf51422_xxAC.a(scanner.c.obj)
 .text.schedule_timers
                0x00026b68       0x34 mesh/core/libmesh_core_nrf51422_xxAC.a(scanner.c.obj)
 .text.scanner_radio_start
                0x00026b9c       0x28 mesh/core/libmesh_core_nrf51422_xxAC.a(scanner.c.obj)
                0x00026b9c                scanner_radio_start
 .text.scanner_radio_stop
                0x00026bc4       0x14 mesh/core/libmesh_core_nrf51422_xxAC.a(scanner.c.obj)
                0x00026bc4                scanner_radio_stop
 .text.scanner_radio_irq_handler
                0x00026bd8      0x124 mesh/core/libmesh_core_nrf51422_xxAC.a(scanner.c.obj)
                0x00026bd8                scanner_radio_irq_handler
 .text.scanner_enable
                0x00026cfc       0x34 mesh/core/libmesh_core_nrf51422_xxAC.a(scanner.c.obj)
                0x00026cfc                scanner_enable
 .text.scanner_packet_release
                0x00026d30       0x38 mesh/core/libmesh_core_nrf51422_xxAC.a(scanner.c.obj)
                0x00026d30                scanner_packet_release
 .text.scanner_rx
                0x00026d68       0x34 mesh/core/libmesh_core_nrf51422_xxAC.a(scanner.c.obj)
                0x00026d68                scanner_rx
 .text.scanner_config_scan_time_set
                0x00026d9c       0x6c mesh/core/libmesh_core_nrf51422_xxAC.a(scanner.c.obj)
                0x00026d9c                scanner_config_scan_time_set
 .text.scanner_config_channels_set
                0x00026e08       0x68 mesh/core/libmesh_core_nrf51422_xxAC.a(scanner.c.obj)
                0x00026e08                scanner_config_channels_set
 .text.scanner_config_access_addresses_set
                0x00026e70       0x44 mesh/core/libmesh_core_nrf51422_xxAC.a(scanner.c.obj)
                0x00026e70                scanner_config_access_addresses_set
 .text.scanner_config_reset
                0x00026eb4       0x44 mesh/core/libmesh_core_nrf51422_xxAC.a(scanner.c.obj)
                0x00026eb4                scanner_config_reset
 .text.scanner_init
                0x00026ef8       0x48 mesh/core/libmesh_core_nrf51422_xxAC.a(scanner.c.obj)
                0x00026ef8                scanner_init
 .text.internal_event_push