Archive member included to satisfy reference by file (symbol)

mesh/core/libmesh_core_nrf52832_xxAA.a(nrf_mesh_configure.c.obj)
                              examples/pb_remote/client/CMakeFiles/pb_remote_client_nrf52832_xxAA_s132_3.1.0.dir/__/__/__/mesh/prov/src/prov_beacon.c.obj (nrf_mesh_configure_device_uuid_get)
mesh/core/libmesh_core_nrf52832_xxAA.a(event.c.obj)
                              examples/pb_remote/client/CMakeFiles/pb_remote_client_nrf52832_xxAA_s132_3.1.0.dir/__/__/__/mesh/prov/src/prov_provisioner.c.obj (event_handle)
mesh/core/libmesh_core_nrf52832_xxAA.a(fifo.c.obj)
                              examples/pb_remote/client/CMakeFiles/pb_remote_client_nrf52832_xxAA_s132_3.1.0.dir/__/__/__/models/pb_remote/src/pb_remote_client.c.obj (fifo_init)
mesh/core/libmesh_core_nrf52832_xxAA.a(net_state.c.obj)
                              examples/pb_remote/client/CMakeFiles/pb_remote_client_nrf52832_xxAA_s132_3.1.0.dir/__/__/__/mesh/access/src/device_state_manager.c.obj (net_state_flash_area_get)
mesh/core/libmesh_core_nrf52832_xxAA.a(nrf_mesh_utils.c.obj)
                              examples/pb_remote/client/CMakeFiles/pb_remote_client_nrf52832_xxAA_s132_3.1.0.dir/__/__/__/mesh/prov/src/nrf_mesh_prov.c.obj (nrf_mesh_address_type_get)
mesh/core/libmesh_core_nrf52832_xxAA.a(nrf_mesh.c.obj)
                              examples/pb_remote/client/CMakeFiles/pb_remote_client_nrf52832_xxAA_s132_3.1.0.dir/__/__/nrf_mesh_sdk.c.obj (nrf_mesh_init)
mesh/core/libmesh_core_nrf52832_xxAA.a(hal.c.obj)
                              mesh/core/libmesh_core_nrf52832_xxAA.a(nrf_mesh.c.obj) (hal_lfclk_ppm_get)
mesh/core/libmesh_core_nrf52832_xxAA.a(timer_scheduler.c.obj)
                              mesh/core/libmesh_core_nrf52832_xxAA.a(nrf_mesh.c.obj) (timer_sch_init)
mesh/core/libmesh_core_nrf52832_xxAA.a(timer.c.obj)
                              mesh/core/libmesh_core_nrf52832_xxAA.a(timer_scheduler.c.obj) (timer_order_cb)
mesh/core/libmesh_core_nrf52832_xxAA.a(ticker.c.obj)
                              mesh/core/libmesh_core_nrf52832_xxAA.a(nrf_mesh.c.obj) (ticker_init)
mesh/core/libmesh_core_nrf52832_xxAA.a(rand.c.obj)
                              examples/pb_remote/client/CMakeFiles/pb_remote_client_nrf52832_xxAA_s132_3.1.0.dir/__/__/__/mesh/prov/src/prov_utils.c.obj (rand_hw_rng_get)
mesh/core/libmesh_core_nrf52832_xxAA.a(timeslot.c.obj)
                              mesh/core/libmesh_core_nrf52832_xxAA.a(nrf_mesh.c.obj) (timeslot_sd_event_handler)
mesh/core/libmesh_core_nrf52832_xxAA.a(bearer_event.c.obj)
                              mesh/core/libmesh_core_nrf52832_xxAA.a(nrf_mesh.c.obj) (bearer_event_init)
mesh/core/libmesh_core_nrf52832_xxAA.a(enc.c.obj)
                              examples/pb_remote/client/CMakeFiles/pb_remote_client_nrf52832_xxAA_s132_3.1.0.dir/__/__/__/mesh/prov/src/prov_utils.c.obj (enc_aes_cmac)
mesh/core/libmesh_core_nrf52832_xxAA.a(network.c.obj)
                              mesh/core/libmesh_core_nrf52832_xxAA.a(nrf_mesh.c.obj) (network_init)
mesh/core/libmesh_core_nrf52832_xxAA.a(nrf_mesh_keygen.c.obj)
                              examples/pb_remote/client/CMakeFiles/pb_remote_client_nrf52832_xxAA_s132_3.1.0.dir/__/__/__/mesh/access/src/device_state_manager.c.obj (nrf_mesh_keygen_aid)
mesh/core/libmesh_core_nrf52832_xxAA.a(log.c.obj)
                              examples/pb_remote/client/CMakeFiles/pb_remote_client_nrf52832_xxAA_s132_3.1.0.dir/src/main.c.obj (log_callback_rtt)
mesh/core/libmesh_core_nrf52832_xxAA.a(flash_manager.c.obj)
                              mesh/core/libmesh_core_nrf52832_xxAA.a(nrf_mesh.c.obj) (flash_manager_init)
mesh/core/libmesh_core_nrf52832_xxAA.a(ccm_soft.c.obj)
                              mesh/core/libmesh_core_nrf52832_xxAA.a(enc.c.obj) (ccm_soft_encrypt)
mesh/core/libmesh_core_nrf52832_xxAA.a(beacon.c.obj)
                              mesh/core/libmesh_core_nrf52832_xxAA.a(nrf_mesh.c.obj) (beacon_init)
mesh/core/libmesh_core_nrf52832_xxAA.a(flash_manager_internal.c.obj)
                              mesh/core/libmesh_core_nrf52832_xxAA.a(flash_manager.c.obj) (entry_get)
mesh/core/libmesh_core_nrf52832_xxAA.a(core_tx.c.obj)
                              mesh/core/libmesh_core_nrf52832_xxAA.a(nrf_mesh.c.obj) (core_tx_init)
mesh/core/libmesh_core_nrf52832_xxAA.a(net_beacon.c.obj)
                              mesh/core/libmesh_core_nrf52832_xxAA.a(network.c.obj) (net_beacon_init)
mesh/core/libmesh_core_nrf52832_xxAA.a(advertiser.c.obj)
                              mesh/core/libmesh_core_nrf52832_xxAA.a(nrf_mesh.c.obj) (advertiser_init)
mesh/core/libmesh_core_nrf52832_xxAA.a(bearer_handler.c.obj)
                              mesh/core/libmesh_core_nrf52832_xxAA.a(nrf_mesh.c.obj) (bearer_handler_init)
mesh/core/libmesh_core_nrf52832_xxAA.a(broadcast.c.obj)
                              mesh/core/libmesh_core_nrf52832_xxAA.a(advertiser.c.obj) (broadcast_send)
mesh/core/libmesh_core_nrf52832_xxAA.a(radio_config.c.obj)
[...]
Memory Configuration

Name             Origin             Length             Attributes
FLASH            0x0001f000         0x00061000         xr
RAM              0x200019c0         0x0000e640         xrw
*default*        0x00000000         0xffffffff

Linker script and memory map

LOAD c:/a/gcc_arm/6/bin/../lib/gcc/arm-none-eabi/6.3.1/thumb/v7e-m/fpv4-sp/hard/crti.o
LOAD c:/a/gcc_arm/6/bin/../lib/gcc/arm-none-eabi/6.3.1/thumb/v7e-m/fpv4-sp/hard/crtbegin.o
LOAD c:/a/gcc_arm/6/bin/../lib/gcc/arm-none-eabi/6.3.1/../../../../arm-none-eabi/lib/thumb/v7e-m/fpv4-sp/hard/crt0.o
LOAD examples/pb_remote/client/CMakeFiles/pb_remote_client_nrf52832_xxAA_s132_3.1.0.dir/src/main.c.obj
LOAD examples/pb_remote/client/CMakeFiles/pb_remote_client_nrf52832_xxAA_s132_3.1.0.dir/__/__/nrf_mesh_sdk.c.obj
LOAD examples/pb_remote/client/CMakeFiles/pb_remote_client_nrf52832_xxAA_s132_3.1.0.dir/__/__/__/models/pb_remote/src/pb_remote_client.c.obj
LOAD examples/pb_remote/client/CMakeFiles/pb_remote_client_nrf52832_xxAA_s132_3.1.0.dir/__/__/__/mesh/prov/src/prov_provisioner.c.obj
LOAD examples/pb_remote/client/CMakeFiles/pb_remote_client_nrf52832_xxAA_s132_3.1.0.dir/__/__/__/mesh/prov/src/nrf_mesh_prov.c.obj
LOAD examples/pb_remote/client/CMakeFiles/pb_remote_client_nrf52832_xxAA_s132_3.1.0.dir/__/__/__/mesh/prov/src/provisioning.c.obj
LOAD examples/pb_remote/client/CMakeFiles/pb_remote_client_nrf52832_xxAA_s132_3.1.0.dir/__/__/__/mesh/prov/src/prov_beacon.c.obj
LOAD examples/pb_remote/client/CMakeFiles/pb_remote_client_nrf52832_xxAA_s132_3.1.0.dir/__/__/__/mesh/prov/src/prov_utils.c.obj
LOAD examples/pb_remote/client/CMakeFiles/pb_remote_client_nrf52832_xxAA_s132_3.1.0.dir/__/__/__/mesh/prov/src/prov_bearer_adv.c.obj
LOAD examples/pb_remote/client/CMakeFiles/pb_remote_client_nrf52832_xxAA_s132_3.1.0.dir/__/__/__/mesh/access/src/access_publish.c.obj
LOAD examples/pb_remote/client/CMakeFiles/pb_remote_client_nrf52832_xxAA_s132_3.1.0.dir/__/__/__/mesh/access/src/access.c.obj
LOAD examples/pb_remote/client/CMakeFiles/pb_remote_client_nrf52832_xxAA_s132_3.1.0.dir/__/__/__/mesh/access/src/access_reliable.c.obj
LOAD examples/pb_remote/client/CMakeFiles/pb_remote_client_nrf52832_xxAA_s132_3.1.0.dir/__/__/__/mesh/access/src/device_state_manager.c.obj
LOAD examples/pb_remote/client/CMakeFiles/pb_remote_client_nrf52832_xxAA_s132_3.1.0.dir/__/__/nrf_mesh_weak.c.obj
LOAD examples/pb_remote/client/CMakeFiles/pb_remote_client_nrf52832_xxAA_s132_3.1.0.dir/__/__/__/external/nRF5_SDK_14.0.0_3bcc1f7/components/toolchain/system_nrf52.c.obj
LOAD examples/pb_remote/client/CMakeFiles/pb_remote_client_nrf52832_xxAA_s132_3.1.0.dir/__/__/__/external/nRF5_SDK_14.0.0_3bcc1f7/components/toolchain/gcc/gcc_startup_nrf52.S.obj
LOAD mesh/core/libmesh_core_nrf52832_xxAA.a
LOAD external/rtt/librtt_nrf52832_xxAA.a
LOAD external/micro-ecc/libuECC_nrf52832_xxAA.a
START GROUP
LOAD c:/a/gcc_arm/6/bin/../lib/gcc/arm-none-eabi/6.3.1/thumb/v7e-m/fpv4-sp/hard\libgcc.a
LOAD c:/a/gcc_arm/6/bin/../lib/gcc/arm-none-eabi/6.3.1/../../../../arm-none-eabi/lib/thumb/v7e-m/fpv4-sp/hard\libc_nano.a
END GROUP
START GROUP
LOAD c:/a/gcc_arm/6/bin/../lib/gcc/arm-none-eabi/6.3.1/thumb/v7e-m/fpv4-sp/hard\libgcc.a
LOAD c:/a/gcc_arm/6/bin/../lib/gcc/arm-none-eabi/6.3.1/../../../../arm-none-eabi/lib/thumb/v7e-m/fpv4-sp/hard\libc_nano.a
END GROUP
LOAD c:/a/gcc_arm/6/bin/../lib/gcc/arm-none-eabi/6.3.1/thumb/v7e-m/fpv4-sp/hard/crtend.o
LOAD c:/a/gcc_arm/6/bin/../lib/gcc/arm-none-eabi/6.3.1/thumb/v7e-m/fpv4-sp/hard/crtn.o
START GROUP
LOAD c:/a/gcc_arm/6/bin/../lib/gcc/arm-none-eabi/6.3.1/thumb/v7e-m/fpv4-sp/hard\libgcc.a
LOAD c:/a/gcc_arm/6/bin/../lib/gcc/arm-none-eabi/6.3.1/../../../../arm-none-eabi/lib/thumb/v7e-m/fpv4-sp/hard\libc.a
LOAD c:/a/gcc_arm/6/bin/../lib/gcc/arm-none-eabi/6.3.1/../../../../arm-none-eabi/lib/thumb/v7e-m/fpv4-sp/hard\libnosys.a
END GROUP

.text           0x0001f000    0x107a8
 *(.isr_vector)
 .isr_vector    0x0001f000      0x200 examples/pb_remote/client/CMakeFiles/pb_remote_client_nrf52832_xxAA_s132_3.1.0.dir/__/__/__/external/nRF5_SDK_14.0.0_3bcc1f7/components/toolchain/gcc/gcc_startup_nrf52.S.obj
                0x0001f000                __isr_vector
 *(.text*)
 .text          0x0001f200       0x6c c:/a/gcc_arm/6/bin/../lib/gcc/arm-none-eabi/6.3.1/thumb/v7e-m/fpv4-sp/hard/crtbegin.o
 .text          0x0001f26c       0x74 c:/a/gcc_arm/6/bin/../lib/gcc/arm-none-eabi/6.3.1/../../../../arm-none-eabi/lib/thumb/v7e-m/fpv4-sp/hard/crt0.o
                0x0001f26c                _start
                0x0001f26c                _mainCRTStartup
 .text.mesh_evt_handler
                0x0001f2e0      0x400 examples/pb_remote/client/CMakeFiles/pb_remote_client_nrf52832_xxAA_s132_3.1.0.dir/src/main.c.obj
 .text.remote_client_event_cb
                0x0001f6e0      0x1fc examples/pb_remote/client/CMakeFiles/pb_remote_client_nrf52832_xxAA_s132_3.1.0.dir/src/main.c.obj
 .text.wait_for_valid_char
                0x0001f8dc       0x16 examples/pb_remote/client/CMakeFiles/pb_remote_client_nrf52832_xxAA_s132_3.1.0.dir/src/main.c.obj
 *fill*         0x0001f8f2        0x2 
 .text.startup.main
                0x0001f8f4      0x58c examples/pb_remote/client/CMakeFiles/pb_remote_client_nrf52832_xxAA_s132_3.1.0.dir/src/main.c.obj
                0x0001f8f4                main
 .text.sd_evt_get
                0x0001fe80        0x4 examples/pb_remote/client/CMakeFiles/pb_remote_client_nrf52832_xxAA_s132_3.1.0.dir/__/__/nrf_mesh_sdk.c.obj
 .text.sd_softdevice_enable
                0x0001fe84        0x4 examples/pb_remote/client/CMakeFiles/pb_remote_client_nrf52832_xxAA_s132_3.1.0.dir/__/__/nrf_mesh_sdk.c.obj
 .text.sd_ble_enable
                0x0001fe88        0x4 examples/pb_remote/client/CMakeFiles/pb_remote_client_nrf52832_xxAA_s132_3.1.0.dir/__/__/nrf_mesh_sdk.c.obj
 .text.sd_ble_evt_get
                0x0001fe8c        0x4 examples/pb_remote/client/CMakeFiles/pb_remote_client_nrf52832_xxAA_s132_3.1.0.dir/__/__/nrf_mesh_sdk.c.obj
 .text.sleep_forever
                0x0001fe90       0x1c examples/pb_remote/client/CMakeFiles/pb_remote_client_nrf52832_xxAA_s132_3.1.0.dir/__/__/nrf_mesh_sdk.c.obj
 .text.mesh_assert_handler
                0x0001feac       0x64 examples/pb_remote/client/CMakeFiles/pb_remote_client_nrf52832_xxAA_s132_3.1.0.dir/__/__/nrf_mesh_sdk.c.obj
                0x0001feac                mesh_assert_handler
 .text.softdevice_assert_handler
                0x0001ff10       0x74 examples/pb_remote/client/CMakeFiles/pb_remote_client_nrf52832_xxAA_s132_3.1.0.dir/__/__/nrf_mesh_sdk.c.obj
                0x0001ff10                softdevice_assert_handler
 .text.app_error_handler
                0x0001ff84       0x74 examples/pb_remote/client/CMakeFiles/pb_remote_client_nrf52832_xxAA_s132_3.1.0.dir/__/__/nrf_mesh_sdk.c.obj
                0x0001ff84                app_error_handler
 .text.HardFault_Handler
                0x0001fff8       0x60 examples/pb_remote/client/CMakeFiles/pb_remote_client_nrf52832_xxAA_s132_3.1.0.dir/__/__/nrf_mesh_sdk.c.obj
                0x0001fff8                HardFault_Handler
 .text.SWI2_EGU2_IRQHandler
                0x00020058       0x3c examples/pb_remote/client/CMakeFiles/pb_remote_client_nrf52832_xxAA_s132_3.1.0.dir/__/__/nrf_mesh_sdk.c.obj
                0x00020058                SWI2_EGU2_IRQHandler
 .text.mesh_softdevice_enable
                0x00020094      0x128 examples/pb_remote/client/CMakeFiles/pb_remote_client_nrf52832_xxAA_s132_3.1.0.dir/__/__/nrf_mesh_sdk.c.obj
                0x00020094                mesh_softdevice_enable
 .text.mesh_softdevice_setup
                0x000201bc       0x80 examples/pb_remote/client/CMakeFiles/pb_remote_client_nrf52832_xxAA_s132_3.1.0.dir/__/__/nrf_mesh_sdk.c.obj
                0x000201bc                mesh_softdevice_setup
 .text.mesh_core_setup
                0x0002023c      0x150 examples/pb_remote/client/CMakeFiles/pb_remote_client_nrf52832_xxAA_s132_3.1.0.dir/__/__/nrf_mesh_sdk.c.obj
                0x0002023c                mesh_core_setup
 .text.pb_if_link_open_cb
                0x0002038c        0x4 examples/pb_remote/client/CMakeFiles/pb_remote_client_nrf52832_xxAA_s132_3.1.0.dir/__/__/__/models/pb_remote/src/pb_remote_client.c.obj
 .text.pb_if_listen_start_cb
                0x00020390        0x4 examples/pb_remote/client/CMakeFiles/pb_remote_client_nrf52832_xxAA_s132_3.1.0.dir/__/__/__/models/pb_remote/src/pb_remote_client.c.obj
 .text.pb_if_listen_stop_cb
                0x00020394        0x4 examples/pb_remote/client/CMakeFiles/pb_remote_client_nrf52832_xxAA_s132_3.1.0.dir/__/__/__/models/pb_remote/src/pb_remote_client.c.obj
 .text.pb_remote_client_event_unprov_number_cb
                0x00020398       0x6c examples/pb_remote/client/CMakeFiles/pb_remote_client_nrf52832_xxAA_s132_3.1.0.dir/__/__/__/models/pb_remote/src/pb_remote_client.c.obj
 .text.status_event_push.isra.0
                0x00020404       0x1a examples/pb_remote/client/CMakeFiles/pb_remote_client_nrf52832_xxAA_s132_3.1.0.dir/__/__/__/models/pb_remote/src/pb_remote_client.c.obj
 *fill*         0x0002041e        0x2 
 .text.pb_remote_client_event_transfer_status_cb
                0x00020420       0xa4 examples/pb_remote/client/CMakeFiles/pb_remote_client_nrf52832_xxAA_s132_3.1.0.dir/__/__/__/models/pb_remote/src/pb_remote_client.c.obj
 .text.pb_remote_client_event_link_status_cb
                0x000204c4      0x218 examples/pb_remote/client/CMakeFiles/pb_remote_client_nrf52832_xxAA_s132_3.1.0.dir/__/__/__/models/pb_remote/src/pb_remote_client.c.obj
 .text.pb_remote_client_event_scan_status_cb
                0x000206dc      0x140 examples/pb_remote/client/CMakeFiles/pb_remote_client_nrf52832_xxAA_s132_3.1.0.dir/__/__/__/models/pb_remote/src/pb_remote_client.c.obj
 .text.pb_remote_client_event_tx_failed_cb
                0x0002081c       0x44 examples/pb_remote/client/CMakeFiles/pb_remote_client_nrf52832_xxAA_s132_3.1.0.dir/__/__/__/models/pb_remote/src/pb_remote_client.c.obj
 .text.send_reply.isra.8.part.9
                0x00020860       0x14 examples/pb_remote/client/CMakeFiles/pb_remote_client_nrf52832_xxAA_s132_3.1.0.dir/__/__/__/models/pb_remote/src/pb_remote_client.c.obj
 .text.send_reliable_msg
                0x00020874       0x2c examples/pb_remote/client/CMakeFiles/pb_remote_client_nrf52832_xxAA_s132_3.1.0.dir/__/__/__/models/pb_remote/src/pb_remote_client.c.obj
 .text.pb_remote_client_event_local_packet_cb
                0x000208a0       0xac examples/pb_remote/client/CMakeFiles/pb_remote_client_nrf52832_xxAA_s132_3.1.0.dir/__/__/__/models/pb_remote/src/pb_remote_client.c.obj
 .text.pb_remote_client_event_link_close_cb
                0x0002094c       0x90 examples/pb_remote/client/CMakeFiles/pb_remote_client_nrf52832_xxAA_s132_3.1.0.dir/__/__/__/models/pb_remote/src/pb_remote_client.c.obj
 .text.pb_remote_client_event_scan_cancel_cb
                0x000209dc       0x84 examples/pb_remote/client/CMakeFiles/pb_remote_client_nrf52832_xxAA_s132_3.1.0.dir/__/__/__/models/pb_remote/src/pb_remote_client.c.obj
 .text.pb_remote_client_event_scan_start_cb
                0x00020a60       0x84 examples/pb_remote/client/CMakeFiles/pb_remote_client_nrf52832_xxAA_s132_3.1.0.dir/__/__/__/models/pb_remote/src/pb_remote_client.c.obj
 .text.pb_remote_client_event_prov_start_cb
                0x00020ae4       0x60 examples/pb_remote/client/CMakeFiles/pb_remote_client_nrf52832_xxAA_s132_3.1.0.dir/__/__/__/models/pb_remote/src/pb_remote_client.c.obj
 .text.send_reply.isra.8
                0x00020b44       0x16 examples/pb_remote/client/CMakeFiles/pb_remote_client_nrf52832_xxAA_s132_3.1.0.dir/__/__/__/models/pb_remote/src/pb_remote_client.c.obj
 *fill*         0x00020b5a        0x2 
 .text.pb_remote_client_event_transfer_status_report_cb
                0x00020b5c      0x144 examples/pb_remote/client/CMakeFiles/pb_remote_client_nrf52832_xxAA_s132_3.1.0.dir/__/__/__/models/pb_remote/src/pb_remote_client.c.obj
 .text.pb_remote_client_event_unprov_uuid_cb
                0x00020ca0       0xd4 examples/pb_remote/client/CMakeFiles/pb_remote_client_nrf52832_xxAA_s132_3.1.0.dir/__/__/__/models/pb_remote/src/pb_remote_client.c.obj
 .text.pb_remote_client_event_packet_transfer_cb
                0x00020d74       0xcc examples/pb_remote/client/CMakeFiles/pb_remote_client_nrf52832_xxAA_s132_3.1.0.dir/__/__/__/models/pb_remote/src/pb_remote_client.c.obj
 .text.pb_remote_client_event_link_status_report_cb
                0x00020e40      0x170 examples/pb_remote/client/CMakeFiles/pb_remote_client_nrf52832_xxAA_s132_3.1.0.dir/__/__/__/models/pb_remote/src/pb_remote_client.c.obj
 .text.pb_remote_client_process
                0x00020fb0      0x10c examples/pb_remote/client/CMakeFiles/pb_remote_client_nrf52832_xxAA_s132_3.1.0.dir/__/__/__/models/pb_remote/src/pb_remote_client.c.obj
 .text.pb_if_link_close_cb
                0x000210bc       0x4c examples/pb_remote/client/CMakeFiles/pb_remote_client_nrf52832_xxAA_s132_3.1.0.dir/__/__/__/models/pb_remote/src/pb_remote_client.c.obj
 .text.client_reliable_status_cb
                0x00021108      0x11c examples/pb_remote/client/CMakeFiles/pb_remote_client_nrf52832_xxAA_s132_3.1.0.dir/__/__/__/models/pb_remote/src/pb_remote_client.c.obj
 .text.pb_if_tx_cb
                0x00021224       0x40 examples/pb_remote/client/CMakeFiles/pb_remote_client_nrf52832_xxAA_s132_3.1.0.dir/__/__/__/models/pb_remote/src/pb_remote_client.c.obj
 .text.remote_client_access_rx_cb
                0x00021264      0x170 examples/pb_remote/client/CMakeFiles/pb_remote_client_nrf52832_xxAA_s132_3.1.0.dir/__/__/__/models/pb_remote/src/pb_remote_client.c.obj
 .text.pb_remote_client_init
                0x000213d4       0x94 examples/pb_remote/client/CMakeFiles/pb_remote_client_nrf52832_xxAA_s132_3.1.0.dir/__/__/__/models/pb_remote/src/pb_remote_client.c.obj
                0x000213d4                pb_remote_client_init
 .text.pb_remote_client_remote_scan_start
                0x00021468       0x44 examples/pb_remote/client/CMakeFiles/pb_remote_client_nrf52832_xxAA_s132_3.1.0.dir/__/__/__/models/pb_remote/src/pb_remote_client.c.obj
                0x00021468                pb_remote_client_remote_scan_start
 .text.pb_remote_client_remote_scan_cancel
                0x000214ac       0x44 examples/pb_remote/client/CMakeFiles/pb_remote_client_nrf52832_xxAA_s132_3.1.0.dir/__/__/__/models/pb_remote/src/pb_remote_client.c.obj
                0x000214ac                pb_remote_client_remote_scan_cancel
 .text.pb_remote_client_remote_provision
                0x000214f0       0x60 examples/pb_remote/client/CMakeFiles/pb_remote_client_nrf52832_xxAA_s132_3.1.0.dir/__/__/__/models/pb_remote/src/pb_remote_client.c.obj
                0x000214f0                pb_remote_client_remote_provision
 .text.send_confirmation
                0x00021550       0x26 examples/pb_remote/client/CMakeFiles/pb_remote_client_nrf52832_xxAA_s132_3.1.0.dir/__/__/__/mesh/prov/src/prov_provisioner.c.obj
 .text.prov_provisioner_cb_link_closed
                0x00021576       0x28 examples/pb_remote/client/CMakeFiles/pb_remote_client_nrf52832_xxAA_s132_3.1.0.dir/__/__/__/mesh/prov/src/prov_provisioner.c.obj
 .text.prov_provisioner_cb_link_established
                0x0002159e       0x3e examples/pb_remote/client/CMakeFiles/pb_remote_client_nrf52832_xxAA_s132_3.1.0.dir/__/__/__/mesh/prov/src/prov_provisioner.c.obj
 .text.prov_provisioner_cb_ack_received
                0x000215dc       0x48 examples/pb_remote/client/CMakeFiles/pb_remote_client_nrf52832_xxAA_s132_3.1.0.dir/__/__/__/mesh/prov/src/prov_provisioner.c.obj
 .text.request_authentication
                0x00021624       0x8c examples/pb_remote/client/CMakeFiles/pb_remote_client_nrf52832_xxAA_s132_3.1.0.dir/__/__/__/mesh/prov/src/prov_provisioner.c.obj
 .text.prov_provisioner_pkt_in
                0x000216b0      0x28c examples/pb_remote/client/CMakeFiles/pb_remote_client_nrf52832_xxAA_s132_3.1.0.dir/__/__/__/mesh/prov/src/prov_provisioner.c.obj
 .text.prov_provisioner_provision
                0x0002193c       0x48 examples/pb_remote/client/CMakeFiles/pb_remote_client_nrf52832_xxAA_s132_3.1.0.dir/__/__/__/mesh/prov/src/prov_provisioner.c.obj
                0x0002193c                prov_provisioner_provision
 .text.prov_provisioner_oob_use
                0x00021984       0x7a examples/pb_remote/client/CMakeFiles/pb_remote_client_nrf52832_xxAA_s132_3.1.0.dir/__/__/__/mesh/prov/src/prov_provisioner.c.obj
                0x00021984                prov_provisioner_oob_use
 .text.prov_provisioner_auth_data
                0x000219fe       0x44 examples/pb_remote/client/CMakeFiles/pb_remote_client_nrf52832_xxAA_s132_3.1.0.dir/__/__/__/mesh/prov/src/prov_provisioner.c.obj
                0x000219fe                prov_provisioner_auth_data
 .text.nrf_mesh_prov_init
                0x00021a42       0x24 examples/pb_remote/client/CMakeFiles/pb_remote_client_nrf52832_xxAA_s132_3.1.0.dir/__/__/__/mesh/prov/src/nrf_mesh_prov.c.obj
                0x00021a42                nrf_mesh_prov_init
 .text.nrf_mesh_prov_generate_keys
                0x00021a66        0x4 examples/pb_remote/client/CMakeFiles/pb_remote_client_nrf52832_xxAA_s132_3.1.0.dir/__/__/__/mesh/prov/src/nrf_mesh_prov.c.obj
                0x00021a66                nrf_mesh_prov_generate_keys
 .text.nrf_mesh_prov_provision
                0x00021a6a       0x4e examples/pb_remote/client/CMakeFiles/pb_remote_client_nrf52832_xxAA_s132_3.1.0.dir/__/__/__/mesh/prov/src/nrf_mesh_prov.c.obj
                0x00021a6a                nrf_mesh_prov_provision
 .text.nrf_mesh_prov_oob_use
                0x00021ab8        0xe examples/pb_remote/client/CMakeFiles/pb_remote_client_nrf52832_xxAA_s132_3.1.0.dir/__/__/__/mesh/prov/src/nrf_mesh_prov.c.obj
                0x00021ab8                nrf_mesh_prov_oob_use
 .text.nrf_mesh_prov_auth_data_provide
                0x00021ac6        0xe examples/pb_remote/client/CMakeFiles/pb_remote_client_nrf52832_xxAA_s132_3.1.0.dir/__/__/__/mesh/prov/src/nrf_mesh_prov.c.obj
                0x00021ac6                nrf_mesh_prov_auth_data_provide
 .text.send_data
                0x00021ad4       0x40 examples/pb_remote/client/CMakeFiles/pb_remote_client_nrf52832_xxAA_s132_3.1.0.dir/__/__/__/mesh/prov/src/provisioning.c.obj
 .text.prov_packet_length_valid
                0x00021b14       0x1c examples/pb_remote/client/CMakeFiles/pb_remote_client_nrf52832_xxAA_s132_3.1.0.dir/__/__/__/mesh/prov/src/provisioning.c.obj
                0x00021b14                prov_packet_length_valid
 .text.prov_init
                0x00021b30       0x2c examples/pb_remote/client/CMakeFiles/pb_remote_client_nrf52832_xxAA_s132_3.1.0.dir/__/__/__/mesh/prov/src/provisioning.c.obj
                0x00021b30                prov_init
 .text.prov_link_open
                0x00021b5c       0x14 examples/pb_remote/client/CMakeFiles/pb_remote_client_nrf52832_xxAA_s132_3.1.0.dir/__/__/__/mesh/prov/src/provisioning.c.obj
                0x00021b5c                prov_link_open
 .text.prov_link_close
                0x00021b70        0x8 examples/pb_remote/client/CMakeFiles/pb_remote_client_nrf52832_xxAA_s132_3.1.0.dir/__/__/__/mesh/prov/src/provisioning.c.obj
                0x00021b70                prov_link_close
 .text.prov_tx_invite
                0x00021b78       0x28 examples/pb_remote/client/CMakeFiles/pb_remote_client_nrf52832_xxAA_s132_3.1.0.dir/__/__/__/mesh/prov/src/provisioning.c.obj
                0x00021b78                prov_tx_invite
 .text.prov_tx_start
                0x00021ba0       0x20 examples/pb_remote/client/CMakeFiles/pb_remote_client_nrf52832_xxAA_s132_3.1.0.dir/__/__/__/mesh/prov/src/provisioning.c.obj
                0x00021ba0                prov_tx_start
 .text.prov_tx_public_key
                0x00021bc0       0x26 examples/pb_remote/client/CMakeFiles/pb_remote_client_nrf52832_xxAA_s132_3.1.0.dir/__/__/__/mesh/prov/src/provisioning.c.obj
                0x00021bc0                prov_tx_public_key
 .text.prov_tx_confirmation
                0x00021be6       0x26 examples/pb_remote/client/CMakeFiles/pb_remote_client_nrf52832_xxAA_s132_3.1.0.dir/__/__/__/mesh/prov/src/provisioning.c.obj
                0x00021be6                prov_tx_confirmation
 .text.prov_tx_random
                0x00021c0c       0x26 examples/pb_remote/client/CMakeFiles/pb_remote_client_nrf52832_xxAA_s132_3.1.0.dir/__/__/__/mesh/prov/src/provisioning.c.obj
                0x00021c0c                prov_tx_random
 .text.prov_tx_data
                0x00021c32        0x6 examples/pb_remote/client/CMakeFiles/pb_remote_client_nrf52832_xxAA_s132_3.1.0.dir/__/__/__/mesh/prov/src/provisioning.c.obj
                0x00021c32                prov_tx_data
 .text.prov_cb_link_opened
                0x00021c38        0x8 examples/pb_remote/client/CMakeFiles/pb_remote_client_nrf52832_xxAA_s132_3.1.0.dir/__/__/__/mesh/prov/src/provisioning.c.obj
                0x00021c38                prov_cb_link_opened
 .text.prov_cb_link_closed
                0x00021c40        0x8 examples/pb_remote/client/CMakeFiles/pb_remote_client_nrf52832_xxAA_s132_3.1.0.dir/__/__/__/mesh/prov/src/provisioning.c.obj
                0x00021c40                prov_cb_link_closed
 .text.prov_cb_pkt_in
                0x00021c48       0x7c examples/pb_remote/client/CMakeFiles/pb_remote_client_nrf52832_xxAA_s132_3.1.0.dir/__/__/__/mesh/prov/src/provisioning.c.obj
                0x00021c48                prov_cb_pkt_in
 .text.prov_cb_ack_in
                0x00021cc4        0x8 examples/pb_remote/client/CMakeFiles/pb_remote_client_nrf52832_xxAA_s132_3.1.0.dir/__/__/__/mesh/prov/src/provisioning.c.obj
                0x00021cc4                prov_cb_ack_in
 .text.prov_beacon_unprov_build
                0x00021ccc       0x54 examples/pb_remote/client/CMakeFiles/pb_remote_client_nrf52832_xxAA_s132_3.1.0.dir/__/__/__/mesh/prov/src/prov_beacon.c.obj
                0x00021ccc                prov_beacon_unprov_build
 .text.prov_beacon_unprov_packet_in
                0x00021d20       0xb0 examples/pb_remote/client/CMakeFiles/pb_remote_client_nrf52832_xxAA_s132_3.1.0.dir/__/__/__/mesh/prov/src/prov_beacon.c.obj
                0x00021d20                prov_beacon_unprov_packet_in
 .text.oob_gen_alphanumeric
                0x00021dd0       0x34 examples/pb_remote/client/CMakeFiles/pb_remote_client_nrf52832_xxAA_s132_3.1.0.dir/__/__/__/mesh/prov/src/prov_utils.c.obj
 .text.oob_gen_numeric
                0x00021e04       0x3c examples/pb_remote/client/CMakeFiles/pb_remote_client_nrf52832_xxAA_s132_3.1.0.dir/__/__/__/mesh/prov/src/prov_utils.c.obj
 .text.prov_utils_use_ecdh_offloading
                0x00021e40        0xc examples/pb_remote/client/CMakeFiles/pb_remote_client_nrf52832_xxAA_s132_3.1.0.dir/__/__/__/mesh/prov/src/prov_utils.c.obj
                0x00021e40                prov_utils_use_ecdh_offloading
 .text.prov_utils_authentication_values_derive
                0x00021e4c       0xa4 examples/pb_remote/client/CMakeFiles/pb_remote_client_nrf52832_xxAA_s132_3.1.0.dir/__/__/__/mesh/prov/src/prov_utils.c.obj
                0x00021e4c                prov_utils_authentication_values_derive
 .text.prov_utils_keys_generate
                0x00021ef0       0x1e examples/pb_remote/client/CMakeFiles/pb_remote_client_nrf52832_xxAA_s132_3.1.0.dir/__/__/__/mesh/prov/src/prov_utils.c.obj
                0x00021ef0                prov_utils_keys_generate
 *fill*         0x00021f0e        0x2 
 .text.prov_utils_derive_keys
                0x00021f10       0xb0 examples/pb_remote/client/CMakeFiles/pb_remote_client_nrf52832_xxAA_s132_3.1.0.dir/__/__/__/mesh/prov/src/prov_utils.c.obj
                0x00021f10                prov_utils_derive_keys
 .text.prov_utils_calculate_shared_secret
                0x00021fc0       0x38 examples/pb_remote/client/CMakeFiles/pb_remote_client_nrf52832_xxAA_s132_3.1.0.dir/__/__/__/mesh/prov/src/prov_utils.c.obj
                0x00021fc0                prov_utils_calculate_shared_secret
 .text.prov_utils_generate_oob_data
                0x00021ff8       0x9c examples/pb_remote/client/CMakeFiles/pb_remote_client_nrf52832_xxAA_s132_3.1.0.dir/__/__/__/mesh/prov/src/prov_utils.c.obj
                0x00021ff8                prov_utils_generate_oob_data
 .text.prov_utils_confirmation_check
                0x00022094       0x5c examples/pb_remote/client/CMakeFiles/pb_remote_client_nrf52832_xxAA_s132_3.1.0.dir/__/__/__/mesh/prov/src/prov_utils.c.obj
                0x00022094                prov_utils_confirmation_check
 .text.remove_active_bearer
                0x000220f0       0x60 examples/pb_remote/client/CMakeFiles/pb_remote_client_nrf52832_xxAA_s132_3.1.0.dir/__/__/__/mesh/prov/src/prov_bearer_adv.c.obj
 .text.prov_bearer_adv_listen_stop
                0x00022150       0x38 examples/pb_remote/client/CMakeFiles/pb_remote_client_nrf52832_xxAA_s132_3.1.0.dir/__/__/__/mesh/prov/src/prov_bearer_adv.c.obj
 .text.close_link
                0x00022188       0x68 examples/pb_remote/client/CMakeFiles/pb_remote_client_nrf52832_xxAA_s132_3.1.0.dir/__/__/__/mesh/prov/src/prov_bearer_adv.c.obj
 .text.send_packet
                0x000221f0       0x6c examples/pb_remote/client/CMakeFiles/pb_remote_client_nrf52832_xxAA_s132_3.1.0.dir/__/__/__/mesh/prov/src/prov_bearer_adv.c.obj
 .text.prov_buffer_tx
                0x0002225c      0x158 examples/pb_remote/client/CMakeFiles/pb_remote_client_nrf52832_xxAA_s132_3.1.0.dir/__/__/__/mesh/prov/src/prov_bearer_adv.c.obj
 .text.send_link_close
                0x000223b4       0x38 examples/pb_remote/client/CMakeFiles/pb_remote_client_nrf52832_xxAA_s132_3.1.0.dir/__/__/__/mesh/prov/src/prov_bearer_adv.c.obj
 .text.prov_bearer_adv_link_close
                0x000223ec       0x70 examples/pb_remote/client/CMakeFiles/pb_remote_client_nrf52832_xxAA_s132_3.1.0.dir/__/__/__/mesh/prov/src/prov_bearer_adv.c.obj
 .text.send_transaction_ack
                0x0002245c       0x24 examples/pb_remote/client/CMakeFiles/pb_remote_client_nrf52832_xxAA_s132_3.1.0.dir/__/__/__/mesh/prov/src/prov_bearer_adv.c.obj
 .text.send_link_ack
                0x00022480       0x32 examples/pb_remote/client/CMakeFiles/pb_remote_client_nrf52832_xxAA_s132_3.1.0.dir/__/__/__/mesh/prov/src/prov_bearer_adv.c.obj
 .text.link_timeout_cb
                0x000224b2        0x8 examples/pb_remote/client/CMakeFiles/pb_remote_client_nrf52832_xxAA_s132_3.1.0.dir/__/__/__/mesh/prov/src/prov_bearer_adv.c.obj
 .text.reset_timeout_timer
                0x000224ba       0x1a examples/pb_remote/client/CMakeFiles/pb_remote_client_nrf52832_xxAA_s132_3.1.0.dir/__/__/__/mesh/prov/src/prov_bearer_adv.c.obj
 .text.tx_complete_cb
                0x000224d4       0x1c examples/pb_remote/client/CMakeFiles/pb_remote_client_nrf52832_xxAA_s132_3.1.0.dir/__/__/__/mesh/prov/src/prov_bearer_adv.c.obj
 .text.tx_retry_cb
                0x000224f0       0xcc examples/pb_remote/client/CMakeFiles/pb_remote_client_nrf52832_xxAA_s132_3.1.0.dir/__/__/__/mesh/prov/src/prov_bearer_adv.c.obj
 .text.add_active_bearer
                0x000225bc       0x80 examples/pb_remote/client/CMakeFiles/pb_remote_client_nrf52832_xxAA_s132_3.1.0.dir/__/__/__/mesh/prov/src/prov_bearer_adv.c.obj
 .text.prov_bearer_adv_link_open
                0x0002263c       0xf0 examples/pb_remote/client/CMakeFiles/pb_remote_client_nrf52832_xxAA_s132_3.1.0.dir/__/__/__/mesh/prov/src/prov_bearer_adv.c.obj
 .text.async_process
                0x0002272c       0x50 examples/pb_remote/client/CMakeFiles/pb_remote_client_nrf52832_xxAA_s132_3.1.0.dir/__/__/__/mesh/prov/src/prov_bearer_adv.c.obj
 .text.prov_bearer_adv_listen
                0x0002277c       0xe8 examples/pb_remote/client/CMakeFiles/pb_remote_client_nrf52832_xxAA_s132_3.1.0.dir/__/__/__/mesh/prov/src/prov_bearer_adv.c.obj
 .text.calculate_3GPP_CRC
                0x00022864       0x24 examples/pb_remote/client/CMakeFiles/pb_remote_client_nrf52832_xxAA_s132_3.1.0.dir/__/__/__/mesh/prov/src/prov_bearer_adv.c.obj
                0x00022864                calculate_3GPP_CRC
 .text.prov_bearer_adv_tx
                0x00022888       0xac examples/pb_remote/client/CMakeFiles/pb_remote_client_nrf52832_xxAA_s132_3.1.0.dir/__/__/__/mesh/prov/src/prov_bearer_adv.c.obj
 .text.prov_buffer_rx
                0x00022934       0x74 examples/pb_remote/client/CMakeFiles/pb_remote_client_nrf52832_xxAA_s132_3.1.0.dir/__/__/__/mesh/prov/src/prov_bearer_adv.c.obj
 .text.prov_bearer_adv_interface_get
                0x000229a8       0x24 examples/pb_remote/client/CMakeFiles/pb_remote_client_nrf52832_xxAA_s132_3.1.0.dir/__/__/__/mesh/prov/src/prov_bearer_adv.c.obj
                0x000229a8                prov_bearer_adv_interface_get
 .text.prov_bearer_adv_packet_in
                0x000229cc      0x80c examples/pb_remote/client/CMakeFiles/pb_remote_client_nrf52832_xxAA_s132_3.1.0.dir/__/__/__/mesh/prov/src/prov_bearer_adv.c.obj
                0x000229cc                prov_bearer_adv_packet_in
 .text.add_to_publication_list
                0x000231d8       0x84 examples/pb_remote/client/CMakeFiles/pb_remote_client_nrf52832_xxAA_s132_3.1.0.dir/__/__/__/mesh/access/src/access_publish.c.obj
 .text.step_resolution_to_us
                0x0002325c       0x44 examples/pb_remote/client/CMakeFiles/pb_remote_client_nrf52832_xxAA_s132_3.1.0.dir/__/__/__/mesh/access/src/access_publish.c.obj
 .text.schedule_publication_timer
                0x000232a0      0x184 examples/pb_remote/client/CMakeFiles/pb_remote_client_nrf52832_xxAA_s132_3.1.0.dir/__/__/__/mesh/access/src/access_publish.c.obj
 .text.publish_timer_tick
                0x00023424       0xbc examples/pb_remote/client/CMakeFiles/pb_remote_client_nrf52832_xxAA_s132_3.1.0.dir/__/__/__/mesh/access/src/access_publish.c.obj
 .text.access_publish_init
                0x000234e0       0x38 examples/pb_remote/client/CMakeFiles/pb_remote_client_nrf52832_xxAA_s132_3.1.0.dir/__/__/__/mesh/access/src/access_publish.c.obj
                0x000234e0                access_publish_init
 .text.bitfield_get
                0x00023518       0x1a examples/pb_remote/client/CMakeFiles/pb_remote_client_nrf52832_xxAA_s132_3.1.0.dir/__/__/__/mesh/access/src/access.c.obj
 .text.is_valid_opcode
                0x00023532       0x42 examples/pb_remote/client/CMakeFiles/pb_remote_client_nrf52832_xxAA_s132_3.1.0.dir/__/__/__/mesh/access/src/access.c.obj
 .text.model_handle_valid_and_allocated
                0x00023574       0x20 examples/pb_remote/client/CMakeFiles/pb_remote_client_nrf52832_xxAA_s132_3.1.0.dir/__/__/__/mesh/access/src/access.c.obj
 .text.flash_invalidate_complete
                0x00023594       0x14 examples/pb_remote/client/CMakeFiles/pb_remote_client_nrf52832_xxAA_s132_3.1.0.dir/__/__/__/mesh/access/src/access.c.obj
 .text.flash_manager_mem_available
                0x000235a8        0x2 examples/pb_remote/client/CMakeFiles/pb_remote_client_nrf52832_xxAA_s132_3.1.0.dir/__/__/__/mesh/access/src/access.c.obj
 *fill*         0x000235aa        0x2 
 .text.access_state_clear
                0x000235ac       0x4c examples/pb_remote/client/CMakeFiles/pb_remote_client_nrf52832_xxAA_s132_3.1.0.dir/__/__/__/mesh/access/src/access.c.obj
 .text.add_flash_manager
                0x000235f8       0x58 examples/pb_remote/client/CMakeFiles/pb_remote_client_nrf52832_xxAA_s132_3.1.0.dir/__/__/__/mesh/access/src/access.c.obj
 .text.flash_remove_complete
                0x00023650       0x5c examples/pb_remote/client/CMakeFiles/pb_remote_client_nrf52832_xxAA_s132_3.1.0.dir/__/__/__/mesh/access/src/access.c.obj
 .text.flash_write_complete
                0x000236ac       0x54 examples/pb_remote/client/CMakeFiles/pb_remote_client_nrf52832_xxAA_s132_3.1.0.dir/__/__/__/mesh/access/src/access.c.obj
 .text.handle_incoming
                0x00023700      0x158 examples/pb_remote/client/CMakeFiles/pb_remote_client_nrf52832_xxAA_s132_3.1.0.dir/__/__/__/mesh/access/src/access.c.obj
 .text.mesh_evt_cb
                0x00023858      0x134 examples/pb_remote/client/CMakeFiles/pb_remote_client_nrf52832_xxAA_s132_3.1.0.dir/__/__/__/mesh/access/src/access.c.obj
 .text.packet_tx
                0x0002398c      0x2c0 examples/pb_remote/client/CMakeFiles/pb_remote_client_nrf52832_xxAA_s132_3.1.0.dir/__/__/__/mesh/access/src/access.c.obj
 .text.access_init
                0x00023c4c       0x28 examples/pb_remote/client/CMakeFiles/pb_remote_client_nrf52832_xxAA_s132_3.1.0.dir/__/__/__/mesh/access/src/access.c.obj
                0x00023c4c                access_init
 .text.access_model_add
                0x00023c74      0x1b4 examples/pb_remote/client/CMakeFiles/pb_remote_client_nrf52832_xxAA_s132_3.1.0.dir/__/__/__/mesh/access/src/access.c.obj
                0x00023c74                access_model_add
 .text.access_model_publish
                0x00023e28        0xc examples/pb_remote/client/CMakeFiles/pb_remote_client_nrf52832_xxAA_s132_3.1.0.dir/__/__/__/mesh/access/src/access.c.obj
                0x00023e28                access_model_publish
 .text.access_model_reply
                0x00023e34       0x12 examples/pb_remote/client/CMakeFiles/pb_remote_client_nrf52832_xxAA_s132_3.1.0.dir/__/__/__/mesh/access/src/access.c.obj
                0x00023e34                access_model_reply
 *fill*         0x00023e46        0x2 
 .text.access_model_publish_address_set
                0x00023e48       0x3c examples/pb_remote/client/CMakeFiles/pb_remote_client_nrf52832_xxAA_s132_3.1.0.dir/__/__/__/mesh/access/src/access.c.obj
                0x00023e48                access_model_publish_address_set
 .text.access_model_publish_address_get
                0x00023e84       0x28 examples/pb_remote/client/CMakeFiles/pb_remote_client_nrf52832_xxAA_s132_3.1.0.dir/__/__/__/mesh/access/src/access.c.obj
                0x00023e84                access_model_publish_address_get
 .text.access_model_application_bind
                0x00023eac       0x50 examples/pb_remote/client/CMakeFiles/pb_remote_client_nrf52832_xxAA_s132_3.1.0.dir/__/__/__/mesh/access/src/access.c.obj
                0x00023eac                access_model_application_bind
 .text.access_model_publish_application_set
                0x00023efc       0x3c examples/pb_remote/client/CMakeFiles/pb_remote_client_nrf52832_xxAA_s132_3.1.0.dir/__/__/__/mesh/access/src/access.c.obj
                0x00023efc                access_model_publish_application_set
 .text.access_model_publish_ttl_set
                0x00023f38       0x40 examples/pb_remote/client/CMakeFiles/pb_remote_client_nrf52832_xxAA_s132_3.1.0.dir/__/__/__/mesh/access/src/access.c.obj
                0x00023f38                access_model_publish_ttl_set
 .text.access_model_publish_ttl_get
                0x00023f78       0x28 examples/pb_remote/client/CMakeFiles/pb_remote_client_nrf52832_xxAA_s132_3.1.0.dir/__/__/__/mesh/access/src/access.c.obj
                0x00023f78                access_model_publish_ttl_get
 .text.access_model_p_args_get
                0x00023fa0       0x28 examples/pb_remote/client/CMakeFiles/pb_remote_client_nrf52832_xxAA_s132_3.1.0.dir/__/__/__/mesh/access/src/access.c.obj
                0x00023fa0                access_model_p_args_get
 .text.remove_and_reschedule
                0x00023fc8       0xd8 examples/pb_remote/client/CMakeFiles/pb_remote_client_nrf52832_xxAA_s132_3.1.0.dir/__/__/__/mesh/access/src/access_reliable.c.obj
 .text.reliable_timer_cb
                0x000240a0      0x148 examples/pb_remote/client/CMakeFiles/pb_remote_client_nrf52832_xxAA_s132_3.1.0.dir/__/__/__/mesh/access/src/access_reliable.c.obj
 .text.access_reliable_message_rx_cb
                0x000241e8       0x84 examples/pb_remote/client/CMakeFiles/pb_remote_client_nrf52832_xxAA_s132_3.1.0.dir/__/__/__/mesh/access/src/access_reliable.c.obj
                0x000241e8                access_reliable_message_rx_cb
 .text.access_reliable_init
                0x0002426c       0x1c examples/pb_remote/client/CMakeFiles/pb_remote_client_nrf52832_xxAA_s132_3.1.0.dir/__/__/__/mesh/access/src/access_reliable.c.obj
                0x0002426c                access_reliable_init
 .text.access_model_reliable_cancel
                0x00024288       0x4c examples/pb_remote/client/CMakeFiles/pb_remote_client_nrf52832_xxAA_s132_3.1.0.dir/__/__/__/mesh/access/src/access_reliable.c.obj
                0x00024288                access_model_reliable_cancel
 .text.access_model_reliable_publish
                0x000242d4      0x1b8 examples/pb_remote/client/CMakeFiles/pb_remote_client_nrf52832_xxAA_s132_3.1.0.dir/__/__/__/mesh/access/src/access_reliable.c.obj
                0x000242d4                access_model_reliable_publish
 .text.bitfield_get
                0x0002448c       0x1a examples/pb_remote/client/CMakeFiles/pb_remote_client_nrf52832_xxAA_s132_3.1.0.dir/__/__/__/mesh/access/src/device_state_manager.c.obj
 .text.bitfield_set
                0x000244a6       0x18 examples/pb_remote/client/CMakeFiles/pb_remote_client_nrf52832_xxAA_s132_3.1.0.dir/__/__/__/mesh/access/src/device_state_manager.c.obj
 .text.bitfield_clear
                0x000244be       0x1a examples/pb_remote/client/CMakeFiles/pb_remote_client_nrf52832_xxAA_s132_3.1.0.dir/__/__/__/mesh/access/src/device_state_manager.c.obj
 .text.bitfield_is_all_clear
                0x000244d8       0x3c examples/pb_remote/client/CMakeFiles/pb_remote_client_nrf52832_xxAA_s132_3.1.0.dir/__/__/__/mesh/access/src/device_state_manager.c.obj
 .text.address_handle_virtual_valid
                0x00024514       0x14 examples/pb_remote/client/CMakeFiles/pb_remote_client_nrf52832_xxAA_s132_3.1.0.dir/__/__/__/mesh/access/src/device_state_manager.c.obj
 .text.net_key_handle_get
                0x00024528       0x38 examples/pb_remote/client/CMakeFiles/pb_remote_client_nrf52832_xxAA_s132_3.1.0.dir/__/__/__/mesh/access/src/device_state_manager.c.obj
 .text.dev_key_handle_get
                0x00024560       0x58 examples/pb_remote/client/CMakeFiles/pb_remote_client_nrf52832_xxAA_s132_3.1.0.dir/__/__/__/mesh/access/src/device_state_manager.c.obj
 .text.app_key_handle_get
                0x000245b8       0x38 examples/pb_remote/client/CMakeFiles/pb_remote_client_nrf52832_xxAA_s132_3.1.0.dir/__/__/__/mesh/access/src/device_state_manager.c.obj
 .text.addr_nonvirtual_to_flash_entry
                0x000245f0       0x10 examples/pb_remote/client/CMakeFiles/pb_remote_client_nrf52832_xxAA_s132_3.1.0.dir/__/__/__/mesh/access/src/device_state_manager.c.obj
 .text.flash_mem_listener_callback
                0x00024600       0x20 examples/pb_remote/client/CMakeFiles/pb_remote_client_nrf52832_xxAA_s132_3.1.0.dir/__/__/__/mesh/access/src/device_state_manager.c.obj
 .text.devkey_set
                0x00024620       0x4c examples/pb_remote/client/CMakeFiles/pb_remote_client_nrf52832_xxAA_s132_3.1.0.dir/__/__/__/mesh/access/src/device_state_manager.c.obj
 .text.devkey_to_dsm_entry
                0x0002466c       0x16 examples/pb_remote/client/CMakeFiles/pb_remote_client_nrf52832_xxAA_s132_3.1.0.dir/__/__/__/mesh/access/src/device_state_manager.c.obj
 *fill*         0x00024682        0x2 
 .text.devkey_to_flash_entry
                0x00024684       0x28 examples/pb_remote/client/CMakeFiles/pb_remote_client_nrf52832_xxAA_s132_3.1.0.dir/__/__/__/mesh/access/src/device_state_manager.c.obj
 .text.appkey_to_flash_entry
                0x000246ac       0x28 examples/pb_remote/client/CMakeFiles/pb_remote_client_nrf52832_xxAA_s132_3.1.0.dir/__/__/__/mesh/access/src/device_state_manager.c.obj
 .text.subnet_to_flash_entry
                0x000246d4       0x20 examples/pb_remote/client/CMakeFiles/pb_remote_client_nrf52832_xxAA_s132_3.1.0.dir/__/__/__/mesh/access/src/device_state_manager.c.obj
 .text.addr_virtual_to_flash_entry
                0x000246f4       0x18 examples/pb_remote/client/CMakeFiles/pb_remote_client_nrf52832_xxAA_s132_3.1.0.dir/__/__/__/mesh/access/src/device_state_manager.c.obj
 .text.addr_unicast_to_dsm_entry
                0x0002470c        0xc examples/pb_remote/client/CMakeFiles/pb_remote_client_nrf52832_xxAA_s132_3.1.0.dir/__/__/__/mesh/access/src/device_state_manager.c.obj
 .text.addr_unicast_to_flash_entry
                0x00024718       0x10 examples/pb_remote/client/CMakeFiles/pb_remote_client_nrf52832_xxAA_s132_3.1.0.dir/__/__/__/mesh/access/src/device_state_manager.c.obj
 .text.appkey_set
                0x00024728       0x6c examples/pb_remote/client/CMakeFiles/pb_remote_client_nrf52832_xxAA_s132_3.1.0.dir/__/__/__/mesh/access/src/device_state_manager.c.obj
 .text.appkey_to_dsm_entry
                0x00024794       0x14 examples/pb_remote/client/CMakeFiles/pb_remote_client_nrf52832_xxAA_s132_3.1.0.dir/__/__/__/mesh/access/src/device_state_manager.c.obj
 .text.subnet_set
                0x000247a8       0x94 examples/pb_remote/client/CMakeFiles/pb_remote_client_nrf52832_xxAA_s132_3.1.0.dir/__/__/__/mesh/access/src/device_state_manager.c.obj
 .text.subnet_to_dsm_entry
                0x0002483c        0xc examples/pb_remote/client/CMakeFiles/pb_remote_client_nrf52832_xxAA_s132_3.1.0.dir/__/__/__/mesh/access/src/device_state_manager.c.obj
 .text.virtual_address_set
                0x00024848       0x54 examples/pb_remote/client/CMakeFiles/pb_remote_client_nrf52832_xxAA_s132_3.1.0.dir/__/__/__/mesh/access/src/device_state_manager.c.obj
 .text.addr_virtual_to_dsm_entry
                0x0002489c        0xc examples/pb_remote/client/CMakeFiles/pb_remote_client_nrf52832_xxAA_s132_3.1.0.dir/__/__/__/mesh/access/src/device_state_manager.c.obj
 .text.flash_save
                0x000248a8       0x84 examples/pb_remote/client/CMakeFiles/pb_remote_client_nrf52832_xxAA_s132_3.1.0.dir/__/__/__/mesh/access/src/device_state_manager.c.obj
 .text.flash_invalidate
                0x0002492c       0x68 examples/pb_remote/client/CMakeFiles/pb_remote_client_nrf52832_xxAA_s132_3.1.0.dir/__/__/__/mesh/access/src/device_state_manager.c.obj
 .text.flash_update_all
                0x00024994       0x6c examples/pb_remote/client/CMakeFiles/pb_remote_client_nrf52832_xxAA_s132_3.1.0.dir/__/__/__/mesh/access/src/device_state_manager.c.obj
 .text.virtual_address_uuid_index_get
                0x00024a00       0x3c examples/pb_remote/client/CMakeFiles/pb_remote_client_nrf52832_xxAA_s132_3.1.0.dir/__/__/__/mesh/access/src/device_state_manager.c.obj
 .text.get_subnet_handle
                0x00024a3c       0x30 examples/pb_remote/client/CMakeFiles/pb_remote_client_nrf52832_xxAA_s132_3.1.0.dir/__/__/__/mesh/access/src/device_state_manager.c.obj
 .text.get_app_handle
                0x00024a6c       0x4c examples/pb_remote/client/CMakeFiles/pb_remote_client_nrf52832_xxAA_s132_3.1.0.dir/__/__/__/mesh/access/src/device_state_manager.c.obj
 .text.flash_operation_complete
                0x00024ab8       0x58 examples/pb_remote/client/CMakeFiles/pb_remote_client_nrf52832_xxAA_s132_3.1.0.dir/__/__/__/mesh/access/src/device_state_manager.c.obj
 .text.flash_invalidate_complete
                0x00024b10        0x8 examples/pb_remote/client/CMakeFiles/pb_remote_client_nrf52832_xxAA_s132_3.1.0.dir/__/__/__/mesh/access/src/device_state_manager.c.obj
 .text.flash_write_complete
                0x00024b18        0x8 examples/pb_remote/client/CMakeFiles/pb_remote_client_nrf52832_xxAA_s132_3.1.0.dir/__/__/__/mesh/access/src/device_state_manager.c.obj
 .text.add_address.part.5
                0x00024b20      0x144 examples/pb_remote/client/CMakeFiles/pb_remote_client_nrf52832_xxAA_s132_3.1.0.dir/__/__/__/mesh/access/src/device_state_manager.c.obj
 .text.address_handle_valid
                0x00024c64       0x28 examples/pb_remote/client/CMakeFiles/pb_remote_client_nrf52832_xxAA_s132_3.1.0.dir/__/__/__/mesh/access/src/device_state_manager.c.obj
 .text.address_handle_nonvirtual_valid
                0x00024c8c       0x14 examples/pb_remote/client/CMakeFiles/pb_remote_client_nrf52832_xxAA_s132_3.1.0.dir/__/__/__/mesh/access/src/device_state_manager.c.obj
 .text.addr_nonvirtual_to_dsm_entry
                0x00024ca0       0x38 examples/pb_remote/client/CMakeFiles/pb_remote_client_nrf52832_xxAA_s132_3.1.0.dir/__/__/__/mesh/access/src/device_state_manager.c.obj
 .text.dsm_flash_area_get
                0x00024cd8        0xc examples/pb_remote/client/CMakeFiles/pb_remote_client_nrf52832_xxAA_s132_3.1.0.dir/__/__/__/mesh/access/src/device_state_manager.c.obj
                0x00024cd8                dsm_flash_area_get
 .text.build_flash_area
                0x00024ce4       0x8c examples/pb_remote/client/CMakeFiles/pb_remote_client_nrf52832_xxAA_s132_3.1.0.dir/__/__/__/mesh/access/src/device_state_manager.c.obj
 .text.dsm_init
                0x00024d70       0x24 examples/pb_remote/client/CMakeFiles/pb_remote_client_nrf52832_xxAA_s132_3.1.0.dir/__/__/__/mesh/access/src/device_state_manager.c.obj
                0x00024d70                dsm_init
 .text.flash_remove_complete
                0x00024d94        0x4 examples/pb_remote/client/CMakeFiles/pb_remote_client_nrf52832_xxAA_s132_3.1.0.dir/__/__/__/mesh/access/src/device_state_manager.c.obj
 .text.dsm_local_unicast_addresses_set
                0x00024d98       0x74 examples/pb_remote/client/CMakeFiles/pb_remote_client_nrf52832_xxAA_s132_3.1.0.dir/__/__/__/mesh/access/src/device_state_manager.c.obj
                0x00024d98                dsm_local_unicast_addresses_set
 .text.dsm_local_unicast_addresses_get
                0x00024e0c       0x2c examples/pb_remote/client/CMakeFiles/pb_remote_client_nrf52832_xxAA_s132_3.1.0.dir/__/__/__/mesh/access/src/device_state_manager.c.obj
                0x00024e0c                dsm_local_unicast_addresses_get
 .text.dsm_address_publish_add
                0x00024e38        0xc examples/pb_remote/client/CMakeFiles/pb_remote_client_nrf52832_xxAA_s132_3.1.0.dir/__/__/__/mesh/access/src/device_state_manager.c.obj
                0x00024e38                dsm_address_publish_add
 .text.dsm_address_subscription_get
                0x00024e44       0x34 examples/pb_remote/client/CMakeFiles/pb_remote_client_nrf52832_xxAA_s132_3.1.0.dir/__/__/__/mesh/access/src/device_state_manager.c.obj
                0x00024e44                dsm_address_subscription_get
 .text.dsm_address_get
                0x00024e78       0x5c examples/pb_remote/client/CMakeFiles/pb_remote_client_nrf52832_xxAA_s132_3.1.0.dir/__/__/__/mesh/access/src/device_state_manager.c.obj
                0x00024e78                dsm_address_get
 .text.dsm_address_handle_get
                0x00024ed4       0x98 examples/pb_remote/client/CMakeFiles/pb_remote_client_nrf52832_xxAA_s132_3.1.0.dir/__/__/__/mesh/access/src/device_state_manager.c.obj
                0x00024ed4                dsm_address_handle_get
 .text.dsm_appkey_handle_get
                0x00024f6c        0xc examples/pb_remote/client/CMakeFiles/pb_remote_client_nrf52832_xxAA_s132_3.1.0.dir/__/__/__/mesh/access/src/device_state_manager.c.obj
                0x00024f6c                dsm_appkey_handle_get
 .text.dsm_subnet_add
                0x00024f78       0x58 examples/pb_remote/client/CMakeFiles/pb_remote_client_nrf52832_xxAA_s132_3.1.0.dir/__/__/__/mesh/access/src/device_state_manager.c.obj
                0x00024f78                dsm_subnet_add
 .text.dsm_devkey_add
                0x00024fd0       0x78 examples/pb_remote/client/CMakeFiles/pb_remote_client_nrf52832_xxAA_s132_3.1.0.dir/__/__/__/mesh/access/src/device_state_manager.c.obj
                0x00024fd0                dsm_devkey_add
 .text.dsm_appkey_add
                0x00025048       0x70 examples/pb_remote/client/CMakeFiles/pb_remote_client_nrf52832_xxAA_s132_3.1.0.dir/__/__/__/mesh/access/src/device_state_manager.c.obj
                0x00025048                dsm_appkey_add
 .text.dsm_tx_secmat_get
                0x000250b8       0xe8 examples/pb_remote/client/CMakeFiles/pb_remote_client_nrf52832_xxAA_s132_3.1.0.dir/__/__/__/mesh/access/src/device_state_manager.c.obj
                0x000250b8                dsm_tx_secmat_get
 .text.nrf_mesh_net_secmat_next_get
                0x000251a0       0x50 examples/pb_remote/client/CMakeFiles/pb_remote_client_nrf52832_xxAA_s132_3.1.0.dir/__/__/__/mesh/access/src/device_state_manager.c.obj
                0x000251a0                nrf_mesh_net_secmat_next_get
 .text.nrf_mesh_app_secmat_next_get
                0x000251f0       0x84 examples/pb_remote/client/CMakeFiles/pb_remote_client_nrf52832_xxAA_s132_3.1.0.dir/__/__/__/mesh/access/src/device_state_manager.c.obj
                0x000251f0                nrf_mesh_app_secmat_next_get
 .text.nrf_mesh_devkey_secmat_get
                0x00025274       0x44 examples/pb_remote/client/CMakeFiles/pb_remote_client_nrf52832_xxAA_s132_3.1.0.dir/__/__/__/mesh/access/src/device_state_manager.c.obj
                0x00025274                nrf_mesh_devkey_secmat_get
 .text.nrf_mesh_beacon_info_next_get
                0x000252b8       0x74 examples/pb_remote/client/CMakeFiles/pb_remote_client_nrf52832_xxAA_s132_3.1.0.dir/__/__/__/mesh/access/src/device_state_manager.c.obj
                0x000252b8                nrf_mesh_beacon_info_next_get
 .text.nrf_mesh_rx_address_get
                0x0002532c       0xfc examples/pb_remote/client/CMakeFiles/pb_remote_client_nrf52832_xxAA_s132_3.1.0.dir/__/__/__/mesh/access/src/device_state_manager.c.obj
                0x0002532c                nrf_mesh_rx_address_get
 .text._weak_handler
                0x00025428        0x4 examples/pb_remote/client/CMakeFiles/pb_remote_client_nrf52832_xxAA_s132_3.1.0.dir/__/__/nrf_mesh_weak.c.obj
                0x00025428                nrf_mesh_dfu_init
                0x00025428                nrf_mesh_dfu_jump_to_bootloader
                0x00025428                nrf_mesh_dfu_rx
                0x00025428                nrf_mesh_dfu_bank_info_get
                0x00025428                nrf_mesh_dfu_request
                0x00025428                nrf_mesh_dfu_bank_flash
                0x00025428                _weak_handler
                0x00025428                prov_provisionee_auth_data
                0x00025428                nrf_mesh_dfu_relay
                0x00025428                prov_provisionee_shared_secret
                0x00025428                nrf_mesh_dfu_abort
                0x00025428                mesh_flash_op_execute
                0x00025428                prov_provisionee_init
                0x00025428                nrf_mesh_dfu_state_get
 .text.errata_57
                0x0002542c       0x34 examples/pb_remote/client/CMakeFiles/pb_remote_client_nrf52832_xxAA_s132_3.1.0.dir/__/__/__/external/nRF5_SDK_14.0.0_3bcc1f7/components/toolchain/system_nrf52.c.obj
 .text.errata_136
                0x00025460       0x40 examples/pb_remote/client/CMakeFiles/pb_remote_client_nrf52832_xxAA_s132_3.1.0.dir/__/__/__/external/nRF5_SDK_14.0.0_3bcc1f7/components/toolchain/system_nrf52.c.obj
 .text.SystemInit
                0x000254a0      0x238 examples/pb_remote/client/CMakeFiles/pb_remote_client_nrf52832_xxAA_s132_3.1.0.dir/__/__/__/external/nRF5_SDK_14.0.0_3bcc1f7/components/toolchain/system_nrf52.c.obj
                0x000254a0                SystemInit
 .text          0x000256d8       0x3c examples/pb_remote/client/CMakeFiles/pb_remote_client_nrf52832_xxAA_s132_3.1.0.dir/__/__/__/external/nRF5_SDK_14.0.0_3bcc1f7/components/toolchain/gcc/gcc_startup_nrf52.S.obj
                0x000256d8                Reset_Handler
                0x00025700                NMI_Handler
                0x00025704                MemoryManagement_Handler
                0x00025706                BusFault_Handler
                0x00025708                UsageFault_Handler
                0x0002570a                SVC_Handler
                0x0002570c                DebugMon_Handler
                0x0002570e                PendSV_Handler
                0x00025710                SysTick_Handler
                0x00025712                POWER_CLOCK_IRQHandler
                0x00025712                RADIO_IRQHandler
                0x00025712                PDM_IRQHandler
                0x00025712                TEMP_IRQHandler
                0x00025712                TIMER3_IRQHandler
                0x00025712                FPU_IRQHandler
                0x00025712                SPIM0_SPIS0_TWIM0_TWIS0_SPI0_TWI0_IRQHandler
                0x00025712                PWM1_IRQHandler
                0x00025712                UARTE0_UART0_IRQHandler
                0x00025712                TIMER4_IRQHandler
                0x00025712                RTC0_IRQHandler
                0x00025712                SWI4_EGU4_IRQHandler
                0x00025712                TIMER0_IRQHandler
                0x00025712                GPIOTE_IRQHandler
                0x00025712                TIMER1_IRQHandler
                0x00025712                PWM2_IRQHandler
                0x00025712                ECB_IRQHandler
                0x00025712                SPIM1_SPIS1_TWIM1_TWIS1_SPI1_TWI1_IRQHandler
                0x00025712                Default_Handler
                0x00025712                SAADC_IRQHandler
                0x00025712                CCM_AAR_IRQHandler
                0x00025712                WDT_IRQHandler
                0x00025712                I2S_IRQHandler
                0x00025712                SWI5_EGU5_IRQHandler
                0x00025712                RNG_IRQHandler
                0x00025712                RTC2_IRQHandler
                0x00025712                PWM0_IRQHandler
                0x00025712                SWI3_EGU3_IRQHandler
                0x00025712                RTC1_IRQHandler
                0x00025712                SWI1_EGU1_IRQHandler
                0x00025712                SPIM2_SPIS2_SPI2_IRQHandler
                0x00025712                NFCT_IRQHandler
                0x00025712                SWI0_EGU0_IRQHandler
                0x00025712                MWU_IRQHandler
                0x00025712                TIMER2_IRQHandler
                0x00025712                COMP_LPCOMP_IRQHandler
 .text.nrf_mesh_configure_device_uuid_reset
                0x00025714       0x28 mesh/core/libmesh_core_nrf52832_xxAA.a(nrf_mesh_configure.c.obj)
                0x00025714                nrf_mesh_configure_device_uuid_reset
 .text.nrf_mesh_configure_device_uuid_get
                0x0002573c        0x8 mesh/core/libmesh_core_nrf52832_xxAA.a(nrf_mesh_configure.c.obj)
                0x0002573c                nrf_mesh_configure_device_uuid_get
 .text.event_handle
                0x00025744       0x30 mesh/core/libmesh_core_nrf52832_xxAA.a(event.c.obj)
                0x00025744                event_handle
 .text.event_handler_add
                0x00025774       0x78 mesh/core/libmesh_core_nrf52832_xxAA.a(event.c.obj)
                0x00025774                event_handler_add
 .text.fifo_init
                0x000257ec       0x50 mesh/core/libmesh_core_nrf52832_xxAA.a(fifo.c.obj)
                0x000257ec                fifo_init
 .text.fifo_push
                0x0002583c       0x50 mesh/core/libmesh_core_nrf52832_xxAA.a(fifo.c.obj)
                0x0002583c                fifo_push
 .text.fifo_pop
                0x0002588c       0x52 mesh/core/libmesh_core_nrf52832_xxAA.a(fifo.c.obj)
                0x0002588c                fifo_pop
 *fill*         0x000258de        0x2 
 .text.flash_mem_available
                0x000258e0       0x20 mesh/core/libmesh_core_nrf52832_xxAA.a(net_state.c.obj)
 .text.flash_store_iv_index
                0x00025900       0x38 mesh/core/libmesh_core_nrf52832_xxAA.a(net_state.c.obj)
 .text.seqnum_block_allocate
                0x00025938       0x48 mesh/core/libmesh_core_nrf52832_xxAA.a(net_state.c.obj)
 .text.flash_write_complete
                0x00025980       0x78 mesh/core/libmesh_core_nrf52832_xxAA.a(net_state.c.obj)
 .text.net_state_recover_from_flash
                0x000259f8       0x84 mesh/core/libmesh_core_nrf52832_xxAA.a(net_state.c.obj)
                0x000259f8                net_state_recover_from_flash
 .text.net_state_flash_area_get
                0x00025a7c        0xc mesh/core/libmesh_core_nrf52832_xxAA.a(net_state.c.obj)
                0x00025a7c                net_state_flash_area_get
 .text.init_flash_storage
                0x00025a88       0x40 mesh/core/libmesh_core_nrf52832_xxAA.a(net_state.c.obj)
 .text.net_state_init
                0x00025ac8       0x48 mesh/core/libmesh_core_nrf52832_xxAA.a(net_state.c.obj)
                0x00025ac8                net_state_init
 .text.net_state_iv_update_start
                0x00025b10       0x64 mesh/core/libmesh_core_nrf52832_xxAA.a(net_state.c.obj)
                0x00025b10                net_state_iv_update_start
 .text.iv_update_trigger_if_pending
                0x00025b74       0x8c mesh/core/libmesh_core_nrf52832_xxAA.a(net_state.c.obj)
 .text.iv_update_timer_handler
                0x00025c00       0x74 mesh/core/libmesh_core_nrf52832_xxAA.a(net_state.c.obj)
 .text.net_state_seqnum_alloc
                0x00025c74       0x68 mesh/core/libmesh_core_nrf52832_xxAA.a(net_state.c.obj)
                0x00025c74                net_state_seqnum_alloc
 .text.net_state_iv_index_lock
                0x00025cdc       0x48 mesh/core/libmesh_core_nrf52832_xxAA.a(net_state.c.obj)
                0x00025cdc                net_state_iv_index_lock
 .text.net_state_beacon_received
                0x00025d24       0x94 mesh/core/libmesh_core_nrf52832_xxAA.a(net_state.c.obj)
                0x00025d24                net_state_beacon_received
 .text.net_state_beacon_iv_index_get
                0x00025db8        0xc mesh/core/libmesh_core_nrf52832_xxAA.a(net_state.c.obj)
                0x00025db8                net_state_beacon_iv_index_get
 .text.net_state_tx_iv_index_get
                0x00025dc4       0x14 mesh/core/libmesh_core_nrf52832_xxAA.a(net_state.c.obj)
                0x00025dc4                net_state_tx_iv_index_get
 .text.net_state_rx_iv_index_get
                0x00025dd8       0x18 mesh/core/libmesh_core_nrf52832_xxAA.a(net_state.c.obj)
                0x00025dd8                net_state_rx_iv_index_get
 .text.net_state_iv_update_get
                0x00025df0        0xc mesh/core/libmesh_core_nrf52832_xxAA.a(net_state.c.obj)
                0x00025df0                net_state_iv_update_get
 .text.nrf_mesh_address_type_get
                0x00025dfc       0x10 mesh/core/libmesh_core_nrf52832_xxAA.a(nrf_mesh_utils.c.obj)
                0x00025dfc                nrf_mesh_address_type_get
 .text.sd_softdevice_is_enabled
                0x00025e0c        0x4 mesh/core/libmesh_core_nrf52832_xxAA.a(nrf_mesh.c.obj)
 .text.nrf_mesh_init
                0x00025e10       0xbc mesh/core/libmesh_core_nrf52832_xxAA.a(nrf_mesh.c.obj)
                0x00025e10                nrf_mesh_init
 .text.nrf_mesh_enable
                0x00025ecc       0x48 mesh/core/libmesh_core_nrf52832_xxAA.a(nrf_mesh.c.obj)
                0x00025ecc                nrf_mesh_enable
 .text.nrf_mesh_packet_send
                0x00025f14        0x4 mesh/core/libmesh_core_nrf52832_xxAA.a(nrf_mesh.c.obj)
                0x00025f14                nrf_mesh_packet_send
 .text.nrf_mesh_process
                0x00025f18      0x1c0 mesh/core/libmesh_core_nrf52832_xxAA.a(nrf_mesh.c.obj)
                0x00025f18                nrf_mesh_process
 .text.nrf_mesh_on_ble_evt
                0x000260d8        0x4 mesh/core/libmesh_core_nrf52832_xxAA.a(nrf_mesh.c.obj)
                0x000260d8                nrf_mesh_on_ble_evt
 .text.nrf_mesh_on_sd_evt
                0x000260dc        0xa mesh/core/libmesh_core_nrf52832_xxAA.a(nrf_mesh.c.obj)
                0x000260dc                nrf_mesh_on_sd_evt
 .text.nrf_mesh_evt_handler_add
                0x000260e6        0x4 mesh/core/libmesh_core_nrf52832_xxAA.a(nrf_mesh.c.obj)
                0x000260e6                nrf_mesh_evt_handler_add
 *fill*         0x000260ea        0x2 
 .text.hal_lfclk_ppm_get
                0x000260ec       0x14 mesh/core/libmesh_core_nrf52832_xxAA.a(hal.c.obj)
                0x000260ec                hal_lfclk_ppm_get
 .text.add_to_add_list
                0x00026100       0x44 mesh/core/libmesh_core_nrf52832_xxAA.a(timer_scheduler.c.obj)
 .text.process_dirty_events
                0x00026144       0x6c mesh/core/libmesh_core_nrf52832_xxAA.a(timer_scheduler.c.obj)
 .text.timer_cb
                0x000261b0        0xc mesh/core/libmesh_core_nrf52832_xxAA.a(timer_scheduler.c.obj)
 .text.add_evt.constprop.0
                0x000261bc       0x68 mesh/core/libmesh_core_nrf52832_xxAA.a(timer_scheduler.c.obj)
 .text.process_add_list
                0x00026224       0x48 mesh/core/libmesh_core_nrf52832_xxAA.a(timer_scheduler.c.obj)
 .text.flag_event_cb
                0x0002626c      0x104 mesh/core/libmesh_core_nrf52832_xxAA.a(timer_scheduler.c.obj)
 .text.timer_sch_init
                0x00026370       0x24 mesh/core/libmesh_core_nrf52832_xxAA.a(timer_scheduler.c.obj)
                0x00026370                timer_sch_init
 .text.timer_sch_schedule
                0x00026394       0x50 mesh/core/libmesh_core_nrf52832_xxAA.a(timer_scheduler.c.obj)
                0x00026394                timer_sch_schedule
 .text.timer_sch_abort
                0x000263e4       0x64 mesh/core/libmesh_core_nrf52832_xxAA.a(timer_scheduler.c.obj)
                0x000263e4                timer_sch_abort
 .text.timer_sch_reschedule
                0x00026448       0x70 mesh/core/libmesh_core_nrf52832_xxAA.a(timer_scheduler.c.obj)
                0x00026448                timer_sch_reschedule
 .text.timer_mut_unlock
                0x000264b8       0x10 mesh/core/libmesh_core_nrf52832_xxAA.a(timer.c.obj)
 .text.timer_order_cb
                0x000264c8       0x94 mesh/core/libmesh_core_nrf52832_xxAA.a(timer.c.obj)
                0x000264c8                timer_order_cb
 .text.timer_now
                0x0002655c       0x48 mesh/core/libmesh_core_nrf52832_xxAA.a(timer.c.obj)
                0x0002655c                timer_now
 .text.timer_event_handler
                0x000265a4       0x90 mesh/core/libmesh_core_nrf52832_xxAA.a(timer.c.obj)
                0x000265a4                timer_event_handler
 .text.timer_on_ts_begin
                0x00026634       0xfc mesh/core/libmesh_core_nrf52832_xxAA.a(timer.c.obj)
                0x00026634                timer_on_ts_begin
 .text.timer_on_ts_end
                0x00026730       0x60 mesh/core/libmesh_core_nrf52832_xxAA.a(timer.c.obj)
                0x00026730                timer_on_ts_end
 .text.timer_cb
                0x00026790       0x10 mesh/core/libmesh_core_nrf52832_xxAA.a(ticker.c.obj)
 .text.ticker_init
                0x000267a0       0x3c mesh/core/libmesh_core_nrf52832_xxAA.a(ticker.c.obj)
                0x000267a0                ticker_init
 .text.sd_rand_application_bytes_available_get
                0x000267dc        0x4 mesh/core/libmesh_core_nrf52832_xxAA.a(rand.c.obj)
 .text.sd_rand_application_vector_get
                0x000267e0        0x4 mesh/core/libmesh_core_nrf52832_xxAA.a(rand.c.obj)
 .text.rand_prng_get
                0x000267e4       0x22 mesh/core/libmesh_core_nrf52832_xxAA.a(rand.c.obj)
                0x000267e4                rand_prng_get
 *fill*         0x00026806        0x2 
 .text.rand_hw_rng_get
                0x00026808       0x50 mesh/core/libmesh_core_nrf52832_xxAA.a(rand.c.obj)
                0x00026808                rand_hw_rng_get
 .text.rand_prng_seed
                0x00026858       0x34 mesh/core/libmesh_core_nrf52832_xxAA.a(rand.c.obj)
                0x00026858                rand_prng_seed
 .text.sd_radio_session_open
                0x0002688c        0x4 mesh/core/libmesh_core_nrf52832_xxAA.a(timeslot.c.obj)
 .text.sd_radio_session_close
                0x00026890        0x4 mesh/core/libmesh_core_nrf52832_xxAA.a(timeslot.c.obj)
 .text.sd_radio_request
                0x00026894        0x4 mesh/core/libmesh_core_nrf52832_xxAA.a(timeslot.c.obj)
 .text.end_timer_handler
                0x00026898       0x24 mesh/core/libmesh_core_nrf52832_xxAA.a(timeslot.c.obj)
 .text.get_end_time.constprop.10
                0x000268bc       0x28 mesh/core/libmesh_core_nrf52832_xxAA.a(timeslot.c.obj)
 .text.handle_extend_end.constprop.3
                0x000268e4       0xc0 mesh/core/libmesh_core_nrf52832_xxAA.a(timeslot.c.obj)
 .text.radio_signal_callback
                0x000269a4      0x14c mesh/core/libmesh_core_nrf52832_xxAA.a(timeslot.c.obj)
 .text.timeslot_sd_event_handler
                0x00026af0       0x44 mesh/core/libmesh_core_nrf52832_xxAA.a(timeslot.c.obj)
                0x00026af0                timeslot_sd_event_handler
 .text.timeslot_init
                0x00026b34       0x48 mesh/core/libmesh_core_nrf52832_xxAA.a(timeslot.c.obj)
                0x00026b34                timeslot_init
 .text.timeslot_start
                0x00026b7c       0x20 mesh/core/libmesh_core_nrf52832_xxAA.a(timeslot.c.obj)
                0x00026b7c                timeslot_start
 .text.timeslot_end_is_pending
                0x00026b9c       0x24 mesh/core/libmesh_core_nrf52832_xxAA.a(timeslot.c.obj)
                0x00026b9c                timeslot_end_is_pending
 .text.timeslot_start_time_get
                0x00026bc0        0xc mesh/core/libmesh_core_nrf52832_xxAA.a(timeslot.c.obj)
                0x00026bc0                timeslot_start_time_get
 .text.timeslot_remaining_time_get
                0x00026bcc       0x20 mesh/core/libmesh_core_nrf52832_xxAA.a(timeslot.c.obj)
                0x00026bcc                timeslot_remaining_time_get
 .text.timeslot_is_in_cb
                0x00026bec        0xc mesh/core/libmesh_core_nrf52832_xxAA.a(timeslot.c.obj)
                0x00026bec                timeslot_is_in_cb
 .text.timeslot_trigger
                0x00026bf8       0x24 mesh/core/libmesh_core_nrf52832_xxAA.a(timeslot.c.obj)
                0x00026bf8                timeslot_trigger
 .text.timeslot_stop
                0x00026c1c       0x10 mesh/core/libmesh_core_nrf52832_xxAA.a(timeslot.c.obj)
                0x00026c1c                timeslot_stop
 .text.timeslot_state_lock
                0x00026c2c       0x28 mesh/core/libmesh_core_nrf52832_xxAA.a(timeslot.c.obj)
                0x00026c2c                timeslot_state_lock
 .text.evt_push
                0x00026c54       0x24 mesh/core/libmesh_core_nrf52832_xxAA.a(bearer_event.c.obj)
 .text.QDEC_IRQHandler
                0x00026c78       0xc4 mesh/core/libmesh_core_nrf52832_xxAA.a(bearer_event.c.obj)
                0x00026c78                QDEC_IRQHandler
 .text.bearer_event_init
                0x00026d3c       0x38 mesh/core/libmesh_core_nrf52832_xxAA.a(bearer_event.c.obj)
                0x00026d3c                bearer_event_init
 .text.bearer_event_timer_post
                0x00026d74       0x30 mesh/core/libmesh_core_nrf52832_xxAA.a(bearer_event.c.obj)
                0x00026d74                bearer_event_timer_post
 .text.bearer_event_critical_section_begin
                0x00026da4       0x44 mesh/core/libmesh_core_nrf52832_xxAA.a(bearer_event.c.obj)
                0x00026da4                bearer_event_critical_section_begin
 .text.bearer_event_critical_section_end
                0x00026de8       0x40 mesh/core/libmesh_core_nrf52832_xxAA.a(bearer_event.c.obj)
                0x00026de8                bearer_event_critical_section_end
 .text.bearer_event_flag_add
                0x00026e28       0x50 mesh/core/libmesh_core_nrf52832_xxAA.a(bearer_event.c.obj)
                0x00026e28                bearer_event_flag_add
 .text.bearer_event_flag_set
                0x00026e78       0x58 mesh/core/libmesh_core_nrf52832_xxAA.a(bearer_event.c.obj)
                0x00026e78                bearer_event_flag_set
 .text.bearer_event_sequential_add
                0x00026ed0       0x44 mesh/core/libmesh_core_nrf52832_xxAA.a(bearer_event.c.obj)
                0x00026ed0                bearer_event_sequential_add
 .text.bearer_event_sequential_post
                0x00026f14       0x64 mesh/core/libmesh_core_nrf52832_xxAA.a(bearer_event.c.obj)
                0x00026f14                bearer_event_sequential_post
 .text.bearer_event_sequential_pending
                0x00026f78       0x1c mesh/core/libmesh_core_nrf52832_xxAA.a(bearer_event.c.obj)
                0x00026f78                bearer_event_sequential_pending
 .text.enc_aes_encrypt
                0x00026f94        0x4 mesh/core/libmesh_core_nrf52832_xxAA.a(enc.c.obj)
                0x00026f94                enc_aes_encrypt
 .text.enc_aes_cmac
                0x00026f98        0x4 mesh/core/libmesh_core_nrf52832_xxAA.a(enc.c.obj)
                0x00026f98                enc_aes_cmac
 .text.enc_aes_ccm_encrypt
                0x00026f9c        0x4 mesh/core/libmesh_core_nrf52832_xxAA.a(enc.c.obj)
                0x00026f9c                enc_aes_ccm_encrypt
 .text.enc_aes_ccm_decrypt
                0x00026fa0        0x4 mesh/core/libmesh_core_nrf52832_xxAA.a(enc.c.obj)
                0x00026fa0                enc_aes_ccm_decrypt
 .text.enc_nonce_generate
                0x00026fa4       0xb8 mesh/core/libmesh_core_nrf52832_xxAA.a(enc.c.obj)
                0x00026fa4                enc_nonce_generate
 .text.enc_s1   0x0002705c       0x38 mesh/core/libmesh_core_nrf52832_xxAA.a(enc.c.obj)
                0x0002705c                enc_s1
 .text.enc_k1   0x00027094       0x48 mesh/core/libmesh_core_nrf52832_xxAA.a(enc.c.obj)
                0x00027094                enc_k1
 .text.enc_k2   0x000270dc       0xd8 mesh/core/libmesh_core_nrf52832_xxAA.a(enc.c.obj)
                0x000270dc                enc_k2
 .text.enc_k3   0x000271b4       0x68 mesh/core/libmesh_core_nrf52832_xxAA.a(enc.c.obj)
                0x000271b4                enc_k3
 .text.enc_k4   0x0002721c       0x60 mesh/core/libmesh_core_nrf52832_xxAA.a(enc.c.obj)
                0x0002721c                enc_k4
 .text.header_transfuscate
                0x0002727c       0x54 mesh/core/libmesh_core_nrf52832_xxAA.a(network.c.obj)
 .text.allocate_packet
                0x000272d0      0x14c mesh/core/libmesh_core_nrf52832_xxAA.a(network.c.obj)
 .text.network_init
                0x0002741c       0x2c mesh/core/libmesh_core_nrf52832_xxAA.a(network.c.obj)
                0x0002741c                network_init
 .text.network_packet_alloc
                0x00027448       0x50 mesh/core/libmesh_core_nrf52832_xxAA.a(network.c.obj)
                0x00027448                network_packet_alloc
 .text.network_packet_send
                0x00027498      0x140 mesh/core/libmesh_core_nrf52832_xxAA.a(network.c.obj)
                0x00027498                network_packet_send
 .text.network_packet_in
                0x000275d8      0x450 mesh/core/libmesh_core_nrf52832_xxAA.a(network.c.obj)
                0x000275d8                network_packet_in
 .text.nrf_mesh_keygen_aid
                0x00027a28       0x12 mesh/core/libmesh_core_nrf52832_xxAA.a(nrf_mesh_keygen.c.obj)
                0x00027a28                nrf_mesh_keygen_aid
 .text.nrf_mesh_keygen_network_secmat
                0x00027a3a       0x20 mesh/core/libmesh_core_nrf52832_xxAA.a(nrf_mesh_keygen.c.obj)
                0x00027a3a                nrf_mesh_keygen_network_secmat
 *fill*         0x00027a5a        0x2 
 .text.nrf_mesh_keygen_beacon_secmat
                0x00027a5c       0x50 mesh/core/libmesh_core_nrf52832_xxAA.a(nrf_mesh_keygen.c.obj)
                0x00027a5c                nrf_mesh_keygen_beacon_secmat
 .text.nrf_mesh_keygen_virtual_address
                0x00027aac       0x50 mesh/core/libmesh_core_nrf52832_xxAA.a(nrf_mesh_keygen.c.obj)
                0x00027aac                nrf_mesh_keygen_virtual_address
 .text.log_callback_rtt
                0x00027afc       0x2c mesh/core/libmesh_core_nrf52832_xxAA.a(log.c.obj)
                0x00027afc                log_callback_rtt
 .text.log_init
                0x00027b28       0x1c mesh/core/libmesh_core_nrf52832_xxAA.a(log.c.obj)
                0x00027b28                log_init
 .text.log_vprintf
                0x00027b44       0x18 mesh/core/libmesh_core_nrf52832_xxAA.a(log.c.obj)
                0x00027b44                log_vprintf
 .text.log_printf
                0x00027b5c       0x18 mesh/core/libmesh_core_nrf52832_xxAA.a(log.c.obj)
                0x00027b5c                log_printf
 .text.get_area_end
                0x00027b74        0xc mesh/core/libmesh_core_nrf52832_xxAA.a(flash_manager.c.obj)
 .text.handle_matches_filter
                0x00027b80       0x26 mesh/core/libmesh_core_nrf52832_xxAA.a(flash_manager.c.obj)
 *fill*         0x00027ba6        0x2 
 .text.get_packet_buffer
                0x00027ba8       0x2c mesh/core/libmesh_core_nrf52832_xxAA.a(flash_manager.c.obj)
 .text.get_entry_action
                0x00027bd4       0x30 mesh/core/libmesh_core_nrf52832_xxAA.a(flash_manager.c.obj)
 .text.flash_area_is_blank
                0x00027c04       0x48 mesh/core/libmesh_core_nrf52832_xxAA.a(flash_manager.c.obj)
 .text.flash    0x00027c4c       0x1c mesh/core/libmesh_core_nrf52832_xxAA.a(flash_manager.c.obj)
 .text.free_packet_buffer
                0x00027c68       0x54 mesh/core/libmesh_core_nrf52832_xxAA.a(flash_manager.c.obj)
 .text.reserve_action_buffer
                0x00027cbc       0x24 mesh/core/libmesh_core_nrf52832_xxAA.a(flash_manager.c.obj)
 .text.commit_action_buffer
                0x00027ce0       0x18 mesh/core/libmesh_core_nrf52832_xxAA.a(flash_manager.c.obj)
 .text.schedule_processing
                0x00027cf8        0xc mesh/core/libmesh_core_nrf52832_xxAA.a(flash_manager.c.obj)
 .text.get_next_entry
                0x00027d04       0x40 mesh/core/libmesh_core_nrf52832_xxAA.a(flash_manager.c.obj)
 .text.get_last_entry.isra.1
                0x00027d44       0x30 mesh/core/libmesh_core_nrf52832_xxAA.a(flash_manager.c.obj)
 .text.process_action_queue
                0x00027d74      0x4e0 mesh/core/libmesh_core_nrf52832_xxAA.a(flash_manager.c.obj)
 .text.flash_op_ended_callback
                0x00028254       0x24 mesh/core/libmesh_core_nrf52832_xxAA.a(flash_manager.c.obj)
 .text.flash_manager_init
                0x00028278       0x68 mesh/core/libmesh_core_nrf52832_xxAA.a(flash_manager.c.obj)
                0x00028278                flash_manager_init
 .text.flash_manager_entry_next_get
                0x000282e0       0x6c mesh/core/libmesh_core_nrf52832_xxAA.a(flash_manager.c.obj)
                0x000282e0                flash_manager_entry_next_get
 .text.flash_manager_entry_alloc
                0x0002834c       0x78 mesh/core/libmesh_core_nrf52832_xxAA.a(flash_manager.c.obj)
                0x0002834c                flash_manager_entry_alloc
 .text.flash_manager_entry_commit
                0x000283c4       0x12 mesh/core/libmesh_core_nrf52832_xxAA.a(flash_manager.c.obj)
                0x000283c4                flash_manager_entry_commit
 *fill*         0x000283d6        0x2 
 .text.flash_manager_entry_invalidate
                0x000283d8       0x64 mesh/core/libmesh_core_nrf52832_xxAA.a(flash_manager.c.obj)
                0x000283d8                flash_manager_entry_invalidate
 .text.flash_manager_add
                0x0002843c      0x248 mesh/core/libmesh_core_nrf52832_xxAA.a(flash_manager.c.obj)
                0x0002843c                flash_manager_add
 .text.flash_manager_mem_listener_register
                0x00028684       0x44 mesh/core/libmesh_core_nrf52832_xxAA.a(flash_manager.c.obj)
                0x00028684                flash_manager_mem_listener_register
 .text.flash_manager_is_stable
                0x000286c8       0x24 mesh/core/libmesh_core_nrf52832_xxAA.a(flash_manager.c.obj)
                0x000286c8                flash_manager_is_stable
 .text.flash_manager_on_defrag_end
                0x000286ec       0x58 mesh/core/libmesh_core_nrf52832_xxAA.a(flash_manager.c.obj)
                0x000286ec                flash_manager_on_defrag_end
 .text.flash_manager_recovery_page_get
                0x00028744        0x4 mesh/core/libmesh_core_nrf52832_xxAA.a(flash_manager.c.obj)
                0x00028744                flash_manager_recovery_page_get
 .text.utils_xor
                0x00028748       0x14 mesh/core/libmesh_core_nrf52832_xxAA.a(ccm_soft.c.obj)
 .text.ccm_soft_authenticate_blocks
                0x0002875c       0x68 mesh/core/libmesh_core_nrf52832_xxAA.a(ccm_soft.c.obj)
 .text.utils_reverse_memcpy.constprop.0
                0x000287c4        0xa mesh/core/libmesh_core_nrf52832_xxAA.a(ccm_soft.c.obj)
 .text.ccm_soft_authenticate
                0x000287ce       0xa0 mesh/core/libmesh_core_nrf52832_xxAA.a(ccm_soft.c.obj)
 .text.ccm_soft_crypt
                0x0002886e       0x6c mesh/core/libmesh_core_nrf52832_xxAA.a(ccm_soft.c.obj)
 .text.ccm_soft_encrypt
                0x000288da       0x70 mesh/core/libmesh_core_nrf52832_xxAA.a(ccm_soft.c.obj)
                0x000288da                ccm_soft_encrypt
 .text.ccm_soft_decrypt
                0x0002894a       0xfe mesh/core/libmesh_core_nrf52832_xxAA.a(ccm_soft.c.obj)
                0x0002894a                ccm_soft_decrypt
 .text.beacon_init
                0x00028a48       0x48 mesh/core/libmesh_core_nrf52832_xxAA.a(beacon.c.obj)
                0x00028a48                beacon_init
 .text.beacon_create
                0x00028a90       0x46 mesh/core/libmesh_core_nrf52832_xxAA.a(beacon.c.obj)
                0x00028a90                beacon_create
 *fill*         0x00028ad6        0x2 
 .text.beacon_tx
                0x00028ad8       0x3c mesh/core/libmesh_core_nrf52832_xxAA.a(beacon.c.obj)
                0x00028ad8                beacon_tx
 .text.beacon_packet_in
                0x00028b14      0x160 mesh/core/libmesh_core_nrf52832_xxAA.a(beacon.c.obj)
                0x00028b14                beacon_packet_in
 .text.entry_get
                0x00028c74       0x88 mesh/core/libmesh_core_nrf52832_xxAA.a(flash_manager_internal.c.obj)
                0x00028c74                entry_get
 .text.adv_tx_complete_callback
                0x00028cfc       0x50 mesh/core/libmesh_core_nrf52832_xxAA.a(core_tx.c.obj)
 .text.core_tx_init
                0x00028d4c       0x4c mesh/core/libmesh_core_nrf52832_xxAA.a(core_tx.c.obj)
                0x00028d4c                core_tx_init
 .text.core_tx_complete_cb_set
                0x00028d98        0xc mesh/core/libmesh_core_nrf52832_xxAA.a(core_tx.c.obj)
                0x00028d98                core_tx_complete_cb_set
 .text.core_tx_packet_alloc
                0x00028da4       0x98 mesh/core/libmesh_core_nrf52832_xxAA.a(core_tx.c.obj)
                0x00028da4                core_tx_packet_alloc
 .text.core_tx_packet_send
                0x00028e3c       0x6c mesh/core/libmesh_core_nrf52832_xxAA.a(core_tx.c.obj)
                0x00028e3c                core_tx_packet_send
 .text.core_tx_packet_discard
                0x00028ea8       0x6c mesh/core/libmesh_core_nrf52832_xxAA.a(core_tx.c.obj)
                0x00028ea8                core_tx_packet_discard
 .text.network_beacon_tx_cb
                0x00028f14       0xe0 mesh/core/libmesh_core_nrf52832_xxAA.a(net_beacon.c.obj)
 .text.net_beacon_init
                0x00028ff4       0x60 mesh/core/libmesh_core_nrf52832_xxAA.a(net_beacon.c.obj)
                0x00028ff4                net_beacon_init
 .text.net_beacon_packet_in
                0x00029054       0xb8 mesh/core/libmesh_core_nrf52832_xxAA.a(net_beacon.c.obj)
                0x00029054                net_beacon_packet_in
 .text.set_gap_addr_type
                0x0002910c       0x34 mesh/core/libmesh_core_nrf52832_xxAA.a(advertiser.c.obj)
 .text.tx_complete_event_callback
                0x00029140       0x3c mesh/core/libmesh_core_nrf52832_xxAA.a(advertiser.c.obj)
 .text.broadcast_complete_cb
                0x0002917c       0x64 mesh/core/libmesh_core_nrf52832_xxAA.a(advertiser.c.obj)
 .text.schedule_first_time
                0x000291e0       0x28 mesh/core/libmesh_core_nrf52832_xxAA.a(advertiser.c.obj)
 .text.timeout_event
                0x00029208      0x130 mesh/core/libmesh_core_nrf52832_xxAA.a(advertiser.c.obj)
 .text.advertiser_init
                0x00029338        0xc mesh/core/libmesh_core_nrf52832_xxAA.a(advertiser.c.obj)
                0x00029338                advertiser_init
 .text.advertiser_enable
                0x00029344       0x2a mesh/core/libmesh_core_nrf52832_xxAA.a(advertiser.c.obj)
                0x00029344                advertiser_enable
 *fill*         0x0002936e        0x2 
 .text.advertiser_packet_alloc
                0x00029370       0x94 mesh/core/libmesh_core_nrf52832_xxAA.a(advertiser.c.obj)
                0x00029370                advertiser_packet_alloc
 .text.advertiser_packet_send
                0x00029404       0x78 mesh/core/libmesh_core_nrf52832_xxAA.a(advertiser.c.obj)
                0x00029404                advertiser_packet_send
 .text.advertiser_packet_discard
                0x0002947c       0x2c mesh/core/libmesh_core_nrf52832_xxAA.a(advertiser.c.obj)
                0x0002947c                advertiser_packet_discard
 .text.advertiser_interval_set
                0x000294a8       0x68 mesh/core/libmesh_core_nrf52832_xxAA.a(advertiser.c.obj)
                0x000294a8                advertiser_interval_set
 .text.advertiser_flush
                0x00029510       0x1e mesh/core/libmesh_core_nrf52832_xxAA.a(advertiser.c.obj)
                0x00029510                advertiser_flush
 *fill*         0x0002952e        0x2 
 .text.advertiser_address_default_get
                0x00029530       0x38 mesh/core/libmesh_core_nrf52832_xxAA.a(advertiser.c.obj)
                0x00029530                advertiser_address_default_get
 .text.advertiser_instance_init
                0x00029568       0xbc mesh/core/libmesh_core_nrf52832_xxAA.a(advertiser.c.obj)
                0x00029568                advertiser_instance_init
 .text.action_switch
                0x00029624       0xc0 mesh/core/libmesh_core_nrf52832_xxAA.a(bearer_handler.c.obj)
 .text.bearer_handler_init
                0x000296e4       0x2c mesh/core/libmesh_core_nrf52832_xxAA.a(bearer_handler.c.obj)
                0x000296e4                bearer_handler_init
 .text.bearer_handler_start
                0x00029710       0x1c mesh/core/libmesh_core_nrf52832_xxAA.a(bearer_handler.c.obj)
                0x00029710                bearer_handler_start
 .text.bearer_handler_action_enqueue
                0x0002972c       0x94 mesh/core/libmesh_core_nrf52832_xxAA.a(bearer_handler.c.obj)
                0x0002972c                bearer_handler_action_enqueue
 .text.bearer_handler_action_end
                0x000297c0       0x78 mesh/core/libmesh_core_nrf52832_xxAA.a(bearer_handler.c.obj)
                0x000297c0                bearer_handler_action_end
 .text.bearer_handler_radio_irq_handler
                0x00029838       0x64 mesh/core/libmesh_core_nrf52832_xxAA.a(bearer_handler.c.obj)
                0x00029838                bearer_handler_radio_irq_handler
 .text.bearer_handler_timer_irq_handler
                0x0002989c       0x30 mesh/core/libmesh_core_nrf52832_xxAA.a(bearer_handler.c.obj)
                0x0002989c                bearer_handler_timer_irq_handler
 .text.bearer_handler_on_ts_begin
                0x000298cc       0x44 mesh/core/libmesh_core_nrf52832_xxAA.a(bearer_handler.c.obj)
                0x000298cc                bearer_handler_on_ts_begin
 .text.bearer_handler_on_ts_end
                0x00029910       0x48 mesh/core/libmesh_core_nrf52832_xxAA.a(bearer_handler.c.obj)
                0x00029910                bearer_handler_on_ts_end
 .text.radio_irq_handler
                0x00029958       0xb0 mesh/core/libmesh_core_nrf52832_xxAA.a(broadcast.c.obj)
 .text.broadcast_start
                0x00029a08       0x8c mesh/core/libmesh_core_nrf52832_xxAA.a(broadcast.c.obj)
 .text.broadcast_send
                0x00029a94       0x80 mesh/core/libmesh_core_nrf52832_xxAA.a(broadcast.c.obj)
                0x00029a94                broadcast_send
 .text.radio_config_reset
                0x00029b14       0x34 mesh/core/libmesh_core_nrf52832_xxAA.a(radio_config.c.obj)
                0x00029b14                radio_config_reset
 .text.radio_config_channel_set
                0x00029b48       0x34 mesh/core/libmesh_core_nrf52832_xxAA.a(radio_config.c.obj)
                0x00029b48                radio_config_channel_set
 .text.radio_config_config
                0x00029b7c       0x80 mesh/core/libmesh_core_nrf52832_xxAA.a(radio_config.c.obj)
                0x00029b7c                radio_config_config
 .text.radio_config_access_addr_set
                0x00029bfc       0x68 mesh/core/libmesh_core_nrf52832_xxAA.a(radio_config.c.obj)
                0x00029bfc                radio_config_access_addr_set
 .text.radio_trigger
                0x00029c64       0x24 mesh/core/libmesh_core_nrf52832_xxAA.a(scanner.c.obj)
 .text.scan_window_end
                0x00029c88       0x10 mesh/core/libmesh_core_nrf52832_xxAA.a(scanner.c.obj)
 .text.scan_window_start
                0x00029c98       0x24 mesh/core/libmesh_core_nrf52832_xxAA.a(scanner.c.obj)
 .text.radio_configure
                0x00029cbc       0x78 mesh/core/libmesh_core_nrf52832_xxAA.a(scanner.c.obj)
 .text.radio_set_packet
                0x00029d34       0x50 mesh/core/libmesh_core_nrf52832_xxAA.a(scanner.c.obj)
 .text.radio_start
                0x00029d84       0x4c mesh/core/libmesh_core_nrf52832_xxAA.a(scanner.c.obj)
 .text.radio_stop
                0x00029dd0       0x30 mesh/core/libmesh_core_nrf52832_xxAA.a(scanner.c.obj)
 .text.schedule_timers
                0x00029e00       0x38 mesh/core/libmesh_core_nrf52832_xxAA.a(scanner.c.obj)
 .text.scanner_radio_start
                0x00029e38       0x28 mesh/core/libmesh_core_nrf52832_xxAA.a(scanner.c.obj)
                0x00029e38                scanner_radio_start
 .text.scanner_radio_stop
                0x00029e60       0x10 mesh/core/libmesh_core_nrf52832_xxAA.a(scanner.c.obj)
                0x00029e60                scanner_radio_stop
 .text.scanner_radio_irq_handler
                0x00029e70      0x124 mesh/core/libmesh_core_nrf52832_xxAA.a(scanner.c.obj)
                0x00029e70                scanner_radio_irq_handler
 .text.scanner_enable
                0x00029f94       0x30 mesh/core/libmesh_core_nrf52832_xxAA.a(scanner.c.obj)
                0x00029f94                scanner_enable
 .text.scanner_packet_release
                0x00029fc4       0x38 mesh/core/libmesh_core_nrf52832_xxAA.a(scanner.c.obj)
                0x00029fc4                scanner_packet_release
 .text.scanner_rx
                0x00029ffc       0x30 mesh/core/libmesh_core_nrf52832_xxAA.a(scanner.c.obj)
                0x00029ffc                scanner_rx
 .text.scanner_config_scan_time_set
                0x0002a02c       0x68 mesh/core/libmesh_core_nrf52832_xxAA.a(scanner.c.obj)
                0x0002a02c                scanner_config_scan_time_set
 .text.scanner_config_channels_set
                0x0002a094       0x64 mesh/core/libmesh_core_nrf52832_xxAA.a(scanner.c.obj)
                0x0002a094                scanner_config_channels_set
 .text.scanner_config_access_addresses_set
                0x0002a0f8       0x44 mesh/core/libmesh_core_nrf52832_xxAA.a(scanner.c.obj)
                0x0002a0f8                scanner_config_access_addresses_set
 .text.scanner_config_reset
                0x0002a13c       0x50 mesh/core/libmesh_core_nrf52832_xxAA.a(scanner.c.obj)
                0x0002a13c                scanner_config_reset
 .text.scanner_init
                0x0002a18c       0x48 mesh/core/libmesh_core_nrf52832_xxAA.a(scanner.c.obj)
                0x0002a18c                scanner_init
 .text.internal_event_push
                0x0002a1d4       0x28 mesh/core/libmesh_core_nrf52832_xxAA.a(internal_event.c.obj)
                0x0002a1d4                internal_event_push
 .text.sd_ecb_block_encrypt
                0x0002a1fc        0x4 mesh/core/libmesh_core_nrf52832_xxAA.a(aes.c.obj)
 .text.aes_encrypt
                0x0002a200       0x32 mesh/core/libmesh_core_nrf52832_xxAA.a(aes.c.obj)
                0x0002a200                aes_encrypt
 *fill*         0x0002a232        0x2 
 .text.msg_cache_init
                0x0002a234       0x24 mesh/core/libmesh_core_nrf52832_xxAA.a(msg_cache.c.obj)
                0x0002a234                msg_cache_init
 .text.msg_cache_entry_exists
                0x0002a258       0x3c mesh/core/libmesh_core_nrf52832_xxAA.a(msg_cache.c.obj)
                0x0002a258                msg_cache_entry_exists
 .text.msg_cache_entry_add
                0x0002a294       0x2c mesh/core/libmesh_core_nrf52832_xxAA.a(msg_cache.c.obj)
                0x0002a294                msg_cache_entry_add
 .text.block_ack_full
                0x0002a2c0       0x28 mesh/core/libmesh_core_nrf52832_xxAA.a(transport.c.obj)
 .text.seqauth_sequence_number_get
                0x0002a2e8       0x12 mesh/core/libmesh_core_nrf52832_xxAA.a(transport.c.obj)
 *fill*         0x0002a2fa        0x2 
 .text.sar_rx_session_mark_as_handled
                0x0002a2fc       0x54 mesh/core/libmesh_core_nrf52832_xxAA.a(transport.c.obj)
 .text.sar_ctx_find
                0x0002a350       0x3c mesh/core/libmesh_core_nrf52832_xxAA.a(transport.c.obj)
 .text.m_send_sar_cancel_event
                0x0002a38c       0x28 mesh/core/libmesh_core_nrf52832_xxAA.a(transport.c.obj)
 .text.tx_complete
                0x0002a3b4       0x34 mesh/core/libmesh_core_nrf52832_xxAA.a(transport.c.obj)
 .text.upper_trs_packet_alloc
                0x0002a3e8       0x2e mesh/core/libmesh_core_nrf52832_xxAA.a(transport.c.obj)
 *fill*         0x0002a416        0x2 
 .text.upper_trs_packet_encrypt
                0x0002a418       0xbc mesh/core/libmesh_core_nrf52832_xxAA.a(transport.c.obj)
 .text.sar_ctx_free
                0x0002a4d4       0x3c mesh/core/libmesh_core_nrf52832_xxAA.a(transport.c.obj)
 .text.sar_ctx_tx_complete
                0x0002a510       0x3c mesh/core/libmesh_core_nrf52832_xxAA.a(transport.c.obj)
 .text.sar_ctx_cancel
                0x0002a54c      0x108 mesh/core/libmesh_core_nrf52832_xxAA.a(transport.c.obj)
 .text.abort_timeout
                0x0002a654        0x8 mesh/core/libmesh_core_nrf52832_xxAA.a(transport.c.obj)
 .text.sar_ctx_alloc
                0x0002a65c       0xb8 mesh/core/libmesh_core_nrf52832_xxAA.a(transport.c.obj)
 .text.test_transport_decrypt
                0x0002a714       0x88 mesh/core/libmesh_core_nrf52832_xxAA.a(transport.c.obj)
 .text.upper_transport_access_packet_in
                0x0002a79c      0x28c mesh/core/libmesh_core_nrf52832_xxAA.a(transport.c.obj)
 .text.trs_packet_header_build
                0x0002aa28       0xa6 mesh/core/libmesh_core_nrf52832_xxAA.a(transport.c.obj)
 *fill*         0x0002aace        0x2 
 .text.trs_sar_packet_out
                0x0002aad0       0xbc mesh/core/libmesh_core_nrf52832_xxAA.a(transport.c.obj)
 .text.retry_timeout
                0x0002ab8c       0x54 mesh/core/libmesh_core_nrf52832_xxAA.a(transport.c.obj)
 .text.sar_ack_send
                0x0002abe0      0x128 mesh/core/libmesh_core_nrf52832_xxAA.a(transport.c.obj)
 .text.ack_timeout
                0x0002ad08       0x34 mesh/core/libmesh_core_nrf52832_xxAA.a(transport.c.obj)
 .text.tx_retry_timer_reset
                0x0002ad3c       0x50 mesh/core/libmesh_core_nrf52832_xxAA.a(transport.c.obj)
 .text.upper_transport_packet_in
                0x0002ad8c      0x164 mesh/core/libmesh_core_nrf52832_xxAA.a(transport.c.obj)
 .text.transport_sar_process
                0x0002aef0       0x70 mesh/core/libmesh_core_nrf52832_xxAA.a(transport.c.obj)
 .text.transport_sar_mem_funcs_reset
                0x0002af60       0x28 mesh/core/libmesh_core_nrf52832_xxAA.a(transport.c.obj)
                0x0002af60                transport_sar_mem_funcs_reset
 .text.transport_init
                0x0002af88       0x78 mesh/core/libmesh_core_nrf52832_xxAA.a(transport.c.obj)
                0x0002af88                transport_init
 .text.transport_packet_in
                0x0002b000      0x4f4 mesh/core/libmesh_core_nrf52832_xxAA.a(transport.c.obj)
                0x0002b000                transport_packet_in
 .text.transport_tx
                0x0002b4f4      0x2ac mesh/core/libmesh_core_nrf52832_xxAA.a(transport.c.obj)
                0x0002b4f4                transport_tx
 .text.m_adjust_desired_packet_length
                0x0002b7a0       0x34 mesh/core/libmesh_core_nrf52832_xxAA.a(packet_buffer.c.obj)
 .text.m_index_increment.part.0
                0x0002b7d4       0x14 mesh/core/libmesh_core_nrf52832_xxAA.a(packet_buffer.c.obj)
 .text.m_free_popped_packet
                0x0002b7e8       0x60 mesh/core/libmesh_core_nrf52832_xxAA.a(packet_buffer.c.obj)
 .text.free_skipped_packets
                0x0002b848       0x1c mesh/core/libmesh_core_nrf52832_xxAA.a(packet_buffer.c.obj)
 .text.packet_buffer_init
                0x0002b864       0xe0 mesh/core/libmesh_core_nrf52832_xxAA.a(packet_buffer.c.obj)
                0x0002b864                packet_buffer_init
 .text.packet_buffer_flush
                0x0002b944       0x5e mesh/core/libmesh_core_nrf52832_xxAA.a(packet_buffer.c.obj)
                0x0002b944                packet_buffer_flush
 *fill*         0x0002b9a2        0x2 
 .text.packet_buffer_reserve
                0x0002b9a4      0x11c mesh/core/libmesh_core_nrf52832_xxAA.a(packet_buffer.c.obj)
                0x0002b9a4                packet_buffer_reserve
 .text.packet_buffer_commit
                0x0002bac0      0x104 mesh/core/libmesh_core_nrf52832_xxAA.a(packet_buffer.c.obj)
                0x0002bac0                packet_buffer_commit
 .text.packet_buffer_pop
                0x0002bbc4       0x58 mesh/core/libmesh_core_nrf52832_xxAA.a(packet_buffer.c.obj)
                0x0002bbc4                packet_buffer_pop
 .text.packet_buffer_can_pop
                0x0002bc1c       0x28 mesh/core/libmesh_core_nrf52832_xxAA.a(packet_buffer.c.obj)
                0x0002bc1c                packet_buffer_can_pop
 .text.packet_buffer_packets_ready_to_pop
                0x0002bc44       0x58 mesh/core/libmesh_core_nrf52832_xxAA.a(packet_buffer.c.obj)
                0x0002bc44                packet_buffer_packets_ready_to_pop
 .text.packet_buffer_free
                0x0002bc9c       0x8c mesh/core/libmesh_core_nrf52832_xxAA.a(packet_buffer.c.obj)
                0x0002bc9c                packet_buffer_free
 .text.get_last_page
                0x0002bd28       0x14 mesh/core/libmesh_core_nrf52832_xxAA.a(flash_manager_defrag.c.obj)
 .text.defrag_on_end
                0x0002bd3c       0x1c mesh/core/libmesh_core_nrf52832_xxAA.a(flash_manager_defrag.c.obj)
 .text.execute_procedure_step
                0x0002bd58       0xa0 mesh/core/libmesh_core_nrf52832_xxAA.a(flash_manager_defrag.c.obj)